Archive member included to satisfy reference by file (symbol)

.\CortexM3\ARM_GCC_541\Debug\EmulatedFunctionGenerator.a(WaveDAC8_1.o)
                              .\CortexM3\ARM_GCC_541\Debug\main.o (WaveDAC8_1_Start)
.\CortexM3\ARM_GCC_541\Debug\EmulatedFunctionGenerator.a(ADC_DelSig_1.o)
                              .\CortexM3\ARM_GCC_541\Debug\main.o (ADC_DelSig_1_Start)
.\CortexM3\ARM_GCC_541\Debug\EmulatedFunctionGenerator.a(ADC_DelSig_1_INT.o)
                              .\CortexM3\ARM_GCC_541\Debug\EmulatedFunctionGenerator.a(ADC_DelSig_1.o) (ADC_DelSig_1_ISR1)
.\CortexM3\ARM_GCC_541\Debug\EmulatedFunctionGenerator.a(WaveDAC8_1_DacClk.o)
                              .\CortexM3\ARM_GCC_541\Debug\EmulatedFunctionGenerator.a(WaveDAC8_1.o) (WaveDAC8_1_DacClk_Start)
.\CortexM3\ARM_GCC_541\Debug\EmulatedFunctionGenerator.a(WaveDAC8_1_Wave1_DMA_dma.o)
                              .\CortexM3\ARM_GCC_541\Debug\EmulatedFunctionGenerator.a(WaveDAC8_1.o) (WaveDAC8_1_Wave1_DMA_DmaInitialize)
.\CortexM3\ARM_GCC_541\Debug\EmulatedFunctionGenerator.a(WaveDAC8_1_Wave2_DMA_dma.o)
                              .\CortexM3\ARM_GCC_541\Debug\EmulatedFunctionGenerator.a(WaveDAC8_1.o) (WaveDAC8_1_Wave2_DMA_DmaInitialize)
.\CortexM3\ARM_GCC_541\Debug\EmulatedFunctionGenerator.a(WaveDAC8_1_VDAC8.o)
                              .\CortexM3\ARM_GCC_541\Debug\EmulatedFunctionGenerator.a(WaveDAC8_1.o) (WaveDAC8_1_VDAC8_Enable)
.\CortexM3\ARM_GCC_541\Debug\EmulatedFunctionGenerator.a(ADC_DelSig_1_AMux.o)
                              .\CortexM3\ARM_GCC_541\Debug\EmulatedFunctionGenerator.a(ADC_DelSig_1.o) (ADC_DelSig_1_AMux_Select)
.\CortexM3\ARM_GCC_541\Debug\EmulatedFunctionGenerator.a(ADC_DelSig_1_Ext_CP_Clk.o)
                              .\CortexM3\ARM_GCC_541\Debug\EmulatedFunctionGenerator.a(ADC_DelSig_1.o) (ADC_DelSig_1_Ext_CP_Clk_SetModeRegister)
.\CortexM3\ARM_GCC_541\Debug\EmulatedFunctionGenerator.a(ADC_DelSig_1_IRQ.o)
                              .\CortexM3\ARM_GCC_541\Debug\main.o (ADC_DelSig_1_IRQ_Enable)
.\CortexM3\ARM_GCC_541\Debug\EmulatedFunctionGenerator.a(ADC_DelSig_1_theACLK.o)
                              .\CortexM3\ARM_GCC_541\Debug\EmulatedFunctionGenerator.a(ADC_DelSig_1.o) (ADC_DelSig_1_theACLK_SetModeRegister)
.\CortexM3\ARM_GCC_541\Debug\EmulatedFunctionGenerator.a(CyDmac.o)
                              .\CortexM3\ARM_GCC_541\Debug\Cm3Start.o (CyDmacConfigure)
.\CortexM3\ARM_GCC_541\Debug\EmulatedFunctionGenerator.a(CyLib.o)
                              .\CortexM3\ARM_GCC_541\Debug\Cm3Start.o (CyHalt)
.\CortexM3\ARM_GCC_541\Debug\EmulatedFunctionGenerator.a(cyPm.o)
                              .\CortexM3\ARM_GCC_541\Debug\EmulatedFunctionGenerator.a(CyLib.o) (CyPmReadStatus)
.\CortexM3\ARM_GCC_541\Debug\EmulatedFunctionGenerator.a(Timer_1.o)
                              .\CortexM3\ARM_GCC_541\Debug\main.o (Timer_1_Enable)
.\CortexM3\ARM_GCC_541\Debug\EmulatedFunctionGenerator.a(TimerInterrupt.o)
                              .\CortexM3\ARM_GCC_541\Debug\main.o (TimerInterrupt_Start)
.\CortexM3\ARM_GCC_541\Debug\EmulatedFunctionGenerator.a(LabVIEW_UART.o)
                              .\CortexM3\ARM_GCC_541\Debug\main.o (LabVIEW_UART_GetByte)
.\CortexM3\ARM_GCC_541\Debug\EmulatedFunctionGenerator.a(LEDDrive.o)
                              .\CortexM3\ARM_GCC_541\Debug\main.o (LEDDrive_Write)
.\CortexM3\ARM_GCC_541\Debug\EmulatedFunctionGenerator.a(ByteCounter.o)
                              .\CortexM3\ARM_GCC_541\Debug\main.o (ByteCounter_ReadStatusRegister)
.\CortexM3\ARM_GCC_541\Debug\EmulatedFunctionGenerator.a(LabVIEW_UART_IntClock.o)
                              .\CortexM3\ARM_GCC_541\Debug\EmulatedFunctionGenerator.a(LabVIEW_UART.o) (LabVIEW_UART_IntClock_Start)
.\CortexM3\ARM_GCC_541\Debug\EmulatedFunctionGenerator.a(CyBootAsmGnu.o)
                              .\CortexM3\ARM_GCC_541\Debug\cyfitter_cfg.o (CyDelayCycles)
.\CortexM3\ARM_GCC_541\Debug\EmulatedFunctionGenerator.a(CyFlash.o)
                              .\CortexM3\ARM_GCC_541\Debug\EmulatedFunctionGenerator.a(cyPm.o) (CyFlash_SetWaitCycles)
.\CortexM3\ARM_GCC_541\Debug\EmulatedFunctionGenerator.a(CySpc.o)
                              .\CortexM3\ARM_GCC_541\Debug\EmulatedFunctionGenerator.a(CyFlash.o) (CySpcStart)
c:/program files (x86)/cypress/psoc creator/4.2/psoc creator/import/gnu/arm/5.4.1/bin/../lib/gcc/arm-none-eabi/5.4.1/armv7-m\libgcc.a(_arm_addsubdf3.o)
                              .\CortexM3\ARM_GCC_541\Debug\EmulatedFunctionGenerator.a(ADC_DelSig_1.o) (__aeabi_f2d)
c:/program files (x86)/cypress/psoc creator/4.2/psoc creator/import/gnu/arm/5.4.1/bin/../lib/gcc/arm-none-eabi/5.4.1/armv7-m\libgcc.a(_arm_cmpdf2.o)
                              .\CortexM3\ARM_GCC_541\Debug\EmulatedFunctionGenerator.a(ADC_DelSig_1.o) (__aeabi_dcmpgt)
c:/program files (x86)/cypress/psoc creator/4.2/psoc creator/import/gnu/arm/5.4.1/bin/../lib/gcc/arm-none-eabi/5.4.1/armv7-m\libgcc.a(_arm_addsubsf3.o)
[...]
Memory Configuration

Name             Origin             Length             Attributes
rom              0x00000000         0x00040000         xr
ram              0x1fff8000         0x00010000         xrw
*default*        0x00000000         0xffffffff

Linker script and memory map

LOAD c:/program files (x86)/cypress/psoc creator/4.2/psoc creator/import/gnu/arm/5.4.1/bin/../lib/gcc/arm-none-eabi/5.4.1/armv7-m/crti.o
LOAD c:/program files (x86)/cypress/psoc creator/4.2/psoc creator/import/gnu/arm/5.4.1/bin/../lib/gcc/arm-none-eabi/5.4.1/armv7-m/crtbegin.o
LOAD c:/program files (x86)/cypress/psoc creator/4.2/psoc creator/import/gnu/arm/5.4.1/bin/../lib/gcc/arm-none-eabi/5.4.1/../../../../arm-none-eabi/lib/armv7-m/crt0.o
START GROUP
LOAD .\CortexM3\ARM_GCC_541\Debug\main.o
LOAD .\CortexM3\ARM_GCC_541\Debug\cyfitter_cfg.o
LOAD .\CortexM3\ARM_GCC_541\Debug\cymetadata.o
LOAD .\CortexM3\ARM_GCC_541\Debug\Cm3Start.o
LOAD .\CortexM3\ARM_GCC_541\Debug\EmulatedFunctionGenerator.a
LOAD C:\Program Files (x86)\Cypress\PSoC Creator\4.2\PSoC Creator\psoc\content\cycomponentlibrary\CyComponentLibrary.cylib\CortexM3\ARM_GCC_541\Debug\CyComponentLibrary.a
END GROUP
START GROUP
LOAD c:/program files (x86)/cypress/psoc creator/4.2/psoc creator/import/gnu/arm/5.4.1/bin/../lib/gcc/arm-none-eabi/5.4.1/armv7-m\libgcc.a
LOAD c:/program files (x86)/cypress/psoc creator/4.2/psoc creator/import/gnu/arm/5.4.1/bin/../lib/gcc/arm-none-eabi/5.4.1/../../../../arm-none-eabi/lib/armv7-m\libg_nano.a
LOAD c:/program files (x86)/cypress/psoc creator/4.2/psoc creator/import/gnu/arm/5.4.1/bin/../lib/gcc/arm-none-eabi/5.4.1/../../../../arm-none-eabi/lib/armv7-m\libc_nano.a
END GROUP
START GROUP
LOAD c:/program files (x86)/cypress/psoc creator/4.2/psoc creator/import/gnu/arm/5.4.1/bin/../lib/gcc/arm-none-eabi/5.4.1/armv7-m\libgcc.a
LOAD c:/program files (x86)/cypress/psoc creator/4.2/psoc creator/import/gnu/arm/5.4.1/bin/../lib/gcc/arm-none-eabi/5.4.1/../../../../arm-none-eabi/lib/armv7-m\libc_nano.a
END GROUP
LOAD c:/program files (x86)/cypress/psoc creator/4.2/psoc creator/import/gnu/arm/5.4.1/bin/../lib/gcc/arm-none-eabi/5.4.1/armv7-m/crtend.o
LOAD c:/program files (x86)/cypress/psoc creator/4.2/psoc creator/import/gnu/arm/5.4.1/bin/../lib/gcc/arm-none-eabi/5.4.1/armv7-m/crtn.o
START GROUP
LOAD c:/program files (x86)/cypress/psoc creator/4.2/psoc creator/import/gnu/arm/5.4.1/bin/../lib/gcc/arm-none-eabi/5.4.1/armv7-m\libgcc.a
LOAD c:/program files (x86)/cypress/psoc creator/4.2/psoc creator/import/gnu/arm/5.4.1/bin/../lib/gcc/arm-none-eabi/5.4.1/../../../../arm-none-eabi/lib/armv7-m\libc.a
LOAD c:/program files (x86)/cypress/psoc creator/4.2/psoc creator/import/gnu/arm/5.4.1/bin/../lib/gcc/arm-none-eabi/5.4.1/../../../../arm-none-eabi/lib/armv7-m\libnosys.a
END GROUP
                0x00000000                CY_APPL_ORIGIN = 0x0
                0x00000100                CY_FLASH_ROW_SIZE = 0x100
                0x00000020                CY_ECC_ROW_SIZE = 0x20
                0x00000000                CY_EE_IN_BTLDR = 0x0
                0x00000000                CY_APPL_LOADABLE = 0x0
                0x00000800                CY_EE_SIZE = 0x800
                0x00000001                CY_APPL_NUM = 0x1
                0x00000001                CY_APPL_MAX = 0x1
                0x00000040                CY_METADATA_SIZE = 0x40
                0x00000000                CY_APPL_LOADABLE = 0x0
                0x00000000                CY_CHECKSUM_EXCLUDE_SIZE = ALIGN (0x0, CY_FLASH_ROW_SIZE)
                [!provide]                PROVIDE (__cy_heap_start, _end)
                0x00000001                PROVIDE (__cy_region_num, ((__cy_regions_end - __cy_regions) / 0x10))
                0x20008000                PROVIDE (__cy_stack, (ORIGIN (ram) + LENGTH (ram)))
                [!provide]                PROVIDE (__cy_heap_end, (__cy_stack - 0x800))

.cybootloader   0x00000000        0x0
 *(.cybootloader)
                0x00000000                appl1_start = CY_APPL_ORIGIN?CY_APPL_ORIGIN:ALIGN (CY_FLASH_ROW_SIZE)
                0x0001ff00                appl2_start = (appl1_start + ALIGN ((((LENGTH (rom) - appl1_start) - (0x2 * CY_FLASH_ROW_SIZE)) / 0x2), CY_FLASH_ROW_SIZE))
                0x00000000                appl_start = (CY_APPL_NUM == 0x1)?appl1_start:appl2_start
                0x00000000                ecc_offset = ((appl_start / CY_FLASH_ROW_SIZE) * CY_ECC_ROW_SIZE)
                0x00000000                ee_offset = (CY_APPL_LOADABLE && ! (CY_EE_IN_BTLDR))?((CY_EE_SIZE / CY_APPL_MAX) * (CY_APPL_NUM - 0x1)):0x0
                0x00000800                ee_size = (CY_APPL_LOADABLE && ! (CY_EE_IN_BTLDR))?(CY_EE_SIZE / CY_APPL_MAX):CY_EE_SIZE
                [!provide]                PROVIDE (CY_ECC_OFFSET, ecc_offset)

.text           0x00000000     0x1486
 CREATE_OBJECT_SYMBOLS
                0x00000000                PROVIDE (__cy_interrupt_vector, RomVectors)
 *(.romvectors)
 .romvectors    0x00000000       0x10 .\CortexM3\ARM_GCC_541\Debug\Cm3Start.o
                0x00000000                RomVectors
                0x00000001                ASSERT ((. != __cy_interrupt_vector), No interrupt vector)
                0x00000001                ASSERT (CY_APPL_ORIGIN?(SIZEOF (.cybootloader) <= CY_APPL_ORIGIN):0x1, Wrong image location)
                0x00000010                PROVIDE (__cy_reset, Reset)
 *(.text.Reset)
 .text.Reset    0x00000010       0x18 .\CortexM3\ARM_GCC_541\Debug\Cm3Start.o
                0x00000010                Reset
                0x00000001                ASSERT ((. != __cy_reset), No reset code)
 *(.dma_init)
                0x00000001                ASSERT ((((appl_start + .) <= 0x10000) || 0x1), DMA Init must be within the first 64k of flash)
 *(.text .text.* .gnu.linkonce.t.*)
 .text          0x00000028       0x5c c:/program files (x86)/cypress/psoc creator/4.2/psoc creator/import/gnu/arm/5.4.1/bin/../lib/gcc/arm-none-eabi/5.4.1/armv7-m/crtbegin.o
 .text.TimerInterrupt
                0x00000084       0x64 .\CortexM3\ARM_GCC_541\Debug\main.o
                0x00000084                TimerInterrupt
 .text.main     0x000000e8       0x2c .\CortexM3\ARM_GCC_541\Debug\main.o
                0x000000e8                main
 .text.CyClockStartupError
                0x00000114        0x4 .\CortexM3\ARM_GCC_541\Debug\cyfitter_cfg.o
 .text.cfg_write_bytes32
                0x00000118       0x34 .\CortexM3\ARM_GCC_541\Debug\cyfitter_cfg.o
 .text.AnalogSetDefault
                0x0000014c       0x44 .\CortexM3\ARM_GCC_541\Debug\cyfitter_cfg.o
 .text.CYMEMZERO
                0x00000190        0xc .\CortexM3\ARM_GCC_541\Debug\cyfitter_cfg.o
 .text.CYCONFIGCPY
                0x0000019c        0x8 .\CortexM3\ARM_GCC_541\Debug\cyfitter_cfg.o
 .text.ClockSetup
                0x000001a4       0xfc .\CortexM3\ARM_GCC_541\Debug\cyfitter_cfg.o
 .text.ADC_DelSig_1_AMux_Set
                0x000002a0       0x1c .\CortexM3\ARM_GCC_541\Debug\cyfitter_cfg.o
                0x000002a0                ADC_DelSig_1_AMux_Set
 .text.ADC_DelSig_1_AMux_Unset
                0x000002bc       0x1c .\CortexM3\ARM_GCC_541\Debug\cyfitter_cfg.o
                0x000002bc                ADC_DelSig_1_AMux_Unset
 .text.cyfitter_cfg
                0x000002d8      0x17c .\CortexM3\ARM_GCC_541\Debug\cyfitter_cfg.o
                0x000002d8                cyfitter_cfg
 .text.IntDefaultHandler
                0x00000454       0x10 .\CortexM3\ARM_GCC_541\Debug\Cm3Start.o
                0x00000454                IntDefaultHandler
 .text.Start_c  0x00000464       0x4c .\CortexM3\ARM_GCC_541\Debug\Cm3Start.o
                0x00000464                Start_c
 .text.initialize_psoc
                0x000004b0       0x6c .\CortexM3\ARM_GCC_541\Debug\Cm3Start.o
                0x000004b0                initialize_psoc
 .text.WaveDAC8_1_Enable
                0x0000051c       0x28 .\CortexM3\ARM_GCC_541\Debug\EmulatedFunctionGenerator.a(WaveDAC8_1.o)
                0x0000051c                WaveDAC8_1_Enable
 .text.WaveDAC8_1_Wave1Setup
                0x00000544       0x40 .\CortexM3\ARM_GCC_541\Debug\EmulatedFunctionGenerator.a(WaveDAC8_1.o)
                0x00000544                WaveDAC8_1_Wave1Setup
 .text.WaveDAC8_1_Wave2Setup
                0x00000584       0x40 .\CortexM3\ARM_GCC_541\Debug\EmulatedFunctionGenerator.a(WaveDAC8_1.o)
                0x00000584                WaveDAC8_1_Wave2Setup
 .text.WaveDAC8_1_Init
                0x000005c4       0x3c .\CortexM3\ARM_GCC_541\Debug\EmulatedFunctionGenerator.a(WaveDAC8_1.o)
                0x000005c4                WaveDAC8_1_Init
 .text.WaveDAC8_1_Start
                0x00000600       0x1c .\CortexM3\ARM_GCC_541\Debug\EmulatedFunctionGenerator.a(WaveDAC8_1.o)
                0x00000600                WaveDAC8_1_Start
 .text.ADC_DelSig_1_GainCompensation
                0x0000061c       0xe0 .\CortexM3\ARM_GCC_541\Debug\EmulatedFunctionGenerator.a(ADC_DelSig_1.o)
 .text.ADC_DelSig_1_SetDSMRef0Reg
                0x000006fc       0x4c .\CortexM3\ARM_GCC_541\Debug\EmulatedFunctionGenerator.a(ADC_DelSig_1.o)
 .text.ADC_DelSig_1_InitConfig
                0x00000748      0x32c .\CortexM3\ARM_GCC_541\Debug\EmulatedFunctionGenerator.a(ADC_DelSig_1.o)
 .text.ADC_DelSig_1_Init
                0x00000a74      0x108 .\CortexM3\ARM_GCC_541\Debug\EmulatedFunctionGenerator.a(ADC_DelSig_1.o)
                0x00000a74                ADC_DelSig_1_Init
 .text.ADC_DelSig_1_Enable
                0x00000b7c       0xd8 .\CortexM3\ARM_GCC_541\Debug\EmulatedFunctionGenerator.a(ADC_DelSig_1.o)
                0x00000b7c                ADC_DelSig_1_Enable
 .text.ADC_DelSig_1_Start
                0x00000c54       0x28 .\CortexM3\ARM_GCC_541\Debug\EmulatedFunctionGenerator.a(ADC_DelSig_1.o)
                0x00000c54                ADC_DelSig_1_Start
 .text.ADC_DelSig_1_StartConvert
                0x00000c7c       0x10 .\CortexM3\ARM_GCC_541\Debug\EmulatedFunctionGenerator.a(ADC_DelSig_1.o)
                0x00000c7c                ADC_DelSig_1_StartConvert
 .text.ADC_DelSig_1_IsEndConversion
                0x00000c8c       0x30 .\CortexM3\ARM_GCC_541\Debug\EmulatedFunctionGenerator.a(ADC_DelSig_1.o)
                0x00000c8c                ADC_DelSig_1_IsEndConversion
 .text.ADC_DelSig_1_GetResult16
                0x00000cbc       0x50 .\CortexM3\ARM_GCC_541\Debug\EmulatedFunctionGenerator.a(ADC_DelSig_1.o)
                0x00000cbc                ADC_DelSig_1_GetResult16
 .text.ADC_DelSig_1_ISR1
                0x00000d0c        0x4 .\CortexM3\ARM_GCC_541\Debug\EmulatedFunctionGenerator.a(ADC_DelSig_1_INT.o)
                0x00000d0c                ADC_DelSig_1_ISR1
 .text.ADC_DelSig_1_ISR2
                0x00000d10        0x4 .\CortexM3\ARM_GCC_541\Debug\EmulatedFunctionGenerator.a(ADC_DelSig_1_INT.o)
                0x00000d10                ADC_DelSig_1_ISR2
 .text.ADC_DelSig_1_ISR3
                0x00000d14        0x4 .\CortexM3\ARM_GCC_541\Debug\EmulatedFunctionGenerator.a(ADC_DelSig_1_INT.o)
                0x00000d14                ADC_DelSig_1_ISR3
 .text.ADC_DelSig_1_ISR4
                0x00000d18        0x4 .\CortexM3\ARM_GCC_541\Debug\EmulatedFunctionGenerator.a(ADC_DelSig_1_INT.o)
                0x00000d18                ADC_DelSig_1_ISR4
 .text.WaveDAC8_1_DacClk_Start
                0x00000d1c       0x1c .\CortexM3\ARM_GCC_541\Debug\EmulatedFunctionGenerator.a(WaveDAC8_1_DacClk.o)
                0x00000d1c                WaveDAC8_1_DacClk_Start
 .text.WaveDAC8_1_Wave1_DMA_DmaInitialize
                0x00000d38       0x3c .\CortexM3\ARM_GCC_541\Debug\EmulatedFunctionGenerator.a(WaveDAC8_1_Wave1_DMA_dma.o)
                0x00000d38                WaveDAC8_1_Wave1_DMA_DmaInitialize
 .text.WaveDAC8_1_Wave2_DMA_DmaInitialize
                0x00000d74       0x3c .\CortexM3\ARM_GCC_541\Debug\EmulatedFunctionGenerator.a(WaveDAC8_1_Wave2_DMA_dma.o)
                0x00000d74                WaveDAC8_1_Wave2_DMA_DmaInitialize
 .text.WaveDAC8_1_VDAC8_Enable
                0x00000db0       0x1c .\CortexM3\ARM_GCC_541\Debug\EmulatedFunctionGenerator.a(WaveDAC8_1_VDAC8.o)
                0x00000db0                WaveDAC8_1_VDAC8_Enable
 .text.WaveDAC8_1_VDAC8_SetSpeed
                0x00000dcc       0x1c .\CortexM3\ARM_GCC_541\Debug\EmulatedFunctionGenerator.a(WaveDAC8_1_VDAC8.o)
                0x00000dcc                WaveDAC8_1_VDAC8_SetSpeed
 .text.WaveDAC8_1_VDAC8_SetValue
                0x00000de8        0xc .\CortexM3\ARM_GCC_541\Debug\EmulatedFunctionGenerator.a(WaveDAC8_1_VDAC8.o)
                0x00000de8                WaveDAC8_1_VDAC8_SetValue
 .text.WaveDAC8_1_VDAC8_DacTrim
                0x00000df4       0x24 .\CortexM3\ARM_GCC_541\Debug\EmulatedFunctionGenerator.a(WaveDAC8_1_VDAC8.o)
                0x00000df4                WaveDAC8_1_VDAC8_DacTrim
 .text.WaveDAC8_1_VDAC8_SetRange
                0x00000e18       0x20 .\CortexM3\ARM_GCC_541\Debug\EmulatedFunctionGenerator.a(WaveDAC8_1_VDAC8.o)
                0x00000e18                WaveDAC8_1_VDAC8_SetRange
 .text.WaveDAC8_1_VDAC8_Init
                0x00000e38       0x2c .\CortexM3\ARM_GCC_541\Debug\EmulatedFunctionGenerator.a(WaveDAC8_1_VDAC8.o)
                0x00000e38                WaveDAC8_1_VDAC8_Init
 .text.ADC_DelSig_1_AMux_Start
                0x00000e64       0x20 .\CortexM3\ARM_GCC_541\Debug\EmulatedFunctionGenerator.a(ADC_DelSig_1_AMux.o)
                0x00000e64                ADC_DelSig_1_AMux_Start
 .text.ADC_DelSig_1_AMux_Select
                0x00000e84       0x18 .\CortexM3\ARM_GCC_541\Debug\EmulatedFunctionGenerator.a(ADC_DelSig_1_AMux.o)
                0x00000e84                ADC_DelSig_1_AMux_Select
 .text.ADC_DelSig_1_Ext_CP_Clk_GetDividerRegister
                0x00000e9c        0xc .\CortexM3\ARM_GCC_541\Debug\EmulatedFunctionGenerator.a(ADC_DelSig_1_Ext_CP_Clk.o)
                0x00000e9c                ADC_DelSig_1_Ext_CP_Clk_GetDividerRegister
 .text.ADC_DelSig_1_Ext_CP_Clk_SetModeRegister
                0x00000ea8       0x14 .\CortexM3\ARM_GCC_541\Debug\EmulatedFunctionGenerator.a(ADC_DelSig_1_Ext_CP_Clk.o)
                0x00000ea8                ADC_DelSig_1_Ext_CP_Clk_SetModeRegister
 .text.ADC_DelSig_1_Ext_CP_Clk_GetSourceRegister
                0x00000ebc       0x10 .\CortexM3\ARM_GCC_541\Debug\EmulatedFunctionGenerator.a(ADC_DelSig_1_Ext_CP_Clk.o)
                0x00000ebc                ADC_DelSig_1_Ext_CP_Clk_GetSourceRegister
 .text.ADC_DelSig_1_Ext_CP_Clk_SetDividerRegister
                0x00000ecc       0xd8 .\CortexM3\ARM_GCC_541\Debug\EmulatedFunctionGenerator.a(ADC_DelSig_1_Ext_CP_Clk.o)
                0x00000ecc                ADC_DelSig_1_Ext_CP_Clk_SetDividerRegister
 .text.ADC_DelSig_1_IRQ_Enable
                0x00000fa4       0x10 .\CortexM3\ARM_GCC_541\Debug\EmulatedFunctionGenerator.a(ADC_DelSig_1_IRQ.o)
                0x00000fa4                ADC_DelSig_1_IRQ_Enable
 .text.ADC_DelSig_1_theACLK_GetDividerRegister
                0x00000fb4        0xc .\CortexM3\ARM_GCC_541\Debug\EmulatedFunctionGenerator.a(ADC_DelSig_1_theACLK.o)
                0x00000fb4                ADC_DelSig_1_theACLK_GetDividerRegister
 .text.ADC_DelSig_1_theACLK_SetModeRegister
                0x00000fc0       0x14 .\CortexM3\ARM_GCC_541\Debug\EmulatedFunctionGenerator.a(ADC_DelSig_1_theACLK.o)
                0x00000fc0                ADC_DelSig_1_theACLK_SetModeRegister
 .text.ADC_DelSig_1_theACLK_GetSourceRegister
                0x00000fd4       0x10 .\CortexM3\ARM_GCC_541\Debug\EmulatedFunctionGenerator.a(ADC_DelSig_1_theACLK.o)
                0x00000fd4                ADC_DelSig_1_theACLK_GetSourceRegister
 .text.ADC_DelSig_1_theACLK_SetDividerRegister
                0x00000fe4       0xd8 .\CortexM3\ARM_GCC_541\Debug\EmulatedFunctionGenerator.a(ADC_DelSig_1_theACLK.o)
                0x00000fe4                ADC_DelSig_1_theACLK_SetDividerRegister
 .text.CyDmacConfigure
                0x000010bc       0x34 .\CortexM3\ARM_GCC_541\Debug\EmulatedFunctionGenerator.a(CyDmac.o)
                0x000010bc                CyDmacConfigure
 .text.CyDmaChEnable
                0x000010f0       0x38 .\CortexM3\ARM_GCC_541\Debug\EmulatedFunctionGenerator.a(CyDmac.o)
                0x000010f0                CyDmaChEnable
 .text.CyDmaChPriority
                0x00001128       0x24 .\CortexM3\ARM_GCC_541\Debug\EmulatedFunctionGenerator.a(CyDmac.o)
                0x00001128                CyDmaChPriority
 .text.CyDmaChSetExtendedAddress
                0x0000114c       0x34 .\CortexM3\ARM_GCC_541\Debug\EmulatedFunctionGenerator.a(CyDmac.o)
                0x0000114c                CyDmaChSetExtendedAddress
 .text.CyDmaChSetInitialTd
                0x00001180       0x18 .\CortexM3\ARM_GCC_541\Debug\EmulatedFunctionGenerator.a(CyDmac.o)
                0x00001180                CyDmaChSetInitialTd
 .text.CyDmaChSetConfiguration
                0x00001198       0x44 .\CortexM3\ARM_GCC_541\Debug\EmulatedFunctionGenerator.a(CyDmac.o)
                0x00001198                CyDmaChSetConfiguration
 .text.CyDmaTdAllocate
                0x000011dc       0x34 .\CortexM3\ARM_GCC_541\Debug\EmulatedFunctionGenerator.a(CyDmac.o)
                0x000011dc                CyDmaTdAllocate
 .text.CyDmaTdSetConfiguration
                0x00001210       0x28 .\CortexM3\ARM_GCC_541\Debug\EmulatedFunctionGenerator.a(CyDmac.o)
                0x00001210                CyDmaTdSetConfiguration
 .text.CyDmaTdSetAddress
                0x00001238       0x1c .\CortexM3\ARM_GCC_541\Debug\EmulatedFunctionGenerator.a(CyDmac.o)
                0x00001238                CyDmaTdSetAddress
 .text.CyHalt   0x00001254        0x4 .\CortexM3\ARM_GCC_541\Debug\EmulatedFunctionGenerator.a(CyLib.o)
                0x00001254                CyHalt
 .text.CyDelayUs
                0x00001258       0x14 .\CortexM3\ARM_GCC_541\Debug\EmulatedFunctionGenerator.a(CyLib.o)
                0x00001258                CyDelayUs
 .text.CyIntSetVector
                0x0000126c       0x28 .\CortexM3\ARM_GCC_541\Debug\EmulatedFunctionGenerator.a(CyLib.o)
                0x0000126c                CyIntSetVector
 .text.CyIntSetPriority
                0x00001294       0x30 .\CortexM3\ARM_GCC_541\Debug\EmulatedFunctionGenerator.a(CyLib.o)
                0x00001294                CyIntSetPriority
 .text.Timer_1_Enable
                0x000012c4       0x10 .\CortexM3\ARM_GCC_541\Debug\EmulatedFunctionGenerator.a(Timer_1.o)
                0x000012c4                Timer_1_Enable
 .text.Timer_1_SetInterruptMode
                0x000012d4        0xc .\CortexM3\ARM_GCC_541\Debug\EmulatedFunctionGenerator.a(Timer_1.o)
                0x000012d4                Timer_1_SetInterruptMode
 .text.Timer_1_ReadStatusRegister
                0x000012e0        0xc .\CortexM3\ARM_GCC_541\Debug\EmulatedFunctionGenerator.a(Timer_1.o)
                0x000012e0                Timer_1_ReadStatusRegister
 .text.Timer_1_WritePeriod
                0x000012ec        0xc .\CortexM3\ARM_GCC_541\Debug\EmulatedFunctionGenerator.a(Timer_1.o)
                0x000012ec                Timer_1_WritePeriod
 .text.Timer_1_ReadCapture
                0x000012f8        0xc .\CortexM3\ARM_GCC_541\Debug\EmulatedFunctionGenerator.a(Timer_1.o)
                0x000012f8                Timer_1_ReadCapture
 .text.Timer_1_WriteCounter
                0x00001304        0xc .\CortexM3\ARM_GCC_541\Debug\EmulatedFunctionGenerator.a(Timer_1.o)
                0x00001304                Timer_1_WriteCounter
 .text.Timer_1_ClearFIFO
                0x00001310       0x14 .\CortexM3\ARM_GCC_541\Debug\EmulatedFunctionGenerator.a(Timer_1.o)
                0x00001310                Timer_1_ClearFIFO
 .text.Timer_1_Init
                0x00001324       0x34 .\CortexM3\ARM_GCC_541\Debug\EmulatedFunctionGenerator.a(Timer_1.o)
                0x00001324                Timer_1_Init
 .text.Timer_1_Start
                0x00001358       0x1c .\CortexM3\ARM_GCC_541\Debug\EmulatedFunctionGenerator.a(Timer_1.o)
                0x00001358                Timer_1_Start
 .text.TimerInterrupt_Interrupt
                0x00001374        0x4 .\CortexM3\ARM_GCC_541\Debug\EmulatedFunctionGenerator.a(TimerInterrupt.o)
                0x00001374                TimerInterrupt_Interrupt
 .text.TimerInterrupt_SetVector
                0x00001378        0xc .\CortexM3\ARM_GCC_541\Debug\EmulatedFunctionGenerator.a(TimerInterrupt.o)
                0x00001378                TimerInterrupt_SetVector
 .text.TimerInterrupt_SetPriority
                0x00001384       0x10 .\CortexM3\ARM_GCC_541\Debug\EmulatedFunctionGenerator.a(TimerInterrupt.o)
                0x00001384                TimerInterrupt_SetPriority
 .text.TimerInterrupt_Enable
                0x00001394        0xc .\CortexM3\ARM_GCC_541\Debug\EmulatedFunctionGenerator.a(TimerInterrupt.o)
                0x00001394                TimerInterrupt_Enable
 .text.TimerInterrupt_Disable
                0x000013a0        0xc .\CortexM3\ARM_GCC_541\Debug\EmulatedFunctionGenerator.a(TimerInterrupt.o)
                0x000013a0                TimerInterrupt_Disable
 .text.TimerInterrupt_Start
                0x000013ac       0x1c .\CortexM3\ARM_GCC_541\Debug\EmulatedFunctionGenerator.a(TimerInterrupt.o)
                0x000013ac                TimerInterrupt_Start
 .text.TimerInterrupt_StartEx
                0x000013c8       0x1c .\CortexM3\ARM_GCC_541\Debug\EmulatedFunctionGenerator.a(TimerInterrupt.o)
                0x000013c8                TimerInterrupt_StartEx
 *fill*         0x000013e4        0x4 
 .text          0x000013e8       0x20 .\CortexM3\ARM_GCC_541\Debug\EmulatedFunctionGenerator.a(CyBootAsmGnu.o)
                0x000013e8                CyDelayCycles
                0x000013f8                CyEnterCriticalSection
                0x00001400                CyExitCriticalSection
 .text.__errno  0x00001408        0xc c:/program files (x86)/cypress/psoc creator/4.2/psoc creator/import/gnu/arm/5.4.1/bin/../lib/gcc/arm-none-eabi/5.4.1/../../../../arm-none-eabi/lib/armv7-m\libg_nano.a(lib_a-errno.o)
                0x00001408                __errno
 .text.__libc_init_array
                0x00001414       0x4c c:/program files (x86)/cypress/psoc creator/4.2/psoc creator/import/gnu/arm/5.4.1/bin/../lib/gcc/arm-none-eabi/5.4.1/../../../../arm-none-eabi/lib/armv7-m\libg_nano.a(lib_a-init.o)
                0x00001414                __libc_init_array
 .text.memcpy   0x00001460       0x16 c:/program files (x86)/cypress/psoc creator/4.2/psoc creator/import/gnu/arm/5.4.1/bin/../lib/gcc/arm-none-eabi/5.4.1/../../../../arm-none-eabi/lib/armv7-m\libg_nano.a(lib_a-memcpy-stub.o)
                0x00001460                memcpy
 .text.memset   0x00001476       0x10 c:/program files (x86)/cypress/psoc creator/4.2/psoc creator/import/gnu/arm/5.4.1/bin/../lib/gcc/arm-none-eabi/5.4.1/../../../../arm-none-eabi/lib/armv7-m\libg_nano.a(lib_a-memset.o)
                0x00001476                memset
 *(.plt)
 *(.gnu.warning)
 *(.glue_7t)
 .glue_7t       0x00001486        0x0 linker stubs
 *(.glue_7)
 .glue_7        0x00001486        0x0 linker stubs
 *(.vfp11_veneer)
 .vfp11_veneer  0x00001486        0x0 linker stubs
 *(.bootloader)
 *(.ARM.extab* .gnu.linkonce.armextab.*)
 *(.gcc_except_table)

.v4_bx          0x00001488        0x0
 .v4_bx         0x00001488        0x0 linker stubs

.iplt           0x00001488        0x0
 .iplt          0x00001488        0x0 c:/program files (x86)/cypress/psoc creator/4.2/psoc creator/import/gnu/arm/5.4.1/bin/../lib/gcc/arm-none-eabi/5.4.1/armv7-m/crtbegin.o

.eh_frame_hdr
 *(.eh_frame_hdr)

.eh_frame       0x00001488        0x4
 *(.eh_frame)
 .eh_frame      0x00001488        0x0 c:/program files (x86)/cypress/psoc creator/4.2/psoc creator/import/gnu/arm/5.4.1/bin/../lib/gcc/arm-none-eabi/5.4.1/armv7-m/crtbegin.o
 .eh_frame      0x00001488        0x4 c:/program files (x86)/cypress/psoc creator/4.2/psoc creator/import/gnu/arm/5.4.1/bin/../lib/gcc/arm-none-eabi/5.4.1/armv7-m/crtend.o
                [!provide]                PROVIDE (__exidx_start, .)

.ARM.exidx
 *(.ARM.exidx* .gnu.linkonce.armexidx.*)
                0x0000148c                __exidx_end = .

.rodata         0x0000148c      0x154
 *(.rodata .rodata.* .gnu.linkonce.r.*)
 .rodata        0x0000148c       0x4e .\CortexM3\ARM_GCC_541\Debug\cyfitter_cfg.o
                0x0000148c                ADC_DelSig_1_AMux__addrTable
                0x00001494                ADC_DelSig_1_AMux__maskTable
 *fill*         0x000014da        0x2 
 .rodata        0x000014dc       0xc8 .\CortexM3\ARM_GCC_541\Debug\EmulatedFunctionGenerator.a(WaveDAC8_1.o)
                0x000014dc                WaveDAC8_1_wave1
                0x00001540                WaveDAC8_1_wave2
 .rodata.str1.1
                0x000015a4        0x2 c:/program files (x86)/cypress/psoc creator/4.2/psoc creator/import/gnu/arm/5.4.1/bin/../lib/gcc/arm-none-eabi/5.4.1/../../../../arm-none-eabi/lib/armv7-m\libg_nano.a(lib_a-impure.o)
                0x000015a8                . = ALIGN (0x4)
 *fill*         0x000015a6        0x2 
 *(.init)
 .init          0x000015a8        0x4 c:/program files (x86)/cypress/psoc creator/4.2/psoc creator/import/gnu/arm/5.4.1/bin/../lib/gcc/arm-none-eabi/5.4.1/armv7-m/crti.o
                0x000015a8                _init
 .init          0x000015ac        0x8 c:/program files (x86)/cypress/psoc creator/4.2/psoc creator/import/gnu/arm/5.4.1/bin/../lib/gcc/arm-none-eabi/5.4.1/armv7-m/crtn.o
                0x000015b4                . = ALIGN (0x4)
                0x000015b4                __preinit_array_start = .
 *(.preinit_array)
                0x000015b4                __preinit_array_end = .
                0x000015b4                . = ALIGN (0x4)
                0x000015b4                __init_array_start = .
 *(SORT(.init_array.*))
 *(.init_array)
 .init_array    0x000015b4        0x4 c:/program files (x86)/cypress/psoc creator/4.2/psoc creator/import/gnu/arm/5.4.1/bin/../lib/gcc/arm-none-eabi/5.4.1/armv7-m/crtbegin.o
 .init_array    0x000015b8        0x4 .\CortexM3\ARM_GCC_541\Debug\Cm3Start.o
                0x000015bc                __init_array_end = .
                0x000015bc                . = ALIGN (0x4)
 *(.fini)
 .fini          0x000015bc        0x4 c:/program files (x86)/cypress/psoc creator/4.2/psoc creator/import/gnu/arm/5.4.1/bin/../lib/gcc/arm-none-eabi/5.4.1/armv7-m/crti.o
                0x000015bc                _fini
 .fini          0x000015c0        0x8 c:/program files (x86)/cypress/psoc creator/4.2/psoc creator/import/gnu/arm/5.4.1/bin/../lib/gcc/arm-none-eabi/5.4.1/armv7-m/crtn.o
                0x000015c8                . = ALIGN (0x4)
                0x000015c8                __fini_array_start = .
 *(.fini_array)
 .fini_array    0x000015c8        0x4 c:/program files (x86)/cypress/psoc creator/4.2/psoc creator/import/gnu/arm/5.4.1/bin/../lib/gcc/arm-none-eabi/5.4.1/armv7-m/crtbegin.o
 *(SORT(.fini_array.*))
                0x000015cc                __fini_array_end = .
                0x000015cc                . = ALIGN (0x4)
 *crtbegin.o(.ctors)
 *(EXCLUDE_FILE(*crtend.o) .ctors)
 *(SORT(.ctors.*))
 *crtend.o(.ctors)
                0x000015cc                . = ALIGN (0x4)
 *crtbegin.o(.dtors)
 *(EXCLUDE_FILE(*crtend.o) .dtors)
 *(SORT(.dtors.*))
 *crtend.o(.dtors)
                0x000015cc                . = ALIGN (0x4)
                0x000015cc                __cy_regions = .
                0x000015cc        0x4 LONG 0x15e0 __cy_region_init_ram
                0x000015d0        0x4 LONG 0x1fff80c8 __cy_region_start_data
                0x000015d4        0x4 LONG 0x88 __cy_region_init_size_ram
                0x000015d8        0x4 LONG 0x1d8 __cy_region_zero_size_ram
                0x000015dc                __cy_regions_end = .
                0x000015e0                . = ALIGN (0x8)
 *fill*         0x000015dc        0x4 
                0x000015e0                _etext = .

.cy_checksum_exclude
                0x000015e0        0x0
 *(.cy_checksum_exclude)

.ramvectors     0x1fff8000       0xc0
                0x1fff8000                __cy_region_start_ram = .
 *(.ramvectors)
 .ramvectors    0x1fff8000       0xc0 .\CortexM3\ARM_GCC_541\Debug\Cm3Start.o
                0x1fff8000                CyRamVectors

.noinit         0x1fff80c0        0x1
 *(.noinit)
 .noinit        0x1fff80c0        0x1 .\CortexM3\ARM_GCC_541\Debug\EmulatedFunctionGenerator.a(CyLib.o)
                0x1fff80c0                CyResetStatus

.data           0x1fff80c8       0x88 load address 0x000015e0
                0x1fff80c8                __cy_region_start_data = .
 *(.jcr)
 .jcr           0x1fff80c8        0x0 c:/program files (x86)/cypress/psoc creator/4.2/psoc creator/import/gnu/arm/5.4.1/bin/../lib/gcc/arm-none-eabi/5.4.1/armv7-m/crtbegin.o
 .jcr           0x1fff80c8        0x4 c:/program files (x86)/cypress/psoc creator/4.2/psoc creator/import/gnu/arm/5.4.1/bin/../lib/gcc/arm-none-eabi/5.4.1/armv7-m/crtend.o
 *(.got.plt)
 *(.got)
 *(.shdata)
 *(.data .data.* .gnu.linkonce.d.*)
 .data          0x1fff80cc        0x1 .\CortexM3\ARM_GCC_541\Debug\main.o
                0x1fff80cc                ping
 .data          0x1fff80cd        0x1 .\CortexM3\ARM_GCC_541\Debug\EmulatedFunctionGenerator.a(ADC_DelSig_1.o)
                0x1fff80cd                ADC_DelSig_1_Config
 .data          0x1fff80ce        0x1 .\CortexM3\ARM_GCC_541\Debug\EmulatedFunctionGenerator.a(WaveDAC8_1_Wave1_DMA_dma.o)
                0x1fff80ce                WaveDAC8_1_Wave1_DMA_DmaHandle
 .data          0x1fff80cf        0x1 .\CortexM3\ARM_GCC_541\Debug\EmulatedFunctionGenerator.a(WaveDAC8_1_Wave2_DMA_dma.o)
                0x1fff80cf                WaveDAC8_1_Wave2_DMA_DmaHandle
 .data          0x1fff80d0        0x1 .\CortexM3\ARM_GCC_541\Debug\EmulatedFunctionGenerator.a(ADC_DelSig_1_AMux.o)
 *fill*         0x1fff80d1        0x3 
 .data          0x1fff80d4        0x8 .\CortexM3\ARM_GCC_541\Debug\EmulatedFunctionGenerator.a(CyDmac.o)
 .data          0x1fff80dc       0x10 .\CortexM3\ARM_GCC_541\Debug\EmulatedFunctionGenerator.a(CyLib.o)
                0x1fff80dc                cydelay_32k_ms
                0x1fff80e0                cydelay_freq_khz
                0x1fff80e4                cydelay_freq_mhz
                0x1fff80e8                cydelay_freq_hz
 .data.impure_data
                0x1fff80ec       0x60 c:/program files (x86)/cypress/psoc creator/4.2/psoc creator/import/gnu/arm/5.4.1/bin/../lib/gcc/arm-none-eabi/5.4.1/../../../../arm-none-eabi/lib/armv7-m\libg_nano.a(lib_a-impure.o)
 .data._impure_ptr
                0x1fff814c        0x4 c:/program files (x86)/cypress/psoc creator/4.2/psoc creator/import/gnu/arm/5.4.1/bin/../lib/gcc/arm-none-eabi/5.4.1/../../../../arm-none-eabi/lib/armv7-m\libg_nano.a(lib_a-impure.o)
                0x1fff814c                _impure_ptr
                0x1fff8150                . = ALIGN (0x8)
 *(.ram)
                0x1fff8150                _edata = .

.igot.plt       0x1fff8150        0x0 load address 0x00001668
 .igot.plt      0x1fff8150        0x0 c:/program files (x86)/cypress/psoc creator/4.2/psoc creator/import/gnu/arm/5.4.1/bin/../lib/gcc/arm-none-eabi/5.4.1/armv7-m/crtbegin.o

.bss            0x1fff8150      0x1d8 load address 0x00001668
                0x1fff8150                PROVIDE (__bss_start__, .)
 *(.shbss)
 *(.bss .bss.* .gnu.linkonce.b.*)
 .bss           0x1fff8150       0x1c c:/program files (x86)/cypress/psoc creator/4.2/psoc creator/import/gnu/arm/5.4.1/bin/../lib/gcc/arm-none-eabi/5.4.1/armv7-m/crtbegin.o
 .bss           0x1fff816c        0x6 .\CortexM3\ARM_GCC_541\Debug\main.o
                0x1fff816c                datacount
                0x1fff816d                dataready
                0x1fff816e                ByteCount
                0x1fff816f                firstbyte
                0x1fff8170                Count
                0x1fff8171                CommandReady
 .bss           0x1fff8172        0x5 .\CortexM3\ARM_GCC_541\Debug\EmulatedFunctionGenerator.a(WaveDAC8_1.o)
                0x1fff8176                WaveDAC8_1_initVar
 *fill*         0x1fff8177        0x1 
 .bss           0x1fff8178       0x18 .\CortexM3\ARM_GCC_541\Debug\EmulatedFunctionGenerator.a(ADC_DelSig_1.o)
                0x1fff8188                ADC_DelSig_1_stopConversion
                0x1fff8189                ADC_DelSig_1_convDone
                0x1fff818a                ADC_DelSig_1_initVar
                0x1fff818b                ADC_DelSig_1_started
                0x1fff818c                ADC_DelSig_1_Offset
 .bss           0x1fff8190        0x1 .\CortexM3\ARM_GCC_541\Debug\EmulatedFunctionGenerator.a(Timer_1.o)
                0x1fff8190                Timer_1_initVar
 *(COMMON)
 *fill*         0x1fff8191        0x3 
 COMMON         0x1fff8194      0x190 .\CortexM3\ARM_GCC_541\Debug\main.o
                0x1fff8194                TransmitBuffer
                0x1fff81d8                ReceivedBuffer
                0x1fff821c                Transmit_Packet
                0x1fff825e                Status
                0x1fff8260                Command_Packet
                0x1fff82a4                PongOutput
                0x1fff82e4                PingOutput
 COMMON         0x1fff8324        0x4 .\CortexM3\ARM_GCC_541\Debug\EmulatedFunctionGenerator.a(ADC_DelSig_1.o)
                0x1fff8324                ADC_DelSig_1_CountsPerVolt
                0x1fff8328                . = ALIGN (0x8)
 *(.ram.b)
                0x1fff8328                _end = .
                0x1fff8328                __end = .
                0x1fff8328                PROVIDE (end, .)
                0x1fff8328                PROVIDE (__bss_end__, .)
                0x000015e0                __cy_region_init_ram = LOADADDR (.data)
                0x00000088                __cy_region_init_size_ram = (_edata - ADDR (.data))
                0x000001d8                __cy_region_zero_size_ram = (_end - _edata)

.heap           0x1fff8328       0x80 load address 0x00001668
                0x1fff8328                . = _end
                0x1fff83a8                . = (. + 0x80)
 *fill*         0x1fff8328       0x80 
                0x1fff83a8                __cy_heap_limit = .

.stack          0x20007800      0x800
                0x20007800                __cy_stack_limit = .
                0x20008000                . = (. + 0x800)
 *fill*         0x20007800      0x800 
                0x00000001                ASSERT ((__cy_stack_limit >= __cy_heap_limit), region RAM overflowed with stack)
                0x00000000                cy_checksum_exclude_size = (CY_APPL_LOADABLE == 0x1)?SIZEOF (.cy_checksum_exclude):0x0
                0x00000001                ASSERT ((cy_checksum_exclude_size <= CY_CHECKSUM_EXCLUDE_SIZE), CY_BOOT: Section .cy_checksum_exclude size exceedes specified limit.)

.cyloadermeta
 *(.cyloadermeta)

.cyloadablemeta
 *(.cyloadablemeta)

.cyconfigecc    0x80000000      0x748
 *(.cyconfigecc)
 .cyconfigecc   0x80000000      0x748 .\CortexM3\ARM_GCC_541\Debug\cymetadata.o
                0x80000000                cy_meta_configecc

.cycustnvl      0x90000000        0x4
 *(.cycustnvl)
 .cycustnvl     0x90000000        0x4 .\CortexM3\ARM_GCC_541\Debug\cymetadata.o
                0x90000000                cy_meta_custnvl

.cywolatch      0x90100000        0x4
 *(.cywolatch)
 .cywolatch     0x90100000        0x4 .\CortexM3\ARM_GCC_541\Debug\cymetadata.o
                0x90100000                cy_meta_wonvl

.cyeeprom       0x90200000        0x0
 *(.cyeeprom)
                0x00000001                ASSERT ((. <= ((0x90200000 + ee_offset) + ee_size)), .cyeeprom data will not fit in EEPROM)

.cyflashprotect
                0x90400000      0x100
 *(.cyflashprotect)
 .cyflashprotect
                0x90400000      0x100 .\CortexM3\ARM_GCC_541\Debug\cymetadata.o
                0x90400000                cy_meta_flashprotect

.cymeta         0x90500000        0xc
 *(.cymeta)
 .cymeta        0x90500000        0xc .\CortexM3\ARM_GCC_541\Debug\cymetadata.o
                0x90500000                cy_metadata

.rel.dyn        0x00001668        0x0 load address 0x9050000c
 .rel.iplt      0x00001668        0x0 c:/program files (x86)/cypress/psoc creator/4.2/psoc creator/import/gnu/arm/5.4.1/bin/../lib/gcc/arm-none-eabi/5.4.1/armv7-m/crtbegin.o

.stab
 *(.stab)

.stabstr
 *(.stabstr)

.debug
 *(.debug)

.line
 *(.line)

.debug_srcinfo
 *(.debug_srcinfo)

.debug_sfnames
 *(.debug_sfnames)

.debug_aranges  0x00000000      0xd90
 *(.debug_aranges)
 .debug_aranges
                0x00000000       0x38 .\CortexM3\ARM_GCC_541\Debug\main.o
 .debug_aranges
                0x00000038       0x68 .\CortexM3\ARM_GCC_541\Debug\cyfitter_cfg.o
 .debug_aranges
                0x000000a0       0x18 .\CortexM3\ARM_GCC_541\Debug\cymetadata.o
 .debug_aranges
                0x000000b8       0x48 .\CortexM3\ARM_GCC_541\Debug\Cm3Start.o
 .debug_aranges
                0x00000100       0x50 .\CortexM3\ARM_GCC_541\Debug\EmulatedFunctionGenerator.a(WaveDAC8_1.o)
 .debug_aranges
                0x00000150       0xe8 .\CortexM3\ARM_GCC_541\Debug\EmulatedFunctionGenerator.a(ADC_DelSig_1.o)
 .debug_aranges
                0x00000238       0x38 .\CortexM3\ARM_GCC_541\Debug\EmulatedFunctionGenerator.a(ADC_DelSig_1_INT.o)
 .debug_aranges
                0x00000270       0x70 .\CortexM3\ARM_GCC_541\Debug\EmulatedFunctionGenerator.a(WaveDAC8_1_DacClk.o)
 .debug_aranges
                0x000002e0       0x28 .\CortexM3\ARM_GCC_541\Debug\EmulatedFunctionGenerator.a(WaveDAC8_1_Wave1_DMA_dma.o)
 .debug_aranges
                0x00000308       0x28 .\CortexM3\ARM_GCC_541\Debug\EmulatedFunctionGenerator.a(WaveDAC8_1_Wave2_DMA_dma.o)
 .debug_aranges
                0x00000330       0x58 .\CortexM3\ARM_GCC_541\Debug\EmulatedFunctionGenerator.a(WaveDAC8_1_VDAC8.o)
 .debug_aranges
                0x00000388       0x30 .\CortexM3\ARM_GCC_541\Debug\EmulatedFunctionGenerator.a(ADC_DelSig_1_AMux.o)
 .debug_aranges
                0x000003b8       0x70 .\CortexM3\ARM_GCC_541\Debug\EmulatedFunctionGenerator.a(ADC_DelSig_1_Ext_CP_Clk.o)
 .debug_aranges
                0x00000428       0x80 .\CortexM3\ARM_GCC_541\Debug\EmulatedFunctionGenerator.a(ADC_DelSig_1_IRQ.o)
 .debug_aranges
                0x000004a8       0x80 .\CortexM3\ARM_GCC_541\Debug\EmulatedFunctionGenerator.a(ADC_DelSig_1_theACLK.o)
 .debug_aranges
                0x00000528       0xd8 .\CortexM3\ARM_GCC_541\Debug\EmulatedFunctionGenerator.a(CyDmac.o)
 .debug_aranges
                0x00000600      0x2a0 .\CortexM3\ARM_GCC_541\Debug\EmulatedFunctionGenerator.a(CyLib.o)
 .debug_aranges
                0x000008a0       0x98 .\CortexM3\ARM_GCC_541\Debug\EmulatedFunctionGenerator.a(cyPm.o)
 .debug_aranges
                0x00000938       0x90 .\CortexM3\ARM_GCC_541\Debug\EmulatedFunctionGenerator.a(Timer_1.o)
 .debug_aranges
                0x000009c8       0x80 .\CortexM3\ARM_GCC_541\Debug\EmulatedFunctionGenerator.a(TimerInterrupt.o)
 .debug_aranges
                0x00000a48       0xf0 .\CortexM3\ARM_GCC_541\Debug\EmulatedFunctionGenerator.a(LabVIEW_UART.o)
 .debug_aranges
                0x00000b38       0x28 .\CortexM3\ARM_GCC_541\Debug\EmulatedFunctionGenerator.a(LEDDrive.o)
 .debug_aranges
                0x00000b60       0x98 .\CortexM3\ARM_GCC_541\Debug\EmulatedFunctionGenerator.a(ByteCounter.o)
 .debug_aranges
                0x00000bf8       0x70 .\CortexM3\ARM_GCC_541\Debug\EmulatedFunctionGenerator.a(LabVIEW_UART_IntClock.o)
 .debug_aranges
                0x00000c68       0x20 .\CortexM3\ARM_GCC_541\Debug\EmulatedFunctionGenerator.a(CyBootAsmGnu.o)
 .debug_aranges
                0x00000c88       0x88 .\CortexM3\ARM_GCC_541\Debug\EmulatedFunctionGenerator.a(CyFlash.o)
 .debug_aranges
                0x00000d10       0x80 .\CortexM3\ARM_GCC_541\Debug\EmulatedFunctionGenerator.a(CySpc.o)

.debug_pubnames
 *(.debug_pubnames)

.debug_info     0x00000000     0x7887
 *(.debug_info .gnu.linkonce.wi.*)
 .debug_info    0x00000000      0x418 .\CortexM3\ARM_GCC_541\Debug\main.o
 .debug_info    0x00000418      0x6d6 .\CortexM3\ARM_GCC_541\Debug\cyfitter_cfg.o
 .debug_info    0x00000aee      0x139 .\CortexM3\ARM_GCC_541\Debug\cymetadata.o
 .debug_info    0x00000c27      0x3cf .\CortexM3\ARM_GCC_541\Debug\Cm3Start.o
 .debug_info    0x00000ff6      0x507 .\CortexM3\ARM_GCC_541\Debug\EmulatedFunctionGenerator.a(WaveDAC8_1.o)
 .debug_info    0x000014fd      0xbef .\CortexM3\ARM_GCC_541\Debug\EmulatedFunctionGenerator.a(ADC_DelSig_1.o)
 .debug_info    0x000020ec       0xd3 .\CortexM3\ARM_GCC_541\Debug\EmulatedFunctionGenerator.a(ADC_DelSig_1_INT.o)
 .debug_info    0x000021bf      0x283 .\CortexM3\ARM_GCC_541\Debug\EmulatedFunctionGenerator.a(WaveDAC8_1_DacClk.o)
 .debug_info    0x00002442      0x1aa .\CortexM3\ARM_GCC_541\Debug\EmulatedFunctionGenerator.a(WaveDAC8_1_Wave1_DMA_dma.o)
 .debug_info    0x000025ec      0x1a7 .\CortexM3\ARM_GCC_541\Debug\EmulatedFunctionGenerator.a(WaveDAC8_1_Wave2_DMA_dma.o)
 .debug_info    0x00002793      0x1de .\CortexM3\ARM_GCC_541\Debug\EmulatedFunctionGenerator.a(WaveDAC8_1_VDAC8.o)
 .debug_info    0x00002971      0x165 .\CortexM3\ARM_GCC_541\Debug\EmulatedFunctionGenerator.a(ADC_DelSig_1_AMux.o)
 .debug_info    0x00002ad6      0x283 .\CortexM3\ARM_GCC_541\Debug\EmulatedFunctionGenerator.a(ADC_DelSig_1_Ext_CP_Clk.o)
 .debug_info    0x00002d59      0x2d2 .\CortexM3\ARM_GCC_541\Debug\EmulatedFunctionGenerator.a(ADC_DelSig_1_IRQ.o)
 .debug_info    0x0000302b      0x2c4 .\CortexM3\ARM_GCC_541\Debug\EmulatedFunctionGenerator.a(ADC_DelSig_1_theACLK.o)
 .debug_info    0x000032ef      0x94e .\CortexM3\ARM_GCC_541\Debug\EmulatedFunctionGenerator.a(CyDmac.o)
 .debug_info    0x00003c3d     0x1374 .\CortexM3\ARM_GCC_541\Debug\EmulatedFunctionGenerator.a(CyLib.o)
 .debug_info    0x00004fb1      0xa2a .\CortexM3\ARM_GCC_541\Debug\EmulatedFunctionGenerator.a(cyPm.o)
 .debug_info    0x000059db      0x2ee .\CortexM3\ARM_GCC_541\Debug\EmulatedFunctionGenerator.a(Timer_1.o)
 .debug_info    0x00005cc9      0x2d2 .\CortexM3\ARM_GCC_541\Debug\EmulatedFunctionGenerator.a(TimerInterrupt.o)
 .debug_info    0x00005f9b      0x60c .\CortexM3\ARM_GCC_541\Debug\EmulatedFunctionGenerator.a(LabVIEW_UART.o)
 .debug_info    0x000065a7       0xd6 .\CortexM3\ARM_GCC_541\Debug\EmulatedFunctionGenerator.a(LEDDrive.o)
 .debug_info    0x0000667d      0x327 .\CortexM3\ARM_GCC_541\Debug\EmulatedFunctionGenerator.a(ByteCounter.o)
 .debug_info    0x000069a4      0x283 .\CortexM3\ARM_GCC_541\Debug\EmulatedFunctionGenerator.a(LabVIEW_UART_IntClock.o)
 .debug_info    0x00006c27       0xc3 .\CortexM3\ARM_GCC_541\Debug\EmulatedFunctionGenerator.a(CyBootAsmGnu.o)
 .debug_info    0x00006cea      0x64d .\CortexM3\ARM_GCC_541\Debug\EmulatedFunctionGenerator.a(CyFlash.o)
 .debug_info    0x00007337      0x550 .\CortexM3\ARM_GCC_541\Debug\EmulatedFunctionGenerator.a(CySpc.o)

.debug_abbrev   0x00000000     0x2115
 *(.debug_abbrev)
 .debug_abbrev  0x00000000      0x125 .\CortexM3\ARM_GCC_541\Debug\main.o
 .debug_abbrev  0x00000125      0x22d .\CortexM3\ARM_GCC_541\Debug\cyfitter_cfg.o
 .debug_abbrev  0x00000352       0x77 .\CortexM3\ARM_GCC_541\Debug\cymetadata.o
 .debug_abbrev  0x000003c9      0x1e8 .\CortexM3\ARM_GCC_541\Debug\Cm3Start.o
 .debug_abbrev  0x000005b1      0x10b .\CortexM3\ARM_GCC_541\Debug\EmulatedFunctionGenerator.a(WaveDAC8_1.o)
 .debug_abbrev  0x000006bc      0x1eb .\CortexM3\ARM_GCC_541\Debug\EmulatedFunctionGenerator.a(ADC_DelSig_1.o)
 .debug_abbrev  0x000008a7       0x42 .\CortexM3\ARM_GCC_541\Debug\EmulatedFunctionGenerator.a(ADC_DelSig_1_INT.o)
 .debug_abbrev  0x000008e9      0x139 .\CortexM3\ARM_GCC_541\Debug\EmulatedFunctionGenerator.a(WaveDAC8_1_DacClk.o)
 .debug_abbrev  0x00000a22       0xcd .\CortexM3\ARM_GCC_541\Debug\EmulatedFunctionGenerator.a(WaveDAC8_1_Wave1_DMA_dma.o)
 .debug_abbrev  0x00000aef       0xcd .\CortexM3\ARM_GCC_541\Debug\EmulatedFunctionGenerator.a(WaveDAC8_1_Wave2_DMA_dma.o)
 .debug_abbrev  0x00000bbc       0xf7 .\CortexM3\ARM_GCC_541\Debug\EmulatedFunctionGenerator.a(WaveDAC8_1_VDAC8.o)
 .debug_abbrev  0x00000cb3       0xb1 .\CortexM3\ARM_GCC_541\Debug\EmulatedFunctionGenerator.a(ADC_DelSig_1_AMux.o)
 .debug_abbrev  0x00000d64      0x139 .\CortexM3\ARM_GCC_541\Debug\EmulatedFunctionGenerator.a(ADC_DelSig_1_Ext_CP_Clk.o)
 .debug_abbrev  0x00000e9d      0x173 .\CortexM3\ARM_GCC_541\Debug\EmulatedFunctionGenerator.a(ADC_DelSig_1_IRQ.o)
 .debug_abbrev  0x00001010      0x121 .\CortexM3\ARM_GCC_541\Debug\EmulatedFunctionGenerator.a(ADC_DelSig_1_theACLK.o)
 .debug_abbrev  0x00001131      0x1b2 .\CortexM3\ARM_GCC_541\Debug\EmulatedFunctionGenerator.a(CyDmac.o)
 .debug_abbrev  0x000012e3      0x254 .\CortexM3\ARM_GCC_541\Debug\EmulatedFunctionGenerator.a(CyLib.o)
 .debug_abbrev  0x00001537      0x1ab .\CortexM3\ARM_GCC_541\Debug\EmulatedFunctionGenerator.a(cyPm.o)
 .debug_abbrev  0x000016e2      0x12b .\CortexM3\ARM_GCC_541\Debug\EmulatedFunctionGenerator.a(Timer_1.o)
 .debug_abbrev  0x0000180d      0x173 .\CortexM3\ARM_GCC_541\Debug\EmulatedFunctionGenerator.a(TimerInterrupt.o)
 .debug_abbrev  0x00001980      0x175 .\CortexM3\ARM_GCC_541\Debug\EmulatedFunctionGenerator.a(LabVIEW_UART.o)
 .debug_abbrev  0x00001af5       0x81 .\CortexM3\ARM_GCC_541\Debug\EmulatedFunctionGenerator.a(LEDDrive.o)
 .debug_abbrev  0x00001b76      0x117 .\CortexM3\ARM_GCC_541\Debug\EmulatedFunctionGenerator.a(ByteCounter.o)
 .debug_abbrev  0x00001c8d      0x139 .\CortexM3\ARM_GCC_541\Debug\EmulatedFunctionGenerator.a(LabVIEW_UART_IntClock.o)
 .debug_abbrev  0x00001dc6       0x14 .\CortexM3\ARM_GCC_541\Debug\EmulatedFunctionGenerator.a(CyBootAsmGnu.o)
 .debug_abbrev  0x00001dda      0x1a7 .\CortexM3\ARM_GCC_541\Debug\EmulatedFunctionGenerator.a(CyFlash.o)
 .debug_abbrev  0x00001f81      0x194 .\CortexM3\ARM_GCC_541\Debug\EmulatedFunctionGenerator.a(CySpc.o)

.debug_line     0x00000000     0x32c2
 *(.debug_line)
 .debug_line    0x00000000      0x256 .\CortexM3\ARM_GCC_541\Debug\main.o
 .debug_line    0x00000256      0x22e .\CortexM3\ARM_GCC_541\Debug\cyfitter_cfg.o
 .debug_line    0x00000484      0x141 .\CortexM3\ARM_GCC_541\Debug\cymetadata.o
 .debug_line    0x000005c5      0x241 .\CortexM3\ARM_GCC_541\Debug\Cm3Start.o
 .debug_line    0x00000806      0x160 .\CortexM3\ARM_GCC_541\Debug\EmulatedFunctionGenerator.a(WaveDAC8_1.o)
 .debug_line    0x00000966      0x3ee .\CortexM3\ARM_GCC_541\Debug\EmulatedFunctionGenerator.a(ADC_DelSig_1.o)
 .debug_line    0x00000d54       0x89 .\CortexM3\ARM_GCC_541\Debug\EmulatedFunctionGenerator.a(ADC_DelSig_1_INT.o)
 .debug_line    0x00000ddd      0x180 .\CortexM3\ARM_GCC_541\Debug\EmulatedFunctionGenerator.a(WaveDAC8_1_DacClk.o)
 .debug_line    0x00000f5d       0x91 .\CortexM3\ARM_GCC_541\Debug\EmulatedFunctionGenerator.a(WaveDAC8_1_Wave1_DMA_dma.o)
 .debug_line    0x00000fee       0x91 .\CortexM3\ARM_GCC_541\Debug\EmulatedFunctionGenerator.a(WaveDAC8_1_Wave2_DMA_dma.o)
 .debug_line    0x0000107f       0xec .\CortexM3\ARM_GCC_541\Debug\EmulatedFunctionGenerator.a(WaveDAC8_1_VDAC8.o)
 .debug_line    0x0000116b       0xb5 .\CortexM3\ARM_GCC_541\Debug\EmulatedFunctionGenerator.a(ADC_DelSig_1_AMux.o)
 .debug_line    0x00001220      0x186 .\CortexM3\ARM_GCC_541\Debug\EmulatedFunctionGenerator.a(ADC_DelSig_1_Ext_CP_Clk.o)
 .debug_line    0x000013a6      0x13d .\CortexM3\ARM_GCC_541\Debug\EmulatedFunctionGenerator.a(ADC_DelSig_1_IRQ.o)
 .debug_line    0x000014e3      0x1a6 .\CortexM3\ARM_GCC_541\Debug\EmulatedFunctionGenerator.a(ADC_DelSig_1_theACLK.o)
 .debug_line    0x00001689      0x2e4 .\CortexM3\ARM_GCC_541\Debug\EmulatedFunctionGenerator.a(CyDmac.o)
 .debug_line    0x0000196d      0x816 .\CortexM3\ARM_GCC_541\Debug\EmulatedFunctionGenerator.a(CyLib.o)
 .debug_line    0x00002183      0x367 .\CortexM3\ARM_GCC_541\Debug\EmulatedFunctionGenerator.a(cyPm.o)
 .debug_line    0x000024ea      0x172 .\CortexM3\ARM_GCC_541\Debug\EmulatedFunctionGenerator.a(Timer_1.o)
 .debug_line    0x0000265c      0x13b .\CortexM3\ARM_GCC_541\Debug\EmulatedFunctionGenerator.a(TimerInterrupt.o)
 .debug_line    0x00002797      0x2cc .\CortexM3\ARM_GCC_541\Debug\EmulatedFunctionGenerator.a(LabVIEW_UART.o)
 .debug_line    0x00002a63       0x70 .\CortexM3\ARM_GCC_541\Debug\EmulatedFunctionGenerator.a(LEDDrive.o)
 .debug_line    0x00002ad3      0x18b .\CortexM3\ARM_GCC_541\Debug\EmulatedFunctionGenerator.a(ByteCounter.o)
 .debug_line    0x00002c5e      0x184 .\CortexM3\ARM_GCC_541\Debug\EmulatedFunctionGenerator.a(LabVIEW_UART_IntClock.o)
 .debug_line    0x00002de2       0x66 .\CortexM3\ARM_GCC_541\Debug\EmulatedFunctionGenerator.a(CyBootAsmGnu.o)
 .debug_line    0x00002e48      0x21a .\CortexM3\ARM_GCC_541\Debug\EmulatedFunctionGenerator.a(CyFlash.o)
 .debug_line    0x00003062      0x260 .\CortexM3\ARM_GCC_541\Debug\EmulatedFunctionGenerator.a(CySpc.o)

.debug_frame    0x00000000     0x212c
 *(.debug_frame)
 .debug_frame   0x00000000       0x84 .\CortexM3\ARM_GCC_541\Debug\main.o
 .debug_frame   0x00000084      0x104 .\CortexM3\ARM_GCC_541\Debug\cyfitter_cfg.o
 .debug_frame   0x00000188       0xb8 .\CortexM3\ARM_GCC_541\Debug\Cm3Start.o
 .debug_frame   0x00000240       0xe0 .\CortexM3\ARM_GCC_541\Debug\EmulatedFunctionGenerator.a(WaveDAC8_1.o)
 .debug_frame   0x00000320      0x284 .\CortexM3\ARM_GCC_541\Debug\EmulatedFunctionGenerator.a(ADC_DelSig_1.o)
 .debug_frame   0x000005a4       0x50 .\CortexM3\ARM_GCC_541\Debug\EmulatedFunctionGenerator.a(ADC_DelSig_1_INT.o)
 .debug_frame   0x000005f4       0xe0 .\CortexM3\ARM_GCC_541\Debug\EmulatedFunctionGenerator.a(WaveDAC8_1_DacClk.o)
 .debug_frame   0x000006d4       0x54 .\CortexM3\ARM_GCC_541\Debug\EmulatedFunctionGenerator.a(WaveDAC8_1_Wave1_DMA_dma.o)
 .debug_frame   0x00000728       0x54 .\CortexM3\ARM_GCC_541\Debug\EmulatedFunctionGenerator.a(WaveDAC8_1_Wave2_DMA_dma.o)
 .debug_frame   0x0000077c       0xb4 .\CortexM3\ARM_GCC_541\Debug\EmulatedFunctionGenerator.a(WaveDAC8_1_VDAC8.o)
 .debug_frame   0x00000830       0x64 .\CortexM3\ARM_GCC_541\Debug\EmulatedFunctionGenerator.a(ADC_DelSig_1_AMux.o)
 .debug_frame   0x00000894       0xe0 .\CortexM3\ARM_GCC_541\Debug\EmulatedFunctionGenerator.a(ADC_DelSig_1_Ext_CP_Clk.o)
 .debug_frame   0x00000974      0x104 .\CortexM3\ARM_GCC_541\Debug\EmulatedFunctionGenerator.a(ADC_DelSig_1_IRQ.o)
 .debug_frame   0x00000a78      0x100 .\CortexM3\ARM_GCC_541\Debug\EmulatedFunctionGenerator.a(ADC_DelSig_1_theACLK.o)
 .debug_frame   0x00000b78      0x1f8 .\CortexM3\ARM_GCC_541\Debug\EmulatedFunctionGenerator.a(CyDmac.o)
 .debug_frame   0x00000d70      0x738 .\CortexM3\ARM_GCC_541\Debug\EmulatedFunctionGenerator.a(CyLib.o)
 .debug_frame   0x000014a8      0x1f8 .\CortexM3\ARM_GCC_541\Debug\EmulatedFunctionGenerator.a(cyPm.o)
 .debug_frame   0x000016a0      0x124 .\CortexM3\ARM_GCC_541\Debug\EmulatedFunctionGenerator.a(Timer_1.o)
 .debug_frame   0x000017c4      0x104 .\CortexM3\ARM_GCC_541\Debug\EmulatedFunctionGenerator.a(TimerInterrupt.o)
 .debug_frame   0x000018c8      0x250 .\CortexM3\ARM_GCC_541\Debug\EmulatedFunctionGenerator.a(LabVIEW_UART.o)
 .debug_frame   0x00001b18       0x30 .\CortexM3\ARM_GCC_541\Debug\EmulatedFunctionGenerator.a(LEDDrive.o)
 .debug_frame   0x00001b48      0x134 .\CortexM3\ARM_GCC_541\Debug\EmulatedFunctionGenerator.a(ByteCounter.o)
 .debug_frame   0x00001c7c       0xe0 .\CortexM3\ARM_GCC_541\Debug\EmulatedFunctionGenerator.a(LabVIEW_UART_IntClock.o)
 .debug_frame   0x00001d5c      0x194 .\CortexM3\ARM_GCC_541\Debug\EmulatedFunctionGenerator.a(CyFlash.o)
 .debug_frame   0x00001ef0      0x180 .\CortexM3\ARM_GCC_541\Debug\EmulatedFunctionGenerator.a(CySpc.o)
 .debug_frame   0x00002070       0x20 c:/program files (x86)/cypress/psoc creator/4.2/psoc creator/import/gnu/arm/5.4.1/bin/../lib/gcc/arm-none-eabi/5.4.1/../../../../arm-none-eabi/lib/armv7-m\libg_nano.a(lib_a-errno.o)
 .debug_frame   0x00002090       0x28 c:/program files (x86)/cypress/psoc creator/4.2/psoc creator/import/gnu/arm/5.4.1/bin/../lib/gcc/arm-none-eabi/5.4.1/../../../../arm-none-eabi/lib/armv7-m\libg_nano.a(lib_a-exit.o)
 .debug_frame   0x000020b8       0x2c c:/program files (x86)/cypress/psoc creator/4.2/psoc creator/import/gnu/arm/5.4.1/bin/../lib/gcc/arm-none-eabi/5.4.1/../../../../arm-none-eabi/lib/armv7-m\libg_nano.a(lib_a-init.o)
 .debug_frame   0x000020e4       0x28 c:/program files (x86)/cypress/psoc creator/4.2/psoc creator/import/gnu/arm/5.4.1/bin/../lib/gcc/arm-none-eabi/5.4.1/../../../../arm-none-eabi/lib/armv7-m\libg_nano.a(lib_a-memcpy-stub.o)
 .debug_frame   0x0000210c       0x20 c:/program files (x86)/cypress/psoc creator/4.2/psoc creator/import/gnu/arm/5.4.1/bin/../lib/gcc/arm-none-eabi/5.4.1/../../../../arm-none-eabi/lib/armv7-m\libg_nano.a(lib_a-memset.o)

.debug_str      0x00000000     0x323c
 *(.debug_str)
 .debug_str     0x00000000      0x3e7 .\CortexM3\ARM_GCC_541\Debug\main.o
                                0x43c (size before relaxing)
 .debug_str     0x000003e7      0x21f .\CortexM3\ARM_GCC_541\Debug\cyfitter_cfg.o
                                0x3ed (size before relaxing)
 .debug_str     0x00000606       0x7f .\CortexM3\ARM_GCC_541\Debug\cymetadata.o
                                0x217 (size before relaxing)
 .debug_str     0x00000685      0x14e .\CortexM3\ARM_GCC_541\Debug\Cm3Start.o
                                0x34d (size before relaxing)
 .debug_str     0x000007d3      0x2c9 .\CortexM3\ARM_GCC_541\Debug\EmulatedFunctionGenerator.a(WaveDAC8_1.o)
                                0x49c (size before relaxing)
 .debug_str     0x00000a9c      0x4eb .\CortexM3\ARM_GCC_541\Debug\EmulatedFunctionGenerator.a(ADC_DelSig_1.o)
                                0x76d (size before relaxing)
 .debug_str     0x00000f87       0x72 .\CortexM3\ARM_GCC_541\Debug\EmulatedFunctionGenerator.a(ADC_DelSig_1_INT.o)
                                0x220 (size before relaxing)
 .debug_str     0x00000ff9      0x1a9 .\CortexM3\ARM_GCC_541\Debug\EmulatedFunctionGenerator.a(WaveDAC8_1_DacClk.o)
                                0x399 (size before relaxing)
 .debug_str     0x000011a2       0xee .\CortexM3\ARM_GCC_541\Debug\EmulatedFunctionGenerator.a(WaveDAC8_1_Wave1_DMA_dma.o)
                                0x2db (size before relaxing)
 .debug_str     0x00001290       0x71 .\CortexM3\ARM_GCC_541\Debug\EmulatedFunctionGenerator.a(WaveDAC8_1_Wave2_DMA_dma.o)
                                0x2db (size before relaxing)
 .debug_str     0x00001301       0x84 .\CortexM3\ARM_GCC_541\Debug\EmulatedFunctionGenerator.a(WaveDAC8_1_VDAC8.o)
                                0x2c0 (size before relaxing)
 .debug_str     0x00001385       0x83 .\CortexM3\ARM_GCC_541\Debug\EmulatedFunctionGenerator.a(ADC_DelSig_1_AMux.o)
                                0x271 (size before relaxing)
 .debug_str     0x00001408      0x184 .\CortexM3\ARM_GCC_541\Debug\EmulatedFunctionGenerator.a(ADC_DelSig_1_Ext_CP_Clk.o)
                                0x3e1 (size before relaxing)
 .debug_str     0x0000158c      0x180 .\CortexM3\ARM_GCC_541\Debug\EmulatedFunctionGenerator.a(ADC_DelSig_1_IRQ.o)
                                0x373 (size before relaxing)
 .debug_str     0x0000170c      0x1bb .\CortexM3\ARM_GCC_541\Debug\EmulatedFunctionGenerator.a(ADC_DelSig_1_theACLK.o)
                                0x412 (size before relaxing)
 .debug_str     0x000018c7      0x292 .\CortexM3\ARM_GCC_541\Debug\EmulatedFunctionGenerator.a(CyDmac.o)
                                0x57d (size before relaxing)
 .debug_str     0x00001b59      0x7bb .\CortexM3\ARM_GCC_541\Debug\EmulatedFunctionGenerator.a(CyLib.o)
                                0xa7a (size before relaxing)
 .debug_str     0x00002314      0x365 .\CortexM3\ARM_GCC_541\Debug\EmulatedFunctionGenerator.a(cyPm.o)
                                0x766 (size before relaxing)
 .debug_str     0x00002679      0x167 .\CortexM3\ARM_GCC_541\Debug\EmulatedFunctionGenerator.a(Timer_1.o)
                                0x392 (size before relaxing)
 .debug_str     0x000027e0      0x138 .\CortexM3\ARM_GCC_541\Debug\EmulatedFunctionGenerator.a(TimerInterrupt.o)
                                0x357 (size before relaxing)
 .debug_str     0x00002918      0x369 .\CortexM3\ARM_GCC_541\Debug\EmulatedFunctionGenerator.a(LabVIEW_UART.o)
                                0x5a0 (size before relaxing)
 .debug_str     0x00002c81       0x30 .\CortexM3\ARM_GCC_541\Debug\EmulatedFunctionGenerator.a(LEDDrive.o)
                                0x1eb (size before relaxing)
 .debug_str     0x00002cb1      0x1a3 .\CortexM3\ARM_GCC_541\Debug\EmulatedFunctionGenerator.a(ByteCounter.o)
                                0x3f0 (size before relaxing)
 .debug_str     0x00002e54      0x188 .\CortexM3\ARM_GCC_541\Debug\EmulatedFunctionGenerator.a(LabVIEW_UART_IntClock.o)
                                0x3c9 (size before relaxing)
 .debug_str     0x00002fdc      0x1b4 .\CortexM3\ARM_GCC_541\Debug\EmulatedFunctionGenerator.a(CyFlash.o)
                                0x3f3 (size before relaxing)
 .debug_str     0x00003190       0xac .\CortexM3\ARM_GCC_541\Debug\EmulatedFunctionGenerator.a(CySpc.o)
                                0x36b (size before relaxing)

.debug_loc      0x00000000     0x37ea
 *(.debug_loc)
 .debug_loc     0x00000000       0x2a .\CortexM3\ARM_GCC_541\Debug\main.o
 .debug_loc     0x0000002a      0x29c .\CortexM3\ARM_GCC_541\Debug\cyfitter_cfg.o
 .debug_loc     0x000002c6      0x144 .\CortexM3\ARM_GCC_541\Debug\Cm3Start.o
 .debug_loc     0x0000040a      0x11b .\CortexM3\ARM_GCC_541\Debug\EmulatedFunctionGenerator.a(WaveDAC8_1.o)
 .debug_loc     0x00000525      0x681 .\CortexM3\ARM_GCC_541\Debug\EmulatedFunctionGenerator.a(ADC_DelSig_1.o)
 .debug_loc     0x00000ba6      0x128 .\CortexM3\ARM_GCC_541\Debug\EmulatedFunctionGenerator.a(WaveDAC8_1_DacClk.o)
 .debug_loc     0x00000cce       0x84 .\CortexM3\ARM_GCC_541\Debug\EmulatedFunctionGenerator.a(WaveDAC8_1_Wave1_DMA_dma.o)
 .debug_loc     0x00000d52       0x84 .\CortexM3\ARM_GCC_541\Debug\EmulatedFunctionGenerator.a(WaveDAC8_1_Wave2_DMA_dma.o)
 .debug_loc     0x00000dd6       0x79 .\CortexM3\ARM_GCC_541\Debug\EmulatedFunctionGenerator.a(WaveDAC8_1_VDAC8.o)
 .debug_loc     0x00000e4f       0x6c .\CortexM3\ARM_GCC_541\Debug\EmulatedFunctionGenerator.a(ADC_DelSig_1_AMux.o)
 .debug_loc     0x00000ebb      0x12c .\CortexM3\ARM_GCC_541\Debug\EmulatedFunctionGenerator.a(ADC_DelSig_1_Ext_CP_Clk.o)
 .debug_loc     0x00000fe7       0x56 .\CortexM3\ARM_GCC_541\Debug\EmulatedFunctionGenerator.a(ADC_DelSig_1_IRQ.o)
 .debug_loc     0x0000103d      0x14d .\CortexM3\ARM_GCC_541\Debug\EmulatedFunctionGenerator.a(ADC_DelSig_1_theACLK.o)
 .debug_loc     0x0000118a      0xb8e .\CortexM3\ARM_GCC_541\Debug\EmulatedFunctionGenerator.a(CyDmac.o)
 .debug_loc     0x00001d18      0xa11 .\CortexM3\ARM_GCC_541\Debug\EmulatedFunctionGenerator.a(CyLib.o)
 .debug_loc     0x00002729      0x1e4 .\CortexM3\ARM_GCC_541\Debug\EmulatedFunctionGenerator.a(cyPm.o)
 .debug_loc     0x0000290d       0x13 .\CortexM3\ARM_GCC_541\Debug\EmulatedFunctionGenerator.a(Timer_1.o)
 .debug_loc     0x00002920       0x56 .\CortexM3\ARM_GCC_541\Debug\EmulatedFunctionGenerator.a(TimerInterrupt.o)
 .debug_loc     0x00002976      0x258 .\CortexM3\ARM_GCC_541\Debug\EmulatedFunctionGenerator.a(LabVIEW_UART.o)
 .debug_loc     0x00002bce       0x3d .\CortexM3\ARM_GCC_541\Debug\EmulatedFunctionGenerator.a(ByteCounter.o)
 .debug_loc     0x00002c0b      0x128 .\CortexM3\ARM_GCC_541\Debug\EmulatedFunctionGenerator.a(LabVIEW_UART_IntClock.o)
 .debug_loc     0x00002d33      0x3b2 .\CortexM3\ARM_GCC_541\Debug\EmulatedFunctionGenerator.a(CyFlash.o)
 .debug_loc     0x000030e5      0x705 .\CortexM3\ARM_GCC_541\Debug\EmulatedFunctionGenerator.a(CySpc.o)

.debug_macinfo
 *(.debug_macinfo)

.debug_ranges   0x00000000      0xbc8
 *(.debug_ranges)
 .debug_ranges  0x00000000       0x28 .\CortexM3\ARM_GCC_541\Debug\main.o
 .debug_ranges  0x00000028       0x58 .\CortexM3\ARM_GCC_541\Debug\cyfitter_cfg.o
 .debug_ranges  0x00000080       0x38 .\CortexM3\ARM_GCC_541\Debug\Cm3Start.o
 .debug_ranges  0x000000b8       0x40 .\CortexM3\ARM_GCC_541\Debug\EmulatedFunctionGenerator.a(WaveDAC8_1.o)
 .debug_ranges  0x000000f8       0xd8 .\CortexM3\ARM_GCC_541\Debug\EmulatedFunctionGenerator.a(ADC_DelSig_1.o)
 .debug_ranges  0x000001d0       0x28 .\CortexM3\ARM_GCC_541\Debug\EmulatedFunctionGenerator.a(ADC_DelSig_1_INT.o)
 .debug_ranges  0x000001f8       0x60 .\CortexM3\ARM_GCC_541\Debug\EmulatedFunctionGenerator.a(WaveDAC8_1_DacClk.o)
 .debug_ranges  0x00000258       0x18 .\CortexM3\ARM_GCC_541\Debug\EmulatedFunctionGenerator.a(WaveDAC8_1_Wave1_DMA_dma.o)
 .debug_ranges  0x00000270       0x18 .\CortexM3\ARM_GCC_541\Debug\EmulatedFunctionGenerator.a(WaveDAC8_1_Wave2_DMA_dma.o)
 .debug_ranges  0x00000288       0x48 .\CortexM3\ARM_GCC_541\Debug\EmulatedFunctionGenerator.a(WaveDAC8_1_VDAC8.o)
 .debug_ranges  0x000002d0       0x20 .\CortexM3\ARM_GCC_541\Debug\EmulatedFunctionGenerator.a(ADC_DelSig_1_AMux.o)
 .debug_ranges  0x000002f0       0x60 .\CortexM3\ARM_GCC_541\Debug\EmulatedFunctionGenerator.a(ADC_DelSig_1_Ext_CP_Clk.o)
 .debug_ranges  0x00000350       0x70 .\CortexM3\ARM_GCC_541\Debug\EmulatedFunctionGenerator.a(ADC_DelSig_1_IRQ.o)
 .debug_ranges  0x000003c0       0x70 .\CortexM3\ARM_GCC_541\Debug\EmulatedFunctionGenerator.a(ADC_DelSig_1_theACLK.o)
 .debug_ranges  0x00000430       0xc8 .\CortexM3\ARM_GCC_541\Debug\EmulatedFunctionGenerator.a(CyDmac.o)
 .debug_ranges  0x000004f8      0x290 .\CortexM3\ARM_GCC_541\Debug\EmulatedFunctionGenerator.a(CyLib.o)
 .debug_ranges  0x00000788       0x88 .\CortexM3\ARM_GCC_541\Debug\EmulatedFunctionGenerator.a(cyPm.o)
 .debug_ranges  0x00000810       0x80 .\CortexM3\ARM_GCC_541\Debug\EmulatedFunctionGenerator.a(Timer_1.o)
 .debug_ranges  0x00000890       0x70 .\CortexM3\ARM_GCC_541\Debug\EmulatedFunctionGenerator.a(TimerInterrupt.o)
 .debug_ranges  0x00000900       0xe0 .\CortexM3\ARM_GCC_541\Debug\EmulatedFunctionGenerator.a(LabVIEW_UART.o)
 .debug_ranges  0x000009e0       0x18 .\CortexM3\ARM_GCC_541\Debug\EmulatedFunctionGenerator.a(LEDDrive.o)
 .debug_ranges  0x000009f8       0x88 .\CortexM3\ARM_GCC_541\Debug\EmulatedFunctionGenerator.a(ByteCounter.o)
 .debug_ranges  0x00000a80       0x60 .\CortexM3\ARM_GCC_541\Debug\EmulatedFunctionGenerator.a(LabVIEW_UART_IntClock.o)
 .debug_ranges  0x00000ae0       0x78 .\CortexM3\ARM_GCC_541\Debug\EmulatedFunctionGenerator.a(CyFlash.o)
 .debug_ranges  0x00000b58       0x70 .\CortexM3\ARM_GCC_541\Debug\EmulatedFunctionGenerator.a(CySpc.o)

.comment        0x00000000       0x6e
 .comment       0x00000000       0x6e .\CortexM3\ARM_GCC_541\Debug\main.o
                                 0x6f (size before relaxing)
 .comment       0x0000006e       0x6f .\CortexM3\ARM_GCC_541\Debug\cyfitter_cfg.o
 .comment       0x0000006e       0x6f .\CortexM3\ARM_GCC_541\Debug\cymetadata.o
 .comment       0x0000006e       0x6f .\CortexM3\ARM_GCC_541\Debug\Cm3Start.o
 .comment       0x0000006e       0x6f .\CortexM3\ARM_GCC_541\Debug\EmulatedFunctionGenerator.a(WaveDAC8_1.o)
 .comment       0x0000006e       0x6f .\CortexM3\ARM_GCC_541\Debug\EmulatedFunctionGenerator.a(ADC_DelSig_1.o)
 .comment       0x0000006e       0x6f .\CortexM3\ARM_GCC_541\Debug\EmulatedFunctionGenerator.a(ADC_DelSig_1_INT.o)
 .comment       0x0000006e       0x6f .\CortexM3\ARM_GCC_541\Debug\EmulatedFunctionGenerator.a(WaveDAC8_1_DacClk.o)
 .comment       0x0000006e       0x6f .\CortexM3\ARM_GCC_541\Debug\EmulatedFunctionGenerator.a(WaveDAC8_1_Wave1_DMA_dma.o)
 .comment       0x0000006e       0x6f .\CortexM3\ARM_GCC_541\Debug\EmulatedFunctionGenerator.a(WaveDAC8_1_Wave2_DMA_dma.o)
 .comment       0x0000006e       0x6f .\CortexM3\ARM_GCC_541\Debug\EmulatedFunctionGenerator.a(WaveDAC8_1_VDAC8.o)
 .comment       0x0000006e       0x6f .\CortexM3\ARM_GCC_541\Debug\EmulatedFunctionGenerator.a(ADC_DelSig_1_AMux.o)
 .comment       0x0000006e       0x6f .\CortexM3\ARM_GCC_541\Debug\EmulatedFunctionGenerator.a(ADC_DelSig_1_Ext_CP_Clk.o)
 .comment       0x0000006e       0x6f .\CortexM3\ARM_GCC_541\Debug\EmulatedFunctionGenerator.a(ADC_DelSig_1_IRQ.o)
 .comment       0x0000006e       0x6f .\CortexM3\ARM_GCC_541\Debug\EmulatedFunctionGenerator.a(ADC_DelSig_1_theACLK.o)
 .comment       0x0000006e       0x6f .\CortexM3\ARM_GCC_541\Debug\EmulatedFunctionGenerator.a(CyDmac.o)
 .comment       0x0000006e       0x6f .\CortexM3\ARM_GCC_541\Debug\EmulatedFunctionGenerator.a(CyLib.o)
 .comment       0x0000006e       0x6f .\CortexM3\ARM_GCC_541\Debug\EmulatedFunctionGenerator.a(cyPm.o)
 .comment       0x0000006e       0x6f .\CortexM3\ARM_GCC_541\Debug\EmulatedFunctionGenerator.a(Timer_1.o)
 .comment       0x0000006e       0x6f .\CortexM3\ARM_GCC_541\Debug\EmulatedFunctionGenerator.a(TimerInterrupt.o)
 .comment       0x0000006e       0x6f .\CortexM3\ARM_GCC_541\Debug\EmulatedFunctionGenerator.a(LabVIEW_UART.o)
 .comment       0x0000006e       0x6f .\CortexM3\ARM_GCC_541\Debug\EmulatedFunctionGenerator.a(LEDDrive.o)
 .comment       0x0000006e       0x6f .\CortexM3\ARM_GCC_541\Debug\EmulatedFunctionGenerator.a(ByteCounter.o)
 .comment       0x0000006e       0x6f .\CortexM3\ARM_GCC_541\Debug\EmulatedFunctionGenerator.a(LabVIEW_UART_IntClock.o)
 .comment       0x0000006e       0x6f .\CortexM3\ARM_GCC_541\Debug\EmulatedFunctionGenerator.a(CyFlash.o)
 .comment       0x0000006e       0x6f .\CortexM3\ARM_GCC_541\Debug\EmulatedFunctionGenerator.a(CySpc.o)

.debug_weaknames
 *(.debug_weaknames)

.debug_funcnames
 *(.debug_funcnames)

.debug_typenames
 *(.debug_typenames)

.debug_varnames
 *(.debug_varnames)

.note.gnu.arm.ident
 *(.note.gnu.arm.ident)

.ARM.attributes
                0x00000000       0x29
 *(.ARM.attributes)
 .ARM.attributes
                0x00000000       0x1d c:/program files (x86)/cypress/psoc creator/4.2/psoc creator/import/gnu/arm/5.4.1/bin/../lib/gcc/arm-none-eabi/5.4.1/armv7-m/crti.o
 .ARM.attributes
                0x0000001d       0x2d c:/program files (x86)/cypress/psoc creator/4.2/psoc creator/import/gnu/arm/5.4.1/bin/../lib/gcc/arm-none-eabi/5.4.1/armv7-m/crtbegin.o
 .ARM.attributes
                0x0000004a       0x1b c:/program files (x86)/cypress/psoc creator/4.2/psoc creator/import/gnu/arm/5.4.1/bin/../lib/gcc/arm-none-eabi/5.4.1/../../../../arm-none-eabi/lib/armv7-m/crt0.o
 .ARM.attributes
                0x00000065       0x33 .\CortexM3\ARM_GCC_541\Debug\main.o
 .ARM.attributes
                0x00000098       0x33 .\CortexM3\ARM_GCC_541\Debug\cyfitter_cfg.o
 .ARM.attributes
                0x000000cb       0x33 .\CortexM3\ARM_GCC_541\Debug\cymetadata.o
 .ARM.attributes
                0x000000fe       0x33 .\CortexM3\ARM_GCC_541\Debug\Cm3Start.o
 .ARM.attributes
                0x00000131       0x33 .\CortexM3\ARM_GCC_541\Debug\EmulatedFunctionGenerator.a(WaveDAC8_1.o)
 .ARM.attributes
                0x00000164       0x33 .\CortexM3\ARM_GCC_541\Debug\EmulatedFunctionGenerator.a(ADC_DelSig_1.o)
 .ARM.attributes
                0x00000197       0x33 .\CortexM3\ARM_GCC_541\Debug\EmulatedFunctionGenerator.a(ADC_DelSig_1_INT.o)
 .ARM.attributes
                0x000001ca       0x33 .\CortexM3\ARM_GCC_541\Debug\EmulatedFunctionGenerator.a(WaveDAC8_1_DacClk.o)
 .ARM.attributes
                0x000001fd       0x33 .\CortexM3\ARM_GCC_541\Debug\EmulatedFunctionGenerator.a(WaveDAC8_1_Wave1_DMA_dma.o)
 .ARM.attributes
                0x00000230       0x33 .\CortexM3\ARM_GCC_541\Debug\EmulatedFunctionGenerator.a(WaveDAC8_1_Wave2_DMA_dma.o)
 .ARM.attributes
                0x00000263       0x33 .\CortexM3\ARM_GCC_541\Debug\EmulatedFunctionGenerator.a(WaveDAC8_1_VDAC8.o)
 .ARM.attributes
                0x00000296       0x33 .\CortexM3\ARM_GCC_541\Debug\EmulatedFunctionGenerator.a(ADC_DelSig_1_AMux.o)
 .ARM.attributes
                0x000002c9       0x33 .\CortexM3\ARM_GCC_541\Debug\EmulatedFunctionGenerator.a(ADC_DelSig_1_Ext_CP_Clk.o)
 .ARM.attributes
                0x000002fc       0x33 .\CortexM3\ARM_GCC_541\Debug\EmulatedFunctionGenerator.a(ADC_DelSig_1_IRQ.o)
 .ARM.attributes
                0x0000032f       0x33 .\CortexM3\ARM_GCC_541\Debug\EmulatedFunctionGenerator.a(ADC_DelSig_1_theACLK.o)
 .ARM.attributes
                0x00000362       0x33 .\CortexM3\ARM_GCC_541\Debug\EmulatedFunctionGenerator.a(CyDmac.o)
 .ARM.attributes
                0x00000395       0x33 .\CortexM3\ARM_GCC_541\Debug\EmulatedFunctionGenerator.a(CyLib.o)
 .ARM.attributes
                0x000003c8       0x33 .\CortexM3\ARM_GCC_541\Debug\EmulatedFunctionGenerator.a(cyPm.o)
 .ARM.attributes
                0x000003fb       0x33 .\CortexM3\ARM_GCC_541\Debug\EmulatedFunctionGenerator.a(Timer_1.o)
 .ARM.attributes
                0x0000042e       0x33 .\CortexM3\ARM_GCC_541\Debug\EmulatedFunctionGenerator.a(TimerInterrupt.o)
 .ARM.attributes
                0x00000461       0x33 .\CortexM3\ARM_GCC_541\Debug\EmulatedFunctionGenerator.a(LabVIEW_UART.o)
 .ARM.attributes
                0x00000494       0x33 .\CortexM3\ARM_GCC_541\Debug\EmulatedFunctionGenerator.a(LEDDrive.o)
 .ARM.attributes
                0x000004c7       0x33 .\CortexM3\ARM_GCC_541\Debug\EmulatedFunctionGenerator.a(ByteCounter.o)
 .ARM.attributes
                0x000004fa       0x33 .\CortexM3\ARM_GCC_541\Debug\EmulatedFunctionGenerator.a(LabVIEW_UART_IntClock.o)
 .ARM.attributes
                0x0000052d       0x21 .\CortexM3\ARM_GCC_541\Debug\EmulatedFunctionGenerator.a(CyBootAsmGnu.o)
 .ARM.attributes
                0x0000054e       0x33 .\CortexM3\ARM_GCC_541\Debug\EmulatedFunctionGenerator.a(CyFlash.o)
 .ARM.attributes
                0x00000581       0x33 .\CortexM3\ARM_GCC_541\Debug\EmulatedFunctionGenerator.a(CySpc.o)
 .ARM.attributes
                0x000005b4       0x1d c:/program files (x86)/cypress/psoc creator/4.2/psoc creator/import/gnu/arm/5.4.1/bin/../lib/gcc/arm-none-eabi/5.4.1/armv7-m\libgcc.a(_arm_addsubdf3.o)
 .ARM.attributes
                0x000005d1       0x1d c:/program files (x86)/cypress/psoc creator/4.2/psoc creator/import/gnu/arm/5.4.1/bin/../lib/gcc/arm-none-eabi/5.4.1/armv7-m\libgcc.a(_arm_cmpdf2.o)
 .ARM.attributes
                0x000005ee       0x1d c:/program files (x86)/cypress/psoc creator/4.2/psoc creator/import/gnu/arm/5.4.1/bin/../lib/gcc/arm-none-eabi/5.4.1/armv7-m\libgcc.a(_arm_addsubsf3.o)
 .ARM.attributes
                0x0000060b       0x1d c:/program files (x86)/cypress/psoc creator/4.2/psoc creator/import/gnu/arm/5.4.1/bin/../lib/gcc/arm-none-eabi/5.4.1/armv7-m\libgcc.a(_arm_muldivsf3.o)
 .ARM.attributes
                0x00000628       0x1d c:/program files (x86)/cypress/psoc creator/4.2/psoc creator/import/gnu/arm/5.4.1/bin/../lib/gcc/arm-none-eabi/5.4.1/armv7-m\libgcc.a(_arm_fixunssfsi.o)
 .ARM.attributes
                0x00000645       0x2d c:/program files (x86)/cypress/psoc creator/4.2/psoc creator/import/gnu/arm/5.4.1/bin/../lib/gcc/arm-none-eabi/5.4.1/../../../../arm-none-eabi/lib/armv7-m\libg_nano.a(lib_a-errno.o)
 .ARM.attributes
                0x00000672       0x2d c:/program files (x86)/cypress/psoc creator/4.2/psoc creator/import/gnu/arm/5.4.1/bin/../lib/gcc/arm-none-eabi/5.4.1/../../../../arm-none-eabi/lib/armv7-m\libg_nano.a(lib_a-exit.o)
 .ARM.attributes
                0x0000069f       0x2d c:/program files (x86)/cypress/psoc creator/4.2/psoc creator/import/gnu/arm/5.4.1/bin/../lib/gcc/arm-none-eabi/5.4.1/../../../../arm-none-eabi/lib/armv7-m\libg_nano.a(lib_a-impure.o)
 .ARM.attributes
                0x000006cc       0x2d c:/program files (x86)/cypress/psoc creator/4.2/psoc creator/import/gnu/arm/5.4.1/bin/../lib/gcc/arm-none-eabi/5.4.1/../../../../arm-none-eabi/lib/armv7-m\libg_nano.a(lib_a-init.o)
 .ARM.attributes
                0x000006f9       0x2d c:/program files (x86)/cypress/psoc creator/4.2/psoc creator/import/gnu/arm/5.4.1/bin/../lib/gcc/arm-none-eabi/5.4.1/../../../../arm-none-eabi/lib/armv7-m\libg_nano.a(lib_a-memcpy-stub.o)
 .ARM.attributes
                0x00000726       0x2d c:/program files (x86)/cypress/psoc creator/4.2/psoc creator/import/gnu/arm/5.4.1/bin/../lib/gcc/arm-none-eabi/5.4.1/../../../../arm-none-eabi/lib/armv7-m\libg_nano.a(lib_a-memset.o)
 .ARM.attributes
                0x00000753       0x2d c:/program files (x86)/cypress/psoc creator/4.2/psoc creator/import/gnu/arm/5.4.1/bin/../lib/gcc/arm-none-eabi/5.4.1/armv7-m/crtend.o
 .ARM.attributes
                0x00000780       0x1d c:/program files (x86)/cypress/psoc creator/4.2/psoc creator/import/gnu/arm/5.4.1/bin/../lib/gcc/arm-none-eabi/5.4.1/armv7-m/crtn.o

/DISCARD/
 *(.note.GNU-stack)
OUTPUT(C:\Users\George Anwar\Documents\UC Berkeley\ME135 Spring 2020\PSOC Creator\ME135_235\EmulatedFunctionGenerator.cydsn\CortexM3\ARM_GCC_541\Debug\EmulatedFunctionGenerator.elf elf32-littlearm)
