Archive member included to satisfy reference by file (symbol)

.\CortexM3\ARM_GCC_541\Debug\CommandInterpreter.a(LabVIEW_UART.o)
                              .\CortexM3\ARM_GCC_541\Debug\main.o (LabVIEW_UART_Start)
.\CortexM3\ARM_GCC_541\Debug\CommandInterpreter.a(UARTReset.o)
                              .\CortexM3\ARM_GCC_541\Debug\main.o (UARTReset_Write)
.\CortexM3\ARM_GCC_541\Debug\CommandInterpreter.a(ByteReceived.o)
                              .\CortexM3\ARM_GCC_541\Debug\main.o (ByteReceived_Enable)
.\CortexM3\ARM_GCC_541\Debug\CommandInterpreter.a(LEDDrive.o)
                              .\CortexM3\ARM_GCC_541\Debug\main.o (LEDDrive_Write)
.\CortexM3\ARM_GCC_541\Debug\CommandInterpreter.a(ByteCounter.o)
                              .\CortexM3\ARM_GCC_541\Debug\main.o (ByteCounter_Enable)
.\CortexM3\ARM_GCC_541\Debug\CommandInterpreter.a(ByteCountReset.o)
                              .\CortexM3\ARM_GCC_541\Debug\main.o (ByteCountReset_Write)
.\CortexM3\ARM_GCC_541\Debug\CommandInterpreter.a(CommandReceived.o)
                              .\CortexM3\ARM_GCC_541\Debug\main.o (CommandReceived_Enable)
.\CortexM3\ARM_GCC_541\Debug\CommandInterpreter.a(LabVIEW_UART_IntClock.o)
                              .\CortexM3\ARM_GCC_541\Debug\CommandInterpreter.a(LabVIEW_UART.o) (LabVIEW_UART_IntClock_Start)
.\CortexM3\ARM_GCC_541\Debug\CommandInterpreter.a(CyLib.o)
                              .\CortexM3\ARM_GCC_541\Debug\Cm3Start.o (CyHalt)
.\CortexM3\ARM_GCC_541\Debug\CommandInterpreter.a(cyPm.o)
                              .\CortexM3\ARM_GCC_541\Debug\CommandInterpreter.a(CyLib.o) (CyPmReadStatus)
.\CortexM3\ARM_GCC_541\Debug\CommandInterpreter.a(Timer_1.o)
                              .\CortexM3\ARM_GCC_541\Debug\main.o (Timer_1_ReadStatusRegister)
.\CortexM3\ARM_GCC_541\Debug\CommandInterpreter.a(TimerInterrupt.o)
                              .\CortexM3\ARM_GCC_541\Debug\main.o (TimerInterrupt_Enable)
.\CortexM3\ARM_GCC_541\Debug\CommandInterpreter.a(CyBootAsmGnu.o)
                              .\CortexM3\ARM_GCC_541\Debug\cyfitter_cfg.o (CyDelayCycles)
.\CortexM3\ARM_GCC_541\Debug\CommandInterpreter.a(CyFlash.o)
                              .\CortexM3\ARM_GCC_541\Debug\CommandInterpreter.a(cyPm.o) (CyFlash_SetWaitCycles)
.\CortexM3\ARM_GCC_541\Debug\CommandInterpreter.a(CySpc.o)
                              .\CortexM3\ARM_GCC_541\Debug\CommandInterpreter.a(CyFlash.o) (CySpcStart)
c:/program files (x86)/cypress/psoc creator/4.2/psoc creator/import/gnu/arm/5.4.1/bin/../lib/gcc/arm-none-eabi/5.4.1/../../../../arm-none-eabi/lib/armv7-m\libg_nano.a(lib_a-errno.o)
                              .\CortexM3\ARM_GCC_541\Debug\Cm3Start.o (__errno)
c:/program files (x86)/cypress/psoc creator/4.2/psoc creator/import/gnu/arm/5.4.1/bin/../lib/gcc/arm-none-eabi/5.4.1/../../../../arm-none-eabi/lib/armv7-m\libg_nano.a(lib_a-exit.o)
                              c:/program files (x86)/cypress/psoc creator/4.2/psoc creator/import/gnu/arm/5.4.1/bin/../lib/gcc/arm-none-eabi/5.4.1/../../../../arm-none-eabi/lib/armv7-m/crt0.o (exit)
c:/program files (x86)/cypress/psoc creator/4.2/psoc creator/import/gnu/arm/5.4.1/bin/../lib/gcc/arm-none-eabi/5.4.1/../../../../arm-none-eabi/lib/armv7-m\libg_nano.a(lib_a-impure.o)
                              c:/program files (x86)/cypress/psoc creator/4.2/psoc creator/import/gnu/arm/5.4.1/bin/../lib/gcc/arm-none-eabi/5.4.1/../../../../arm-none-eabi/lib/armv7-m\libg_nano.a(lib_a-exit.o) (_global_impure_ptr)
c:/program files (x86)/cypress/psoc creator/4.2/psoc creator/import/gnu/arm/5.4.1/bin/../lib/gcc/arm-none-eabi/5.4.1/../../../../arm-none-eabi/lib/armv7-m\libg_nano.a(lib_a-init.o)
                              c:/program files (x86)/cypress/psoc creator/4.2/psoc creator/import/gnu/arm/5.4.1/bin/../lib/gcc/arm-none-eabi/5.4.1/../../../../arm-none-eabi/lib/armv7-m/crt0.o (__libc_init_array)
c:/program files (x86)/cypress/psoc creator/4.2/psoc creator/import/gnu/arm/5.4.1/bin/../lib/gcc/arm-none-eabi/5.4.1/../../../../arm-none-eabi/lib/armv7-m\libg_nano.a(lib_a-memcpy-stub.o)
                              .\CortexM3\ARM_GCC_541\Debug\cyfitter_cfg.o (memcpy)
c:/program files (x86)/cypress/psoc creator/4.2/psoc creator/import/gnu/arm/5.4.1/bin/../lib/gcc/arm-none-eabi/5.4.1/../../../../arm-none-eabi/lib/armv7-m\libg_nano.a(lib_a-memset.o)
                              c:/program files (x86)/cypress/psoc creator/4.2/psoc creator/import/gnu/arm/5.4.1/bin/../lib/gcc/arm-none-eabi/5.4.1/../../../../arm-none-eabi/lib/armv7-m/crt0.o (memset)

Allocating common symbols
Common symbol       size              file

TransmitBuffer      0x42              .\CortexM3\ARM_GCC_541\Debug\main.o
ReceivedBuffer      0x42              .\CortexM3\ARM_GCC_541\Debug\main.o
Transmit_Packet     0x42              .\CortexM3\ARM_GCC_541\Debug\main.o
problem3b_array     0x40              .\CortexM3\ARM_GCC_541\Debug\main.o
Status              0x1               .\CortexM3\ARM_GCC_541\Debug\main.o
problem3c_var       0x2               .\CortexM3\ARM_GCC_541\Debug\main.o
Command_Packet      0x42              .\CortexM3\ARM_GCC_541\Debug\main.o
dieTemperature      0x2               .\CortexM3\ARM_GCC_541\Debug\CommandInterpreter.a(CyFlash.o)
problem3a_array     0x40              .\CortexM3\ARM_GCC_541\Debug\main.o

Discarded input sections

 .text          0x00000000        0x0 c:/program files (x86)/cypress/psoc creator/4.2/psoc creator/import/gnu/arm/5.4.1/bin/../lib/gcc/arm-none-eabi/5.4.1/armv7-m/crti.o
 .data          0x00000000        0x0 c:/program files (x86)/cypress/psoc creator/4.2/psoc creator/import/gnu/arm/5.4.1/bin/../lib/gcc/arm-none-eabi/5.4.1/armv7-m/crti.o
 .bss           0x00000000        0x0 c:/program files (x86)/cypress/psoc creator/4.2/psoc creator/import/gnu/arm/5.4.1/bin/../lib/gcc/arm-none-eabi/5.4.1/armv7-m/crti.o
 .data          0x00000000        0x4 c:/program files (x86)/cypress/psoc creator/4.2/psoc creator/import/gnu/arm/5.4.1/bin/../lib/gcc/arm-none-eabi/5.4.1/armv7-m/crtbegin.o
 .text          0x00000000       0x74 c:/program files (x86)/cypress/psoc creator/4.2/psoc creator/import/gnu/arm/5.4.1/bin/../lib/gcc/arm-none-eabi/5.4.1/../../../../arm-none-eabi/lib/armv7-m/crt0.o
 .data          0x00000000        0x0 c:/program files (x86)/cypress/psoc creator/4.2/psoc creator/import/gnu/arm/5.4.1/bin/../lib/gcc/arm-none-eabi/5.4.1/../../../../arm-none-eabi/lib/armv7-m/crt0.o
 .bss           0x00000000        0x0 c:/program files (x86)/cypress/psoc creator/4.2/psoc creator/import/gnu/arm/5.4.1/bin/../lib/gcc/arm-none-eabi/5.4.1/../../../../arm-none-eabi/lib/armv7-m/crt0.o
 .ARM.extab     0x00000000        0x0 c:/program files (x86)/cypress/psoc creator/4.2/psoc creator/import/gnu/arm/5.4.1/bin/../lib/gcc/arm-none-eabi/5.4.1/../../../../arm-none-eabi/lib/armv7-m/crt0.o
 .ARM.exidx     0x00000000        0x8 c:/program files (x86)/cypress/psoc creator/4.2/psoc creator/import/gnu/arm/5.4.1/bin/../lib/gcc/arm-none-eabi/5.4.1/../../../../arm-none-eabi/lib/armv7-m/crt0.o
 .text          0x00000000        0x0 .\CortexM3\ARM_GCC_541\Debug\main.o
 .data          0x00000000        0x0 .\CortexM3\ARM_GCC_541\Debug\main.o
 .text          0x00000000        0x0 .\CortexM3\ARM_GCC_541\Debug\cyfitter_cfg.o
 .data          0x00000000        0x0 .\CortexM3\ARM_GCC_541\Debug\cyfitter_cfg.o
 .bss           0x00000000        0x0 .\CortexM3\ARM_GCC_541\Debug\cyfitter_cfg.o
 .text.SetAnalogRoutingPumps
                0x00000000       0x10 .\CortexM3\ARM_GCC_541\Debug\cyfitter_cfg.o
 .text          0x00000000        0x0 .\CortexM3\ARM_GCC_541\Debug\cymetadata.o
 .data          0x00000000        0x0 .\CortexM3\ARM_GCC_541\Debug\cymetadata.o
 .bss           0x00000000        0x0 .\CortexM3\ARM_GCC_541\Debug\cymetadata.o
 .text          0x00000000        0x0 .\CortexM3\ARM_GCC_541\Debug\Cm3Start.o
 .data          0x00000000        0x4 .\CortexM3\ARM_GCC_541\Debug\Cm3Start.o
 .bss           0x00000000        0x0 .\CortexM3\ARM_GCC_541\Debug\Cm3Start.o
 .text._exit    0x00000000        0xc .\CortexM3\ARM_GCC_541\Debug\Cm3Start.o
 .text._sbrk    0x00000000       0x30 .\CortexM3\ARM_GCC_541\Debug\Cm3Start.o
 .text          0x00000000        0x0 .\CortexM3\ARM_GCC_541\Debug\CommandInterpreter.a(LabVIEW_UART.o)
 .data          0x00000000        0x0 .\CortexM3\ARM_GCC_541\Debug\CommandInterpreter.a(LabVIEW_UART.o)
 .text.LabVIEW_UART_Stop
                0x00000000       0x3c .\CortexM3\ARM_GCC_541\Debug\CommandInterpreter.a(LabVIEW_UART.o)
 .text.LabVIEW_UART_ReadControlRegister
                0x00000000        0x4 .\CortexM3\ARM_GCC_541\Debug\CommandInterpreter.a(LabVIEW_UART.o)
 .text.LabVIEW_UART_WriteControlRegister
                0x00000000        0x4 .\CortexM3\ARM_GCC_541\Debug\CommandInterpreter.a(LabVIEW_UART.o)
 .text.LabVIEW_UART_SetRxInterruptMode
                0x00000000        0xc .\CortexM3\ARM_GCC_541\Debug\CommandInterpreter.a(LabVIEW_UART.o)
 .text.LabVIEW_UART_GetChar
                0x00000000       0x2c .\CortexM3\ARM_GCC_541\Debug\CommandInterpreter.a(LabVIEW_UART.o)
 .text.LabVIEW_UART_GetRxBufferSize
                0x00000000       0x18 .\CortexM3\ARM_GCC_541\Debug\CommandInterpreter.a(LabVIEW_UART.o)
 .text.LabVIEW_UART_ClearRxBuffer
                0x00000000       0x24 .\CortexM3\ARM_GCC_541\Debug\CommandInterpreter.a(LabVIEW_UART.o)
 .text.LabVIEW_UART_SetRxAddressMode
                0x00000000        0x4 .\CortexM3\ARM_GCC_541\Debug\CommandInterpreter.a(LabVIEW_UART.o)
 .text.LabVIEW_UART_SetRxAddress1
                0x00000000        0xc .\CortexM3\ARM_GCC_541\Debug\CommandInterpreter.a(LabVIEW_UART.o)
 .text.LabVIEW_UART_SetRxAddress2
                0x00000000        0xc .\CortexM3\ARM_GCC_541\Debug\CommandInterpreter.a(LabVIEW_UART.o)
 .text.LabVIEW_UART_SetTxInterruptMode
                0x00000000        0xc .\CortexM3\ARM_GCC_541\Debug\CommandInterpreter.a(LabVIEW_UART.o)
 .text.LabVIEW_UART_WriteTxData
                0x00000000       0x14 .\CortexM3\ARM_GCC_541\Debug\CommandInterpreter.a(LabVIEW_UART.o)
 .text.LabVIEW_UART_ReadTxStatus
                0x00000000        0xc .\CortexM3\ARM_GCC_541\Debug\CommandInterpreter.a(LabVIEW_UART.o)
 .text.LabVIEW_UART_PutString
                0x00000000       0x24 .\CortexM3\ARM_GCC_541\Debug\CommandInterpreter.a(LabVIEW_UART.o)
 .text.LabVIEW_UART_PutCRLF
                0x00000000       0x20 .\CortexM3\ARM_GCC_541\Debug\CommandInterpreter.a(LabVIEW_UART.o)
 .text.LabVIEW_UART_GetTxBufferSize
                0x00000000       0x24 .\CortexM3\ARM_GCC_541\Debug\CommandInterpreter.a(LabVIEW_UART.o)
 .text.LabVIEW_UART_ClearTxBuffer
                0x00000000       0x24 .\CortexM3\ARM_GCC_541\Debug\CommandInterpreter.a(LabVIEW_UART.o)
 .text.LabVIEW_UART_SendBreak
                0x00000000       0x58 .\CortexM3\ARM_GCC_541\Debug\CommandInterpreter.a(LabVIEW_UART.o)
 .text.LabVIEW_UART_SetTxAddressMode
                0x00000000        0x4 .\CortexM3\ARM_GCC_541\Debug\CommandInterpreter.a(LabVIEW_UART.o)
 .text          0x00000000        0x0 .\CortexM3\ARM_GCC_541\Debug\CommandInterpreter.a(UARTReset.o)
 .data          0x00000000        0x0 .\CortexM3\ARM_GCC_541\Debug\CommandInterpreter.a(UARTReset.o)
 .bss           0x00000000        0x0 .\CortexM3\ARM_GCC_541\Debug\CommandInterpreter.a(UARTReset.o)
 .text.UARTReset_Read
                0x00000000        0xc .\CortexM3\ARM_GCC_541\Debug\CommandInterpreter.a(UARTReset.o)
 .text          0x00000000        0x0 .\CortexM3\ARM_GCC_541\Debug\CommandInterpreter.a(ByteReceived.o)
 .data          0x00000000        0x0 .\CortexM3\ARM_GCC_541\Debug\CommandInterpreter.a(ByteReceived.o)
 .bss           0x00000000        0x0 .\CortexM3\ARM_GCC_541\Debug\CommandInterpreter.a(ByteReceived.o)
 .text.ByteReceived_GetVector
                0x00000000        0xc .\CortexM3\ARM_GCC_541\Debug\CommandInterpreter.a(ByteReceived.o)
 .text.ByteReceived_GetPriority
                0x00000000        0xc .\CortexM3\ARM_GCC_541\Debug\CommandInterpreter.a(ByteReceived.o)
 .text.ByteReceived_GetState
                0x00000000       0x10 .\CortexM3\ARM_GCC_541\Debug\CommandInterpreter.a(ByteReceived.o)
 .text.ByteReceived_Stop
                0x00000000       0x14 .\CortexM3\ARM_GCC_541\Debug\CommandInterpreter.a(ByteReceived.o)
 .text.ByteReceived_SetPending
                0x00000000        0xc .\CortexM3\ARM_GCC_541\Debug\CommandInterpreter.a(ByteReceived.o)
 .text.ByteReceived_ClearPending
                0x00000000        0xc .\CortexM3\ARM_GCC_541\Debug\CommandInterpreter.a(ByteReceived.o)
 .text          0x00000000        0x0 .\CortexM3\ARM_GCC_541\Debug\CommandInterpreter.a(LEDDrive.o)
 .data          0x00000000        0x0 .\CortexM3\ARM_GCC_541\Debug\CommandInterpreter.a(LEDDrive.o)
 .bss           0x00000000        0x0 .\CortexM3\ARM_GCC_541\Debug\CommandInterpreter.a(LEDDrive.o)
 .text          0x00000000        0x0 .\CortexM3\ARM_GCC_541\Debug\CommandInterpreter.a(ByteCounter.o)
 .data          0x00000000        0x0 .\CortexM3\ARM_GCC_541\Debug\CommandInterpreter.a(ByteCounter.o)
 .text.ByteCounter_Stop
                0x00000000       0x10 .\CortexM3\ARM_GCC_541\Debug\CommandInterpreter.a(ByteCounter.o)
 .text.ByteCounter_ReadControlRegister
                0x00000000        0xc .\CortexM3\ARM_GCC_541\Debug\CommandInterpreter.a(ByteCounter.o)
 .text.ByteCounter_WriteControlRegister
                0x00000000        0xc .\CortexM3\ARM_GCC_541\Debug\CommandInterpreter.a(ByteCounter.o)
 .text.ByteCounter_ReadPeriod
                0x00000000        0xc .\CortexM3\ARM_GCC_541\Debug\CommandInterpreter.a(ByteCounter.o)
 .text.ByteCounter_ReadCompare
                0x00000000        0xc .\CortexM3\ARM_GCC_541\Debug\CommandInterpreter.a(ByteCounter.o)
 .text          0x00000000        0x0 .\CortexM3\ARM_GCC_541\Debug\CommandInterpreter.a(ByteCountReset.o)
 .data          0x00000000        0x0 .\CortexM3\ARM_GCC_541\Debug\CommandInterpreter.a(ByteCountReset.o)
 .bss           0x00000000        0x0 .\CortexM3\ARM_GCC_541\Debug\CommandInterpreter.a(ByteCountReset.o)
 .text.ByteCountReset_Read
                0x00000000        0xc .\CortexM3\ARM_GCC_541\Debug\CommandInterpreter.a(ByteCountReset.o)
 .text          0x00000000        0x0 .\CortexM3\ARM_GCC_541\Debug\CommandInterpreter.a(CommandReceived.o)
 .data          0x00000000        0x0 .\CortexM3\ARM_GCC_541\Debug\CommandInterpreter.a(CommandReceived.o)
 .bss           0x00000000        0x0 .\CortexM3\ARM_GCC_541\Debug\CommandInterpreter.a(CommandReceived.o)
 .text.CommandReceived_GetVector
                0x00000000        0xc .\CortexM3\ARM_GCC_541\Debug\CommandInterpreter.a(CommandReceived.o)
 .text.CommandReceived_GetPriority
                0x00000000        0xc .\CortexM3\ARM_GCC_541\Debug\CommandInterpreter.a(CommandReceived.o)
 .text.CommandReceived_GetState
                0x00000000       0x18 .\CortexM3\ARM_GCC_541\Debug\CommandInterpreter.a(CommandReceived.o)
 .text.CommandReceived_Stop
                0x00000000       0x14 .\CortexM3\ARM_GCC_541\Debug\CommandInterpreter.a(CommandReceived.o)
 .text.CommandReceived_SetPending
                0x00000000        0xc .\CortexM3\ARM_GCC_541\Debug\CommandInterpreter.a(CommandReceived.o)
 .text.CommandReceived_ClearPending
                0x00000000        0xc .\CortexM3\ARM_GCC_541\Debug\CommandInterpreter.a(CommandReceived.o)
 .text          0x00000000        0x0 .\CortexM3\ARM_GCC_541\Debug\CommandInterpreter.a(LabVIEW_UART_IntClock.o)
 .data          0x00000000        0x0 .\CortexM3\ARM_GCC_541\Debug\CommandInterpreter.a(LabVIEW_UART_IntClock.o)
 .bss           0x00000000        0x0 .\CortexM3\ARM_GCC_541\Debug\CommandInterpreter.a(LabVIEW_UART_IntClock.o)
 .text.LabVIEW_UART_IntClock_Stop
                0x00000000       0x1c .\CortexM3\ARM_GCC_541\Debug\CommandInterpreter.a(LabVIEW_UART_IntClock.o)
 .text.LabVIEW_UART_IntClock_StopBlock
                0x00000000       0x6c .\CortexM3\ARM_GCC_541\Debug\CommandInterpreter.a(LabVIEW_UART_IntClock.o)
 .text.LabVIEW_UART_IntClock_StandbyPower
                0x00000000       0x20 .\CortexM3\ARM_GCC_541\Debug\CommandInterpreter.a(LabVIEW_UART_IntClock.o)
 .text.LabVIEW_UART_IntClock_GetDividerRegister
                0x00000000        0xc .\CortexM3\ARM_GCC_541\Debug\CommandInterpreter.a(LabVIEW_UART_IntClock.o)
 .text.LabVIEW_UART_IntClock_SetModeRegister
                0x00000000       0x14 .\CortexM3\ARM_GCC_541\Debug\CommandInterpreter.a(LabVIEW_UART_IntClock.o)
 .text.LabVIEW_UART_IntClock_ClearModeRegister
                0x00000000       0x18 .\CortexM3\ARM_GCC_541\Debug\CommandInterpreter.a(LabVIEW_UART_IntClock.o)
 .text.LabVIEW_UART_IntClock_GetModeRegister
                0x00000000       0x10 .\CortexM3\ARM_GCC_541\Debug\CommandInterpreter.a(LabVIEW_UART_IntClock.o)
 .text.LabVIEW_UART_IntClock_GetSourceRegister
                0x00000000       0x10 .\CortexM3\ARM_GCC_541\Debug\CommandInterpreter.a(LabVIEW_UART_IntClock.o)
 .text.LabVIEW_UART_IntClock_SetDividerRegister
                0x00000000       0xdc .\CortexM3\ARM_GCC_541\Debug\CommandInterpreter.a(LabVIEW_UART_IntClock.o)
 .text.LabVIEW_UART_IntClock_SetSourceRegister
                0x00000000       0x5c .\CortexM3\ARM_GCC_541\Debug\CommandInterpreter.a(LabVIEW_UART_IntClock.o)
 .text          0x00000000        0x0 .\CortexM3\ARM_GCC_541\Debug\CommandInterpreter.a(CyLib.o)
 .data          0x00000000       0x10 .\CortexM3\ARM_GCC_541\Debug\CommandInterpreter.a(CyLib.o)
 .bss           0x00000000       0x1c .\CortexM3\ARM_GCC_541\Debug\CommandInterpreter.a(CyLib.o)
 .text.CyUSB_PowerOnCheck
                0x00000000       0x48 .\CortexM3\ARM_GCC_541\Debug\CommandInterpreter.a(CyLib.o)
 .text.CyBusClk_Internal_SetDivider
                0x00000000       0x48 .\CortexM3\ARM_GCC_541\Debug\CommandInterpreter.a(CyLib.o)
 .text.CyPLL_OUT_Stop
                0x00000000       0x10 .\CortexM3\ARM_GCC_541\Debug\CommandInterpreter.a(CyLib.o)
 .text.CyIMO_Stop
                0x00000000       0x1c .\CortexM3\ARM_GCC_541\Debug\CommandInterpreter.a(CyLib.o)
 .text.CyIMO_EnableDoubler
                0x00000000       0x10 .\CortexM3\ARM_GCC_541\Debug\CommandInterpreter.a(CyLib.o)
 .text.CyIMO_DisableDoubler
                0x00000000       0x10 .\CortexM3\ARM_GCC_541\Debug\CommandInterpreter.a(CyLib.o)
 .text.CyMasterClk_SetSource
                0x00000000       0x18 .\CortexM3\ARM_GCC_541\Debug\CommandInterpreter.a(CyLib.o)
 .text.CyMasterClk_SetDivider
                0x00000000        0xc .\CortexM3\ARM_GCC_541\Debug\CommandInterpreter.a(CyLib.o)
 .text.CyBusClk_SetDivider
                0x00000000       0x70 .\CortexM3\ARM_GCC_541\Debug\CommandInterpreter.a(CyLib.o)
 .text.CyUsbClk_SetSource
                0x00000000       0x18 .\CortexM3\ARM_GCC_541\Debug\CommandInterpreter.a(CyLib.o)
 .text.CyILO_Start1K
                0x00000000       0x10 .\CortexM3\ARM_GCC_541\Debug\CommandInterpreter.a(CyLib.o)
 .text.CyILO_Stop1K
                0x00000000       0x10 .\CortexM3\ARM_GCC_541\Debug\CommandInterpreter.a(CyLib.o)
 .text.CyILO_Start100K
                0x00000000       0x10 .\CortexM3\ARM_GCC_541\Debug\CommandInterpreter.a(CyLib.o)
 .text.CyILO_Stop100K
                0x00000000       0x10 .\CortexM3\ARM_GCC_541\Debug\CommandInterpreter.a(CyLib.o)
 .text.CyPLL_OUT_Start
                0x00000000       0x78 .\CortexM3\ARM_GCC_541\Debug\CommandInterpreter.a(CyLib.o)
 .text.CyIMO_Start
                0x00000000       0x60 .\CortexM3\ARM_GCC_541\Debug\CommandInterpreter.a(CyLib.o)
 .text.CyILO_Enable33K
                0x00000000       0x10 .\CortexM3\ARM_GCC_541\Debug\CommandInterpreter.a(CyLib.o)
 .text.CyILO_Disable33K
                0x00000000       0x10 .\CortexM3\ARM_GCC_541\Debug\CommandInterpreter.a(CyLib.o)
 .text.CyILO_SetSource
                0x00000000       0x18 .\CortexM3\ARM_GCC_541\Debug\CommandInterpreter.a(CyLib.o)
 .text.CyILO_SetPowerMode
                0x00000000       0x24 .\CortexM3\ARM_GCC_541\Debug\CommandInterpreter.a(CyLib.o)
 .text.CyXTAL_32KHZ_Stop
                0x00000000       0x30 .\CortexM3\ARM_GCC_541\Debug\CommandInterpreter.a(CyLib.o)
 .text.CyXTAL_32KHZ_ReadStatus
                0x00000000       0x10 .\CortexM3\ARM_GCC_541\Debug\CommandInterpreter.a(CyLib.o)
 .text.CyXTAL_Start
                0x00000000       0xac .\CortexM3\ARM_GCC_541\Debug\CommandInterpreter.a(CyLib.o)
 .text.CyXTAL_Stop
                0x00000000       0x10 .\CortexM3\ARM_GCC_541\Debug\CommandInterpreter.a(CyLib.o)
 .text.CyXTAL_EnableErrStatus
                0x00000000       0x10 .\CortexM3\ARM_GCC_541\Debug\CommandInterpreter.a(CyLib.o)
 .text.CyXTAL_DisableErrStatus
                0x00000000       0x10 .\CortexM3\ARM_GCC_541\Debug\CommandInterpreter.a(CyLib.o)
 .text.CyXTAL_ReadStatus
                0x00000000       0x18 .\CortexM3\ARM_GCC_541\Debug\CommandInterpreter.a(CyLib.o)
 .text.CyXTAL_EnableFaultRecovery
                0x00000000       0x10 .\CortexM3\ARM_GCC_541\Debug\CommandInterpreter.a(CyLib.o)
 .text.CyXTAL_DisableFaultRecovery
                0x00000000       0x10 .\CortexM3\ARM_GCC_541\Debug\CommandInterpreter.a(CyLib.o)
 .text.CyXTAL_SetStartup
                0x00000000       0x18 .\CortexM3\ARM_GCC_541\Debug\CommandInterpreter.a(CyLib.o)
 .text.CyXTAL_SetFbVoltage
                0x00000000       0x18 .\CortexM3\ARM_GCC_541\Debug\CommandInterpreter.a(CyLib.o)
 .text.CyXTAL_SetWdVoltage
                0x00000000       0x18 .\CortexM3\ARM_GCC_541\Debug\CommandInterpreter.a(CyLib.o)
 .text.CyHalt   0x00000000        0x4 .\CortexM3\ARM_GCC_541\Debug\CommandInterpreter.a(CyLib.o)
 .text.CyPLL_OUT_SetPQ
                0x00000000       0x60 .\CortexM3\ARM_GCC_541\Debug\CommandInterpreter.a(CyLib.o)
 .text.CyPLL_OUT_SetSource
                0x00000000       0x34 .\CortexM3\ARM_GCC_541\Debug\CommandInterpreter.a(CyLib.o)
 .text.CyIMO_SetTrimValue
                0x00000000       0xcc .\CortexM3\ARM_GCC_541\Debug\CommandInterpreter.a(CyLib.o)
 .text.CyIMO_SetFreq
                0x00000000       0xf4 .\CortexM3\ARM_GCC_541\Debug\CommandInterpreter.a(CyLib.o)
 .text.CyIMO_SetSource
                0x00000000       0x58 .\CortexM3\ARM_GCC_541\Debug\CommandInterpreter.a(CyLib.o)
 .text.CySoftwareReset
                0x00000000       0x10 .\CortexM3\ARM_GCC_541\Debug\CommandInterpreter.a(CyLib.o)
 .text.CyDelay  0x00000000       0x2c .\CortexM3\ARM_GCC_541\Debug\CommandInterpreter.a(CyLib.o)
 .text.CyDelayUs
                0x00000000       0x14 .\CortexM3\ARM_GCC_541\Debug\CommandInterpreter.a(CyLib.o)
 .text.CyXTAL_32KHZ_SetPowerMode
                0x00000000       0x84 .\CortexM3\ARM_GCC_541\Debug\CommandInterpreter.a(CyLib.o)
 .text.CyXTAL_32KHZ_Start
                0x00000000       0x74 .\CortexM3\ARM_GCC_541\Debug\CommandInterpreter.a(CyLib.o)
 .text.CyDelayFreq
                0x00000000       0x4c .\CortexM3\ARM_GCC_541\Debug\CommandInterpreter.a(CyLib.o)
 .text.CyWdtStart
                0x00000000       0x40 .\CortexM3\ARM_GCC_541\Debug\CommandInterpreter.a(CyLib.o)
 .text.CyWdtClear
                0x00000000        0xc .\CortexM3\ARM_GCC_541\Debug\CommandInterpreter.a(CyLib.o)
 .text.CyVdStickyStatus
                0x00000000       0x2c .\CortexM3\ARM_GCC_541\Debug\CommandInterpreter.a(CyLib.o)
 .text.CyVdLvDigitEnable
                0x00000000       0x84 .\CortexM3\ARM_GCC_541\Debug\CommandInterpreter.a(CyLib.o)
 .text.CyVdLvAnalogEnable
                0x00000000       0x80 .\CortexM3\ARM_GCC_541\Debug\CommandInterpreter.a(CyLib.o)
 .text.CyVdLvDigitDisable
                0x00000000       0x30 .\CortexM3\ARM_GCC_541\Debug\CommandInterpreter.a(CyLib.o)
 .text.CyVdLvAnalogDisable
                0x00000000       0x28 .\CortexM3\ARM_GCC_541\Debug\CommandInterpreter.a(CyLib.o)
 .text.CyVdHvAnalogEnable
                0x00000000       0x54 .\CortexM3\ARM_GCC_541\Debug\CommandInterpreter.a(CyLib.o)
 .text.CyVdHvAnalogDisable
                0x00000000       0x20 .\CortexM3\ARM_GCC_541\Debug\CommandInterpreter.a(CyLib.o)
 .text.CyVdRealTimeStatus
                0x00000000       0x1c .\CortexM3\ARM_GCC_541\Debug\CommandInterpreter.a(CyLib.o)
 .text.CyDisableInts
                0x00000000       0x1c .\CortexM3\ARM_GCC_541\Debug\CommandInterpreter.a(CyLib.o)
 .text.CyEnableInts
                0x00000000       0x18 .\CortexM3\ARM_GCC_541\Debug\CommandInterpreter.a(CyLib.o)
 .text.CyFlushCache
                0x00000000       0x44 .\CortexM3\ARM_GCC_541\Debug\CommandInterpreter.a(CyLib.o)
 .text.CyIntSetSysVector
                0x00000000       0x28 .\CortexM3\ARM_GCC_541\Debug\CommandInterpreter.a(CyLib.o)
 .text.CyIntGetSysVector
                0x00000000       0x20 .\CortexM3\ARM_GCC_541\Debug\CommandInterpreter.a(CyLib.o)
 .text.CyIntSetVector
                0x00000000       0x28 .\CortexM3\ARM_GCC_541\Debug\CommandInterpreter.a(CyLib.o)
 .text.CyIntGetVector
                0x00000000       0x24 .\CortexM3\ARM_GCC_541\Debug\CommandInterpreter.a(CyLib.o)
 .text.CyIntSetPriority
                0x00000000       0x30 .\CortexM3\ARM_GCC_541\Debug\CommandInterpreter.a(CyLib.o)
 .text.CyIntGetPriority
                0x00000000       0x20 .\CortexM3\ARM_GCC_541\Debug\CommandInterpreter.a(CyLib.o)
 .text.CyIntGetState
                0x00000000       0x24 .\CortexM3\ARM_GCC_541\Debug\CommandInterpreter.a(CyLib.o)
 .text.CySysTickStop
                0x00000000       0x10 .\CortexM3\ARM_GCC_541\Debug\CommandInterpreter.a(CyLib.o)
 .text.CySysTickEnableInterrupt
                0x00000000       0x10 .\CortexM3\ARM_GCC_541\Debug\CommandInterpreter.a(CyLib.o)
 .text.CySysTickEnable
                0x00000000       0x18 .\CortexM3\ARM_GCC_541\Debug\CommandInterpreter.a(CyLib.o)
 .text.CySysTickDisableInterrupt
                0x00000000       0x10 .\CortexM3\ARM_GCC_541\Debug\CommandInterpreter.a(CyLib.o)
 .text.CySysTickSetReload
                0x00000000       0x10 .\CortexM3\ARM_GCC_541\Debug\CommandInterpreter.a(CyLib.o)
 .text.CySysTickGetReload
                0x00000000       0x10 .\CortexM3\ARM_GCC_541\Debug\CommandInterpreter.a(CyLib.o)
 .text.CySysTickGetValue
                0x00000000       0x10 .\CortexM3\ARM_GCC_541\Debug\CommandInterpreter.a(CyLib.o)
 .text.CySysTickSetClockSource
                0x00000000       0x20 .\CortexM3\ARM_GCC_541\Debug\CommandInterpreter.a(CyLib.o)
 .text.CySysTickGetClockSource
                0x00000000       0x10 .\CortexM3\ARM_GCC_541\Debug\CommandInterpreter.a(CyLib.o)
 .text.CySysTickGetCountFlag
                0x00000000       0x10 .\CortexM3\ARM_GCC_541\Debug\CommandInterpreter.a(CyLib.o)
 .text.CySysTickServiceCallbacks
                0x00000000       0x28 .\CortexM3\ARM_GCC_541\Debug\CommandInterpreter.a(CyLib.o)
 .text.CySysTickClear
                0x00000000        0xc .\CortexM3\ARM_GCC_541\Debug\CommandInterpreter.a(CyLib.o)
 .text.CySysTickInit
                0x00000000       0x58 .\CortexM3\ARM_GCC_541\Debug\CommandInterpreter.a(CyLib.o)
 .text.CySysTickStart
                0x00000000       0x1c .\CortexM3\ARM_GCC_541\Debug\CommandInterpreter.a(CyLib.o)
 .text.CySysTickSetCallback
                0x00000000       0x10 .\CortexM3\ARM_GCC_541\Debug\CommandInterpreter.a(CyLib.o)
 .text.CySysTickGetCallback
                0x00000000       0x10 .\CortexM3\ARM_GCC_541\Debug\CommandInterpreter.a(CyLib.o)
 .text.CyGetUniqueId
                0x00000000       0x70 .\CortexM3\ARM_GCC_541\Debug\CommandInterpreter.a(CyLib.o)
 .text          0x00000000        0x0 .\CortexM3\ARM_GCC_541\Debug\CommandInterpreter.a(cyPm.o)
 .data          0x00000000        0x0 .\CortexM3\ARM_GCC_541\Debug\CommandInterpreter.a(cyPm.o)
 .bss           0x00000000       0x43 .\CortexM3\ARM_GCC_541\Debug\CommandInterpreter.a(cyPm.o)
 .text.CyPmHibSlpSaveSet
                0x00000000      0x1dc .\CortexM3\ARM_GCC_541\Debug\CommandInterpreter.a(cyPm.o)
 .text.CyPmHibSlpRestore
                0x00000000       0xd8 .\CortexM3\ARM_GCC_541\Debug\CommandInterpreter.a(cyPm.o)
 .text.CyPmHviLviSaveDisable
                0x00000000       0xa0 .\CortexM3\ARM_GCC_541\Debug\CommandInterpreter.a(cyPm.o)
 .text.CyPmHibSaveSet
                0x00000000       0x98 .\CortexM3\ARM_GCC_541\Debug\CommandInterpreter.a(cyPm.o)
 .text.CyPmHviLviRestore
                0x00000000       0x48 .\CortexM3\ARM_GCC_541\Debug\CommandInterpreter.a(cyPm.o)
 .text.CyPmHibRestore
                0x00000000       0x60 .\CortexM3\ARM_GCC_541\Debug\CommandInterpreter.a(cyPm.o)
 .text.CyPmSaveClocks
                0x00000000      0x218 .\CortexM3\ARM_GCC_541\Debug\CommandInterpreter.a(cyPm.o)
 .text.CyPmRestoreClocks
                0x00000000      0x24c .\CortexM3\ARM_GCC_541\Debug\CommandInterpreter.a(cyPm.o)
 .text.CyPmAltAct
                0x00000000       0x6c .\CortexM3\ARM_GCC_541\Debug\CommandInterpreter.a(cyPm.o)
 .text.CyPmSleep
                0x00000000       0xf4 .\CortexM3\ARM_GCC_541\Debug\CommandInterpreter.a(cyPm.o)
 .text.CyPmHibernateEx
                0x00000000       0xf4 .\CortexM3\ARM_GCC_541\Debug\CommandInterpreter.a(cyPm.o)
 .text.CyPmHibernate
                0x00000000        0xc .\CortexM3\ARM_GCC_541\Debug\CommandInterpreter.a(cyPm.o)
 .text.CyPmReadStatus
                0x00000000       0x30 .\CortexM3\ARM_GCC_541\Debug\CommandInterpreter.a(cyPm.o)
 .text.CyPmCtwSetInterval
                0x00000000       0x5c .\CortexM3\ARM_GCC_541\Debug\CommandInterpreter.a(cyPm.o)
 .text.CyPmOppsSet
                0x00000000       0x2c .\CortexM3\ARM_GCC_541\Debug\CommandInterpreter.a(cyPm.o)
 .text.CyPmFtwSetInterval
                0x00000000       0x5c .\CortexM3\ARM_GCC_541\Debug\CommandInterpreter.a(cyPm.o)
 .rodata        0x00000000        0xf .\CortexM3\ARM_GCC_541\Debug\CommandInterpreter.a(cyPm.o)
 .text          0x00000000        0x0 .\CortexM3\ARM_GCC_541\Debug\CommandInterpreter.a(Timer_1.o)
 .data          0x00000000        0x0 .\CortexM3\ARM_GCC_541\Debug\CommandInterpreter.a(Timer_1.o)
 .text.Timer_1_Stop
                0x00000000       0x28 .\CortexM3\ARM_GCC_541\Debug\CommandInterpreter.a(Timer_1.o)
 .text.Timer_1_SoftwareCapture
                0x00000000        0xc .\CortexM3\ARM_GCC_541\Debug\CommandInterpreter.a(Timer_1.o)
 .text.Timer_1_ReadControlRegister
                0x00000000        0xc .\CortexM3\ARM_GCC_541\Debug\CommandInterpreter.a(Timer_1.o)
 .text.Timer_1_WriteControlRegister
                0x00000000        0xc .\CortexM3\ARM_GCC_541\Debug\CommandInterpreter.a(Timer_1.o)
 .text.Timer_1_ReadPeriod
                0x00000000        0xc .\CortexM3\ARM_GCC_541\Debug\CommandInterpreter.a(Timer_1.o)
 .text.Timer_1_ReadCapture
                0x00000000        0xc .\CortexM3\ARM_GCC_541\Debug\CommandInterpreter.a(Timer_1.o)
 .text.Timer_1_ReadCounter
                0x00000000       0x14 .\CortexM3\ARM_GCC_541\Debug\CommandInterpreter.a(Timer_1.o)
 .text          0x00000000        0x0 .\CortexM3\ARM_GCC_541\Debug\CommandInterpreter.a(TimerInterrupt.o)
 .data          0x00000000        0x0 .\CortexM3\ARM_GCC_541\Debug\CommandInterpreter.a(TimerInterrupt.o)
 .bss           0x00000000        0x0 .\CortexM3\ARM_GCC_541\Debug\CommandInterpreter.a(TimerInterrupt.o)
 .text.TimerInterrupt_GetVector
                0x00000000       0x10 .\CortexM3\ARM_GCC_541\Debug\CommandInterpreter.a(TimerInterrupt.o)
 .text.TimerInterrupt_GetPriority
                0x00000000        0xc .\CortexM3\ARM_GCC_541\Debug\CommandInterpreter.a(TimerInterrupt.o)
 .text.TimerInterrupt_GetState
                0x00000000       0x18 .\CortexM3\ARM_GCC_541\Debug\CommandInterpreter.a(TimerInterrupt.o)
 .text.TimerInterrupt_Stop
                0x00000000       0x14 .\CortexM3\ARM_GCC_541\Debug\CommandInterpreter.a(TimerInterrupt.o)
 .text.TimerInterrupt_SetPending
                0x00000000       0x10 .\CortexM3\ARM_GCC_541\Debug\CommandInterpreter.a(TimerInterrupt.o)
 .text.TimerInterrupt_ClearPending
                0x00000000       0x10 .\CortexM3\ARM_GCC_541\Debug\CommandInterpreter.a(TimerInterrupt.o)
 .data          0x00000000        0x0 .\CortexM3\ARM_GCC_541\Debug\CommandInterpreter.a(CyBootAsmGnu.o)
 .bss           0x00000000        0x0 .\CortexM3\ARM_GCC_541\Debug\CommandInterpreter.a(CyBootAsmGnu.o)
 .text          0x00000000        0x0 .\CortexM3\ARM_GCC_541\Debug\CommandInterpreter.a(CyFlash.o)
 .data          0x00000000        0x0 .\CortexM3\ARM_GCC_541\Debug\CommandInterpreter.a(CyFlash.o)
 .bss           0x00000000        0x0 .\CortexM3\ARM_GCC_541\Debug\CommandInterpreter.a(CyFlash.o)
 .text.CySetTempInt
                0x00000000       0x60 .\CortexM3\ARM_GCC_541\Debug\CommandInterpreter.a(CyFlash.o)
 .text.CyFlash_Start
                0x00000000       0x54 .\CortexM3\ARM_GCC_541\Debug\CommandInterpreter.a(CyFlash.o)
 .text.CyFlash_Stop
                0x00000000       0x24 .\CortexM3\ARM_GCC_541\Debug\CommandInterpreter.a(CyFlash.o)
 .text.CyFlash_EraseRow
                0x00000000       0x78 .\CortexM3\ARM_GCC_541\Debug\CommandInterpreter.a(CyFlash.o)
 .text.CyFlashGetSpcAlgorithm
                0x00000000       0x4c .\CortexM3\ARM_GCC_541\Debug\CommandInterpreter.a(CyFlash.o)
 .text.CySetTemp
                0x00000000       0x14 .\CortexM3\ARM_GCC_541\Debug\CommandInterpreter.a(CyFlash.o)
 .text.CySetFlashEEBuffer
                0x00000000       0x20 .\CortexM3\ARM_GCC_541\Debug\CommandInterpreter.a(CyFlash.o)
 .text.CyWriteRowFull
                0x00000000       0xf8 .\CortexM3\ARM_GCC_541\Debug\CommandInterpreter.a(CyFlash.o)
 .text.CyWriteRowData
                0x00000000       0x14 .\CortexM3\ARM_GCC_541\Debug\CommandInterpreter.a(CyFlash.o)
 .text.CyFlash_SetWaitCycles
                0x00000000       0x7c .\CortexM3\ARM_GCC_541\Debug\CommandInterpreter.a(CyFlash.o)
 .text.CyEEPROM_Start
                0x00000000       0x54 .\CortexM3\ARM_GCC_541\Debug\CommandInterpreter.a(CyFlash.o)
 .text.CyEEPROM_Stop
                0x00000000       0x24 .\CortexM3\ARM_GCC_541\Debug\CommandInterpreter.a(CyFlash.o)
 .text.CyEEPROM_ReadReserve
                0x00000000       0x1c .\CortexM3\ARM_GCC_541\Debug\CommandInterpreter.a(CyFlash.o)
 .text.CyEEPROM_ReadRelease
                0x00000000       0x10 .\CortexM3\ARM_GCC_541\Debug\CommandInterpreter.a(CyFlash.o)
 COMMON         0x00000000        0x2 .\CortexM3\ARM_GCC_541\Debug\CommandInterpreter.a(CyFlash.o)
 .text          0x00000000        0x0 .\CortexM3\ARM_GCC_541\Debug\CommandInterpreter.a(CySpc.o)
 .data          0x00000000        0x0 .\CortexM3\ARM_GCC_541\Debug\CommandInterpreter.a(CySpc.o)
 .bss           0x00000000        0x8 .\CortexM3\ARM_GCC_541\Debug\CommandInterpreter.a(CySpc.o)
 .text.CySpcStart
                0x00000000       0x24 .\CortexM3\ARM_GCC_541\Debug\CommandInterpreter.a(CySpc.o)
 .text.CySpcStop
                0x00000000       0x24 .\CortexM3\ARM_GCC_541\Debug\CommandInterpreter.a(CySpc.o)
 .text.CySpcReadData
                0x00000000       0x34 .\CortexM3\ARM_GCC_541\Debug\CommandInterpreter.a(CySpc.o)
 .text.CySpcLoadMultiByte
                0x00000000       0x78 .\CortexM3\ARM_GCC_541\Debug\CommandInterpreter.a(CySpc.o)
 .text.CySpcLoadRow
                0x00000000       0x50 .\CortexM3\ARM_GCC_541\Debug\CommandInterpreter.a(CySpc.o)
 .text.CySpcLoadRowFull
                0x00000000       0x80 .\CortexM3\ARM_GCC_541\Debug\CommandInterpreter.a(CySpc.o)
 .text.CySpcWriteRow
                0x00000000       0x4c .\CortexM3\ARM_GCC_541\Debug\CommandInterpreter.a(CySpc.o)
 .text.CySpcEraseSector
                0x00000000       0x3c .\CortexM3\ARM_GCC_541\Debug\CommandInterpreter.a(CySpc.o)
 .text.CySpcEraseRow
                0x00000000       0x4c .\CortexM3\ARM_GCC_541\Debug\CommandInterpreter.a(CySpc.o)
 .text.CySpcGetTemp
                0x00000000       0x3c .\CortexM3\ARM_GCC_541\Debug\CommandInterpreter.a(CySpc.o)
 .text.CySpcLock
                0x00000000       0x4c .\CortexM3\ARM_GCC_541\Debug\CommandInterpreter.a(CySpc.o)
 .text.CySpcUnlock
                0x00000000       0x38 .\CortexM3\ARM_GCC_541\Debug\CommandInterpreter.a(CySpc.o)
 .text.CySpcGetAlgorithm
                0x00000000       0x28 .\CortexM3\ARM_GCC_541\Debug\CommandInterpreter.a(CySpc.o)
 .text          0x00000000        0x0 c:/program files (x86)/cypress/psoc creator/4.2/psoc creator/import/gnu/arm/5.4.1/bin/../lib/gcc/arm-none-eabi/5.4.1/../../../../arm-none-eabi/lib/armv7-m\libg_nano.a(lib_a-errno.o)
 .data          0x00000000        0x0 c:/program files (x86)/cypress/psoc creator/4.2/psoc creator/import/gnu/arm/5.4.1/bin/../lib/gcc/arm-none-eabi/5.4.1/../../../../arm-none-eabi/lib/armv7-m\libg_nano.a(lib_a-errno.o)
 .bss           0x00000000        0x0 c:/program files (x86)/cypress/psoc creator/4.2/psoc creator/import/gnu/arm/5.4.1/bin/../lib/gcc/arm-none-eabi/5.4.1/../../../../arm-none-eabi/lib/armv7-m\libg_nano.a(lib_a-errno.o)
 .text          0x00000000        0x0 c:/program files (x86)/cypress/psoc creator/4.2/psoc creator/import/gnu/arm/5.4.1/bin/../lib/gcc/arm-none-eabi/5.4.1/../../../../arm-none-eabi/lib/armv7-m\libg_nano.a(lib_a-exit.o)
 .data          0x00000000        0x0 c:/program files (x86)/cypress/psoc creator/4.2/psoc creator/import/gnu/arm/5.4.1/bin/../lib/gcc/arm-none-eabi/5.4.1/../../../../arm-none-eabi/lib/armv7-m\libg_nano.a(lib_a-exit.o)
 .bss           0x00000000        0x0 c:/program files (x86)/cypress/psoc creator/4.2/psoc creator/import/gnu/arm/5.4.1/bin/../lib/gcc/arm-none-eabi/5.4.1/../../../../arm-none-eabi/lib/armv7-m\libg_nano.a(lib_a-exit.o)
 .text.exit     0x00000000       0x28 c:/program files (x86)/cypress/psoc creator/4.2/psoc creator/import/gnu/arm/5.4.1/bin/../lib/gcc/arm-none-eabi/5.4.1/../../../../arm-none-eabi/lib/armv7-m\libg_nano.a(lib_a-exit.o)
 .text          0x00000000        0x0 c:/program files (x86)/cypress/psoc creator/4.2/psoc creator/import/gnu/arm/5.4.1/bin/../lib/gcc/arm-none-eabi/5.4.1/../../../../arm-none-eabi/lib/armv7-m\libg_nano.a(lib_a-impure.o)
 .data          0x00000000        0x0 c:/program files (x86)/cypress/psoc creator/4.2/psoc creator/import/gnu/arm/5.4.1/bin/../lib/gcc/arm-none-eabi/5.4.1/../../../../arm-none-eabi/lib/armv7-m\libg_nano.a(lib_a-impure.o)
 .bss           0x00000000        0x0 c:/program files (x86)/cypress/psoc creator/4.2/psoc creator/import/gnu/arm/5.4.1/bin/../lib/gcc/arm-none-eabi/5.4.1/../../../../arm-none-eabi/lib/armv7-m\libg_nano.a(lib_a-impure.o)
 .rodata._global_impure_ptr
                0x00000000        0x4 c:/program files (x86)/cypress/psoc creator/4.2/psoc creator/import/gnu/arm/5.4.1/bin/../lib/gcc/arm-none-eabi/5.4.1/../../../../arm-none-eabi/lib/armv7-m\libg_nano.a(lib_a-impure.o)
 .text          0x00000000        0x0 c:/program files (x86)/cypress/psoc creator/4.2/psoc creator/import/gnu/arm/5.4.1/bin/../lib/gcc/arm-none-eabi/5.4.1/../../../../arm-none-eabi/lib/armv7-m\libg_nano.a(lib_a-init.o)
 .data          0x00000000        0x0 c:/program files (x86)/cypress/psoc creator/4.2/psoc creator/import/gnu/arm/5.4.1/bin/../lib/gcc/arm-none-eabi/5.4.1/../../../../arm-none-eabi/lib/armv7-m\libg_nano.a(lib_a-init.o)
 .bss           0x00000000        0x0 c:/program files (x86)/cypress/psoc creator/4.2/psoc creator/import/gnu/arm/5.4.1/bin/../lib/gcc/arm-none-eabi/5.4.1/../../../../arm-none-eabi/lib/armv7-m\libg_nano.a(lib_a-init.o)
 .text          0x00000000        0x0 c:/program files (x86)/cypress/psoc creator/4.2/psoc creator/import/gnu/arm/5.4.1/bin/../lib/gcc/arm-none-eabi/5.4.1/../../../../arm-none-eabi/lib/armv7-m\libg_nano.a(lib_a-memcpy-stub.o)
 .data          0x00000000        0x0 c:/program files (x86)/cypress/psoc creator/4.2/psoc creator/import/gnu/arm/5.4.1/bin/../lib/gcc/arm-none-eabi/5.4.1/../../../../arm-none-eabi/lib/armv7-m\libg_nano.a(lib_a-memcpy-stub.o)
 .bss           0x00000000        0x0 c:/program files (x86)/cypress/psoc creator/4.2/psoc creator/import/gnu/arm/5.4.1/bin/../lib/gcc/arm-none-eabi/5.4.1/../../../../arm-none-eabi/lib/armv7-m\libg_nano.a(lib_a-memcpy-stub.o)
 .text          0x00000000        0x0 c:/program files (x86)/cypress/psoc creator/4.2/psoc creator/import/gnu/arm/5.4.1/bin/../lib/gcc/arm-none-eabi/5.4.1/../../../../arm-none-eabi/lib/armv7-m\libg_nano.a(lib_a-memset.o)
 .data          0x00000000        0x0 c:/program files (x86)/cypress/psoc creator/4.2/psoc creator/import/gnu/arm/5.4.1/bin/../lib/gcc/arm-none-eabi/5.4.1/../../../../arm-none-eabi/lib/armv7-m\libg_nano.a(lib_a-memset.o)
 .bss           0x00000000        0x0 c:/program files (x86)/cypress/psoc creator/4.2/psoc creator/import/gnu/arm/5.4.1/bin/../lib/gcc/arm-none-eabi/5.4.1/../../../../arm-none-eabi/lib/armv7-m\libg_nano.a(lib_a-memset.o)
 .text          0x00000000        0x0 c:/program files (x86)/cypress/psoc creator/4.2/psoc creator/import/gnu/arm/5.4.1/bin/../lib/gcc/arm-none-eabi/5.4.1/armv7-m/crtend.o
 .data          0x00000000        0x0 c:/program files (x86)/cypress/psoc creator/4.2/psoc creator/import/gnu/arm/5.4.1/bin/../lib/gcc/arm-none-eabi/5.4.1/armv7-m/crtend.o
 .bss           0x00000000        0x0 c:/program files (x86)/cypress/psoc creator/4.2/psoc creator/import/gnu/arm/5.4.1/bin/../lib/gcc/arm-none-eabi/5.4.1/armv7-m/crtend.o
 .text          0x00000000        0x0 c:/program files (x86)/cypress/psoc creator/4.2/psoc creator/import/gnu/arm/5.4.1/bin/../lib/gcc/arm-none-eabi/5.4.1/armv7-m/crtn.o
 .data          0x00000000        0x0 c:/program files (x86)/cypress/psoc creator/4.2/psoc creator/import/gnu/arm/5.4.1/bin/../lib/gcc/arm-none-eabi/5.4.1/armv7-m/crtn.o
 .bss           0x00000000        0x0 c:/program files (x86)/cypress/psoc creator/4.2/psoc creator/import/gnu/arm/5.4.1/bin/../lib/gcc/arm-none-eabi/5.4.1/armv7-m/crtn.o

Memory Configuration

Name             Origin             Length             Attributes
rom              0x00000000         0x00040000         xr
ram              0x1fff8000         0x00010000         xrw
*default*        0x00000000         0xffffffff

Linker script and memory map

LOAD c:/program files (x86)/cypress/psoc creator/4.2/psoc creator/import/gnu/arm/5.4.1/bin/../lib/gcc/arm-none-eabi/5.4.1/armv7-m/crti.o
LOAD c:/program files (x86)/cypress/psoc creator/4.2/psoc creator/import/gnu/arm/5.4.1/bin/../lib/gcc/arm-none-eabi/5.4.1/armv7-m/crtbegin.o
LOAD c:/program files (x86)/cypress/psoc creator/4.2/psoc creator/import/gnu/arm/5.4.1/bin/../lib/gcc/arm-none-eabi/5.4.1/../../../../arm-none-eabi/lib/armv7-m/crt0.o
START GROUP
LOAD .\CortexM3\ARM_GCC_541\Debug\main.o
LOAD .\CortexM3\ARM_GCC_541\Debug\cyfitter_cfg.o
LOAD .\CortexM3\ARM_GCC_541\Debug\cymetadata.o
LOAD .\CortexM3\ARM_GCC_541\Debug\Cm3Start.o
LOAD .\CortexM3\ARM_GCC_541\Debug\CommandInterpreter.a
LOAD C:\Program Files (x86)\Cypress\PSoC Creator\4.2\PSoC Creator\psoc\content\cycomponentlibrary\CyComponentLibrary.cylib\CortexM3\ARM_GCC_541\Debug\CyComponentLibrary.a
END GROUP
START GROUP
LOAD c:/program files (x86)/cypress/psoc creator/4.2/psoc creator/import/gnu/arm/5.4.1/bin/../lib/gcc/arm-none-eabi/5.4.1/armv7-m\libgcc.a
LOAD c:/program files (x86)/cypress/psoc creator/4.2/psoc creator/import/gnu/arm/5.4.1/bin/../lib/gcc/arm-none-eabi/5.4.1/../../../../arm-none-eabi/lib/armv7-m\libg_nano.a
LOAD c:/program files (x86)/cypress/psoc creator/4.2/psoc creator/import/gnu/arm/5.4.1/bin/../lib/gcc/arm-none-eabi/5.4.1/../../../../arm-none-eabi/lib/armv7-m\libc_nano.a
END GROUP
START GROUP
LOAD c:/program files (x86)/cypress/psoc creator/4.2/psoc creator/import/gnu/arm/5.4.1/bin/../lib/gcc/arm-none-eabi/5.4.1/armv7-m\libgcc.a
LOAD c:/program files (x86)/cypress/psoc creator/4.2/psoc creator/import/gnu/arm/5.4.1/bin/../lib/gcc/arm-none-eabi/5.4.1/../../../../arm-none-eabi/lib/armv7-m\libc_nano.a
END GROUP
LOAD c:/program files (x86)/cypress/psoc creator/4.2/psoc creator/import/gnu/arm/5.4.1/bin/../lib/gcc/arm-none-eabi/5.4.1/armv7-m/crtend.o
LOAD c:/program files (x86)/cypress/psoc creator/4.2/psoc creator/import/gnu/arm/5.4.1/bin/../lib/gcc/arm-none-eabi/5.4.1/armv7-m/crtn.o
START GROUP
LOAD c:/program files (x86)/cypress/psoc creator/4.2/psoc creator/import/gnu/arm/5.4.1/bin/../lib/gcc/arm-none-eabi/5.4.1/armv7-m\libgcc.a
LOAD c:/program files (x86)/cypress/psoc creator/4.2/psoc creator/import/gnu/arm/5.4.1/bin/../lib/gcc/arm-none-eabi/5.4.1/../../../../arm-none-eabi/lib/armv7-m\libc.a
LOAD c:/program files (x86)/cypress/psoc creator/4.2/psoc creator/import/gnu/arm/5.4.1/bin/../lib/gcc/arm-none-eabi/5.4.1/../../../../arm-none-eabi/lib/armv7-m\libnosys.a
END GROUP
                0x00000000                CY_APPL_ORIGIN = 0x0
                0x00000100                CY_FLASH_ROW_SIZE = 0x100
                0x00000020                CY_ECC_ROW_SIZE = 0x20
                0x00000000                CY_EE_IN_BTLDR = 0x0
                0x00000000                CY_APPL_LOADABLE = 0x0
                0x00000800                CY_EE_SIZE = 0x800
                0x00000001                CY_APPL_NUM = 0x1
                0x00000001                CY_APPL_MAX = 0x1
                0x00000040                CY_METADATA_SIZE = 0x40
                0x00000000                CY_APPL_LOADABLE = 0x0
                0x00000000                CY_CHECKSUM_EXCLUDE_SIZE = ALIGN (0x0, CY_FLASH_ROW_SIZE)
                [!provide]                PROVIDE (__cy_heap_start, _end)
                0x00000001                PROVIDE (__cy_region_num, ((__cy_regions_end - __cy_regions) / 0x10))
                0x20008000                PROVIDE (__cy_stack, (ORIGIN (ram) + LENGTH (ram)))
                [!provide]                PROVIDE (__cy_heap_end, (__cy_stack - 0x800))

.cybootloader   0x00000000        0x0
 *(.cybootloader)
                0x00000000                appl1_start = CY_APPL_ORIGIN?CY_APPL_ORIGIN:ALIGN (CY_FLASH_ROW_SIZE)
                0x0001ff00                appl2_start = (appl1_start + ALIGN ((((LENGTH (rom) - appl1_start) - (0x2 * CY_FLASH_ROW_SIZE)) / 0x2), CY_FLASH_ROW_SIZE))
                0x00000000                appl_start = (CY_APPL_NUM == 0x1)?appl1_start:appl2_start
                0x00000000                ecc_offset = ((appl_start / CY_FLASH_ROW_SIZE) * CY_ECC_ROW_SIZE)
                0x00000000                ee_offset = (CY_APPL_LOADABLE && ! (CY_EE_IN_BTLDR))?((CY_EE_SIZE / CY_APPL_MAX) * (CY_APPL_NUM - 0x1)):0x0
                0x00000800                ee_size = (CY_APPL_LOADABLE && ! (CY_EE_IN_BTLDR))?(CY_EE_SIZE / CY_APPL_MAX):CY_EE_SIZE
                [!provide]                PROVIDE (CY_ECC_OFFSET, ecc_offset)

.text           0x00000000      0xa9e
 CREATE_OBJECT_SYMBOLS
                0x00000000                PROVIDE (__cy_interrupt_vector, RomVectors)
 *(.romvectors)
 .romvectors    0x00000000       0x10 .\CortexM3\ARM_GCC_541\Debug\Cm3Start.o
                0x00000000                RomVectors
                0x00000001                ASSERT ((. != __cy_interrupt_vector), No interrupt vector)
                0x00000001                ASSERT (CY_APPL_ORIGIN?(SIZEOF (.cybootloader) <= CY_APPL_ORIGIN):0x1, Wrong image location)
                0x00000010                PROVIDE (__cy_reset, Reset)
 *(.text.Reset)
 .text.Reset    0x00000010       0x18 .\CortexM3\ARM_GCC_541\Debug\Cm3Start.o
                0x00000010                Reset
                0x00000001                ASSERT ((. != __cy_reset), No reset code)
 *(.dma_init)
                0x00000001                ASSERT ((((appl_start + .) <= 0x10000) || 0x1), DMA Init must be within the first 64k of flash)
 *(.text .text.* .gnu.linkonce.t.*)
 .text          0x00000028       0x5c c:/program files (x86)/cypress/psoc creator/4.2/psoc creator/import/gnu/arm/5.4.1/bin/../lib/gcc/arm-none-eabi/5.4.1/armv7-m/crtbegin.o
 .text.ByteReceived
                0x00000084       0x4c .\CortexM3\ARM_GCC_541\Debug\main.o
                0x00000084                ByteReceived
 .text.CommandReceived
                0x000000d0       0x54 .\CortexM3\ARM_GCC_541\Debug\main.o
                0x000000d0                CommandReceived
 .text.TimerInterrupt
                0x00000124       0x18 .\CortexM3\ARM_GCC_541\Debug\main.o
                0x00000124                TimerInterrupt
 .text.main     0x0000013c      0x150 .\CortexM3\ARM_GCC_541\Debug\main.o
                0x0000013c                main
 .text.CyClockStartupError
                0x0000028c        0x4 .\CortexM3\ARM_GCC_541\Debug\cyfitter_cfg.o
 .text.cfg_write_bytes32
                0x00000290       0x34 .\CortexM3\ARM_GCC_541\Debug\cyfitter_cfg.o
 .text.AnalogSetDefault
                0x000002c4       0x28 .\CortexM3\ARM_GCC_541\Debug\cyfitter_cfg.o
 .text.CYMEMZERO
                0x000002ec        0xc .\CortexM3\ARM_GCC_541\Debug\cyfitter_cfg.o
 .text.ClockSetup
                0x000002f8       0xd0 .\CortexM3\ARM_GCC_541\Debug\cyfitter_cfg.o
 .text.CYCONFIGCPY
                0x000003c8        0x8 .\CortexM3\ARM_GCC_541\Debug\cyfitter_cfg.o
 .text.cyfitter_cfg
                0x000003d0      0x110 .\CortexM3\ARM_GCC_541\Debug\cyfitter_cfg.o
                0x000003d0                cyfitter_cfg
 .text.IntDefaultHandler
                0x000004e0       0x10 .\CortexM3\ARM_GCC_541\Debug\Cm3Start.o
                0x000004e0                IntDefaultHandler
 .text.Start_c  0x000004f0       0x4c .\CortexM3\ARM_GCC_541\Debug\Cm3Start.o
                0x000004f0                Start_c
 .text.initialize_psoc
                0x0000053c       0x68 .\CortexM3\ARM_GCC_541\Debug\Cm3Start.o
                0x0000053c                initialize_psoc
 .text.LabVIEW_UART_Init
                0x000005a4       0x28 .\CortexM3\ARM_GCC_541\Debug\CommandInterpreter.a(LabVIEW_UART.o)
                0x000005a4                LabVIEW_UART_Init
 .text.LabVIEW_UART_Enable
                0x000005cc       0x38 .\CortexM3\ARM_GCC_541\Debug\CommandInterpreter.a(LabVIEW_UART.o)
                0x000005cc                LabVIEW_UART_Enable
 .text.LabVIEW_UART_Start
                0x00000604       0x1c .\CortexM3\ARM_GCC_541\Debug\CommandInterpreter.a(LabVIEW_UART.o)
                0x00000604                LabVIEW_UART_Start
 .text.LabVIEW_UART_ReadRxData
                0x00000620        0xc .\CortexM3\ARM_GCC_541\Debug\CommandInterpreter.a(LabVIEW_UART.o)
                0x00000620                LabVIEW_UART_ReadRxData
 .text.LabVIEW_UART_ReadRxStatus
                0x0000062c       0x10 .\CortexM3\ARM_GCC_541\Debug\CommandInterpreter.a(LabVIEW_UART.o)
                0x0000062c                LabVIEW_UART_ReadRxStatus
 .text.LabVIEW_UART_GetByte
                0x0000063c       0x14 .\CortexM3\ARM_GCC_541\Debug\CommandInterpreter.a(LabVIEW_UART.o)
                0x0000063c                LabVIEW_UART_GetByte
 .text.LabVIEW_UART_PutChar
                0x00000650       0x18 .\CortexM3\ARM_GCC_541\Debug\CommandInterpreter.a(LabVIEW_UART.o)
                0x00000650                LabVIEW_UART_PutChar
 .text.LabVIEW_UART_PutArray
                0x00000668       0x28 .\CortexM3\ARM_GCC_541\Debug\CommandInterpreter.a(LabVIEW_UART.o)
                0x00000668                LabVIEW_UART_PutArray
 .text.UARTReset_Write
                0x00000690        0xc .\CortexM3\ARM_GCC_541\Debug\CommandInterpreter.a(UARTReset.o)
                0x00000690                UARTReset_Write
 .text.ByteReceived_Interrupt
                0x0000069c        0x4 .\CortexM3\ARM_GCC_541\Debug\CommandInterpreter.a(ByteReceived.o)
                0x0000069c                ByteReceived_Interrupt
 .text.ByteReceived_SetVector
                0x000006a0        0xc .\CortexM3\ARM_GCC_541\Debug\CommandInterpreter.a(ByteReceived.o)
                0x000006a0                ByteReceived_SetVector
 .text.ByteReceived_SetPriority
                0x000006ac       0x10 .\CortexM3\ARM_GCC_541\Debug\CommandInterpreter.a(ByteReceived.o)
                0x000006ac                ByteReceived_SetPriority
 .text.ByteReceived_Enable
                0x000006bc        0xc .\CortexM3\ARM_GCC_541\Debug\CommandInterpreter.a(ByteReceived.o)
                0x000006bc                ByteReceived_Enable
 .text.ByteReceived_Disable
                0x000006c8        0xc .\CortexM3\ARM_GCC_541\Debug\CommandInterpreter.a(ByteReceived.o)
                0x000006c8                ByteReceived_Disable
 .text.ByteReceived_Start
                0x000006d4       0x1c .\CortexM3\ARM_GCC_541\Debug\CommandInterpreter.a(ByteReceived.o)
                0x000006d4                ByteReceived_Start
 .text.ByteReceived_StartEx
                0x000006f0       0x1c .\CortexM3\ARM_GCC_541\Debug\CommandInterpreter.a(ByteReceived.o)
                0x000006f0                ByteReceived_StartEx
 .text.LEDDrive_Write
                0x0000070c        0xc .\CortexM3\ARM_GCC_541\Debug\CommandInterpreter.a(LEDDrive.o)
                0x0000070c                LEDDrive_Write
 .text.LEDDrive_Read
                0x00000718        0xc .\CortexM3\ARM_GCC_541\Debug\CommandInterpreter.a(LEDDrive.o)
                0x00000718                LEDDrive_Read
 .text.ByteCounter_Enable
                0x00000724       0x10 .\CortexM3\ARM_GCC_541\Debug\CommandInterpreter.a(ByteCounter.o)
                0x00000724                ByteCounter_Enable
 .text.ByteCounter_SetInterruptMode
                0x00000734        0xc .\CortexM3\ARM_GCC_541\Debug\CommandInterpreter.a(ByteCounter.o)
                0x00000734                ByteCounter_SetInterruptMode
 .text.ByteCounter_ReadStatusRegister
                0x00000740        0xc .\CortexM3\ARM_GCC_541\Debug\CommandInterpreter.a(ByteCounter.o)
                0x00000740                ByteCounter_ReadStatusRegister
 .text.ByteCounter_WriteCounter
                0x0000074c        0xc .\CortexM3\ARM_GCC_541\Debug\CommandInterpreter.a(ByteCounter.o)
                0x0000074c                ByteCounter_WriteCounter
 .text.ByteCounter_ReadCounter
                0x00000758       0x14 .\CortexM3\ARM_GCC_541\Debug\CommandInterpreter.a(ByteCounter.o)
                0x00000758                ByteCounter_ReadCounter
 .text.ByteCounter_ReadCapture
                0x0000076c        0xc .\CortexM3\ARM_GCC_541\Debug\CommandInterpreter.a(ByteCounter.o)
                0x0000076c                ByteCounter_ReadCapture
 .text.ByteCounter_WritePeriod
                0x00000778        0xc .\CortexM3\ARM_GCC_541\Debug\CommandInterpreter.a(ByteCounter.o)
                0x00000778                ByteCounter_WritePeriod
 .text.ByteCounter_WriteCompare
                0x00000784        0xc .\CortexM3\ARM_GCC_541\Debug\CommandInterpreter.a(ByteCounter.o)
                0x00000784                ByteCounter_WriteCompare
 .text.ByteCounter_ClearFIFO
                0x00000790       0x14 .\CortexM3\ARM_GCC_541\Debug\CommandInterpreter.a(ByteCounter.o)
                0x00000790                ByteCounter_ClearFIFO
 .text.ByteCounter_Init
                0x000007a4       0x50 .\CortexM3\ARM_GCC_541\Debug\CommandInterpreter.a(ByteCounter.o)
                0x000007a4                ByteCounter_Init
 .text.ByteCounter_Start
                0x000007f4       0x1c .\CortexM3\ARM_GCC_541\Debug\CommandInterpreter.a(ByteCounter.o)
                0x000007f4                ByteCounter_Start
 .text.ByteCountReset_Write
                0x00000810        0xc .\CortexM3\ARM_GCC_541\Debug\CommandInterpreter.a(ByteCountReset.o)
                0x00000810                ByteCountReset_Write
 .text.CommandReceived_Interrupt
                0x0000081c        0x4 .\CortexM3\ARM_GCC_541\Debug\CommandInterpreter.a(CommandReceived.o)
                0x0000081c                CommandReceived_Interrupt
 .text.CommandReceived_SetVector
                0x00000820        0xc .\CortexM3\ARM_GCC_541\Debug\CommandInterpreter.a(CommandReceived.o)
                0x00000820                CommandReceived_SetVector
 .text.CommandReceived_SetPriority
                0x0000082c       0x10 .\CortexM3\ARM_GCC_541\Debug\CommandInterpreter.a(CommandReceived.o)
                0x0000082c                CommandReceived_SetPriority
 .text.CommandReceived_Enable
                0x0000083c        0xc .\CortexM3\ARM_GCC_541\Debug\CommandInterpreter.a(CommandReceived.o)
                0x0000083c                CommandReceived_Enable
 .text.CommandReceived_Disable
                0x00000848        0xc .\CortexM3\ARM_GCC_541\Debug\CommandInterpreter.a(CommandReceived.o)
                0x00000848                CommandReceived_Disable
 .text.CommandReceived_Start
                0x00000854       0x1c .\CortexM3\ARM_GCC_541\Debug\CommandInterpreter.a(CommandReceived.o)
                0x00000854                CommandReceived_Start
 .text.CommandReceived_StartEx
                0x00000870       0x1c .\CortexM3\ARM_GCC_541\Debug\CommandInterpreter.a(CommandReceived.o)
                0x00000870                CommandReceived_StartEx
 .text.LabVIEW_UART_IntClock_Start
                0x0000088c       0x1c .\CortexM3\ARM_GCC_541\Debug\CommandInterpreter.a(LabVIEW_UART_IntClock.o)
                0x0000088c                LabVIEW_UART_IntClock_Start
 .text.Timer_1_Enable
                0x000008a8       0x28 .\CortexM3\ARM_GCC_541\Debug\CommandInterpreter.a(Timer_1.o)
                0x000008a8                Timer_1_Enable
 .text.Timer_1_SetInterruptMode
                0x000008d0        0xc .\CortexM3\ARM_GCC_541\Debug\CommandInterpreter.a(Timer_1.o)
                0x000008d0                Timer_1_SetInterruptMode
 .text.Timer_1_ReadStatusRegister
                0x000008dc        0xc .\CortexM3\ARM_GCC_541\Debug\CommandInterpreter.a(Timer_1.o)
                0x000008dc                Timer_1_ReadStatusRegister
 .text.Timer_1_WritePeriod
                0x000008e8        0xc .\CortexM3\ARM_GCC_541\Debug\CommandInterpreter.a(Timer_1.o)
                0x000008e8                Timer_1_WritePeriod
 .text.Timer_1_WriteCounter
                0x000008f4        0xc .\CortexM3\ARM_GCC_541\Debug\CommandInterpreter.a(Timer_1.o)
                0x000008f4                Timer_1_WriteCounter
 .text.Timer_1_Init
                0x00000900       0x68 .\CortexM3\ARM_GCC_541\Debug\CommandInterpreter.a(Timer_1.o)
                0x00000900                Timer_1_Init
 .text.Timer_1_Start
                0x00000968       0x1c .\CortexM3\ARM_GCC_541\Debug\CommandInterpreter.a(Timer_1.o)
                0x00000968                Timer_1_Start
 .text.TimerInterrupt_Interrupt
                0x00000984        0x4 .\CortexM3\ARM_GCC_541\Debug\CommandInterpreter.a(TimerInterrupt.o)
                0x00000984                TimerInterrupt_Interrupt
 .text.TimerInterrupt_SetVector
                0x00000988       0x10 .\CortexM3\ARM_GCC_541\Debug\CommandInterpreter.a(TimerInterrupt.o)
                0x00000988                TimerInterrupt_SetVector
 .text.TimerInterrupt_SetPriority
                0x00000998       0x10 .\CortexM3\ARM_GCC_541\Debug\CommandInterpreter.a(TimerInterrupt.o)
                0x00000998                TimerInterrupt_SetPriority
 .text.TimerInterrupt_Enable
                0x000009a8       0x10 .\CortexM3\ARM_GCC_541\Debug\CommandInterpreter.a(TimerInterrupt.o)
                0x000009a8                TimerInterrupt_Enable
 .text.TimerInterrupt_Disable
                0x000009b8       0x10 .\CortexM3\ARM_GCC_541\Debug\CommandInterpreter.a(TimerInterrupt.o)
                0x000009b8                TimerInterrupt_Disable
 .text.TimerInterrupt_Start
                0x000009c8       0x1c .\CortexM3\ARM_GCC_541\Debug\CommandInterpreter.a(TimerInterrupt.o)
                0x000009c8                TimerInterrupt_Start
 .text.TimerInterrupt_StartEx
                0x000009e4       0x1c .\CortexM3\ARM_GCC_541\Debug\CommandInterpreter.a(TimerInterrupt.o)
                0x000009e4                TimerInterrupt_StartEx
 .text          0x00000a00       0x20 .\CortexM3\ARM_GCC_541\Debug\CommandInterpreter.a(CyBootAsmGnu.o)
                0x00000a00                CyDelayCycles
                0x00000a10                CyEnterCriticalSection
                0x00000a18                CyExitCriticalSection
 .text.__errno  0x00000a20        0xc c:/program files (x86)/cypress/psoc creator/4.2/psoc creator/import/gnu/arm/5.4.1/bin/../lib/gcc/arm-none-eabi/5.4.1/../../../../arm-none-eabi/lib/armv7-m\libg_nano.a(lib_a-errno.o)
                0x00000a20                __errno
 .text.__libc_init_array
                0x00000a2c       0x4c c:/program files (x86)/cypress/psoc creator/4.2/psoc creator/import/gnu/arm/5.4.1/bin/../lib/gcc/arm-none-eabi/5.4.1/../../../../arm-none-eabi/lib/armv7-m\libg_nano.a(lib_a-init.o)
                0x00000a2c                __libc_init_array
 .text.memcpy   0x00000a78       0x16 c:/program files (x86)/cypress/psoc creator/4.2/psoc creator/import/gnu/arm/5.4.1/bin/../lib/gcc/arm-none-eabi/5.4.1/../../../../arm-none-eabi/lib/armv7-m\libg_nano.a(lib_a-memcpy-stub.o)
                0x00000a78                memcpy
 .text.memset   0x00000a8e       0x10 c:/program files (x86)/cypress/psoc creator/4.2/psoc creator/import/gnu/arm/5.4.1/bin/../lib/gcc/arm-none-eabi/5.4.1/../../../../arm-none-eabi/lib/armv7-m\libg_nano.a(lib_a-memset.o)
                0x00000a8e                memset
 *(.plt)
 *(.gnu.warning)
 *(.glue_7t)
 .glue_7t       0x00000a9e        0x0 linker stubs
 *(.glue_7)
 .glue_7        0x00000a9e        0x0 linker stubs
 *(.vfp11_veneer)
 .vfp11_veneer  0x00000a9e        0x0 linker stubs
 *(.bootloader)
 *(.ARM.extab* .gnu.linkonce.armextab.*)
 *(.gcc_except_table)

.v4_bx          0x00000aa0        0x0
 .v4_bx         0x00000aa0        0x0 linker stubs

.iplt           0x00000aa0        0x0
 .iplt          0x00000aa0        0x0 c:/program files (x86)/cypress/psoc creator/4.2/psoc creator/import/gnu/arm/5.4.1/bin/../lib/gcc/arm-none-eabi/5.4.1/armv7-m/crtbegin.o

.eh_frame_hdr
 *(.eh_frame_hdr)

.eh_frame       0x00000aa0        0x4
 *(.eh_frame)
 .eh_frame      0x00000aa0        0x0 c:/program files (x86)/cypress/psoc creator/4.2/psoc creator/import/gnu/arm/5.4.1/bin/../lib/gcc/arm-none-eabi/5.4.1/armv7-m/crtbegin.o
 .eh_frame      0x00000aa0        0x4 c:/program files (x86)/cypress/psoc creator/4.2/psoc creator/import/gnu/arm/5.4.1/bin/../lib/gcc/arm-none-eabi/5.4.1/armv7-m/crtend.o
                [!provide]                PROVIDE (__exidx_start, .)

.ARM.exidx
 *(.ARM.exidx* .gnu.linkonce.armexidx.*)
                0x00000aa4                __exidx_end = .

.rodata         0x00000aa4       0x7c
 *(.rodata .rodata.* .gnu.linkonce.r.*)
 .rodata        0x00000aa4       0x46 .\CortexM3\ARM_GCC_541\Debug\cyfitter_cfg.o
 .rodata.str1.1
                0x00000aea        0x2 c:/program files (x86)/cypress/psoc creator/4.2/psoc creator/import/gnu/arm/5.4.1/bin/../lib/gcc/arm-none-eabi/5.4.1/../../../../arm-none-eabi/lib/armv7-m\libg_nano.a(lib_a-impure.o)
                0x00000aec                . = ALIGN (0x4)
 *(.init)
 .init          0x00000aec        0x4 c:/program files (x86)/cypress/psoc creator/4.2/psoc creator/import/gnu/arm/5.4.1/bin/../lib/gcc/arm-none-eabi/5.4.1/armv7-m/crti.o
                0x00000aec                _init
 .init          0x00000af0        0x8 c:/program files (x86)/cypress/psoc creator/4.2/psoc creator/import/gnu/arm/5.4.1/bin/../lib/gcc/arm-none-eabi/5.4.1/armv7-m/crtn.o
                0x00000af8                . = ALIGN (0x4)
                0x00000af8                __preinit_array_start = .
 *(.preinit_array)
                0x00000af8                __preinit_array_end = .
                0x00000af8                . = ALIGN (0x4)
                0x00000af8                __init_array_start = .
 *(SORT(.init_array.*))
 *(.init_array)
 .init_array    0x00000af8        0x4 c:/program files (x86)/cypress/psoc creator/4.2/psoc creator/import/gnu/arm/5.4.1/bin/../lib/gcc/arm-none-eabi/5.4.1/armv7-m/crtbegin.o
 .init_array    0x00000afc        0x4 .\CortexM3\ARM_GCC_541\Debug\Cm3Start.o
                0x00000b00                __init_array_end = .
                0x00000b00                . = ALIGN (0x4)
 *(.fini)
 .fini          0x00000b00        0x4 c:/program files (x86)/cypress/psoc creator/4.2/psoc creator/import/gnu/arm/5.4.1/bin/../lib/gcc/arm-none-eabi/5.4.1/armv7-m/crti.o
                0x00000b00                _fini
 .fini          0x00000b04        0x8 c:/program files (x86)/cypress/psoc creator/4.2/psoc creator/import/gnu/arm/5.4.1/bin/../lib/gcc/arm-none-eabi/5.4.1/armv7-m/crtn.o
                0x00000b0c                . = ALIGN (0x4)
                0x00000b0c                __fini_array_start = .
 *(.fini_array)
 .fini_array    0x00000b0c        0x4 c:/program files (x86)/cypress/psoc creator/4.2/psoc creator/import/gnu/arm/5.4.1/bin/../lib/gcc/arm-none-eabi/5.4.1/armv7-m/crtbegin.o
 *(SORT(.fini_array.*))
                0x00000b10                __fini_array_end = .
                0x00000b10                . = ALIGN (0x4)
 *crtbegin.o(.ctors)
 *(EXCLUDE_FILE(*crtend.o) .ctors)
 *(SORT(.ctors.*))
 *crtend.o(.ctors)
                0x00000b10                . = ALIGN (0x4)
 *crtbegin.o(.dtors)
 *(EXCLUDE_FILE(*crtend.o) .dtors)
 *(SORT(.dtors.*))
 *crtend.o(.dtors)
                0x00000b10                . = ALIGN (0x4)
                0x00000b10                __cy_regions = .
                0x00000b10        0x4 LONG 0xb20 __cy_region_init_ram
                0x00000b14        0x4 LONG 0x1fff80c8 __cy_region_start_data
                0x00000b18        0x4 LONG 0x68 __cy_region_init_size_ram
                0x00000b1c        0x4 LONG 0x1b8 __cy_region_zero_size_ram
                0x00000b20                __cy_regions_end = .
                0x00000b20                . = ALIGN (0x8)
                0x00000b20                _etext = .

.cy_checksum_exclude
                0x00000b20        0x0
 *(.cy_checksum_exclude)

.ramvectors     0x1fff8000       0xc0
                0x1fff8000                __cy_region_start_ram = .
 *(.ramvectors)
 .ramvectors    0x1fff8000       0xc0 .\CortexM3\ARM_GCC_541\Debug\Cm3Start.o
                0x1fff8000                CyRamVectors

.noinit         0x1fff80c0        0x1
 *(.noinit)
 .noinit        0x1fff80c0        0x1 .\CortexM3\ARM_GCC_541\Debug\CommandInterpreter.a(CyLib.o)
                0x1fff80c0                CyResetStatus

.data           0x1fff80c8       0x68 load address 0x00000b20
                0x1fff80c8                __cy_region_start_data = .
 *(.jcr)
 .jcr           0x1fff80c8        0x0 c:/program files (x86)/cypress/psoc creator/4.2/psoc creator/import/gnu/arm/5.4.1/bin/../lib/gcc/arm-none-eabi/5.4.1/armv7-m/crtbegin.o
 .jcr           0x1fff80c8        0x4 c:/program files (x86)/cypress/psoc creator/4.2/psoc creator/import/gnu/arm/5.4.1/bin/../lib/gcc/arm-none-eabi/5.4.1/armv7-m/crtend.o
 *(.got.plt)
 *(.got)
 *(.shdata)
 *(.data .data.* .gnu.linkonce.d.*)
 .data.impure_data
                0x1fff80cc       0x60 c:/program files (x86)/cypress/psoc creator/4.2/psoc creator/import/gnu/arm/5.4.1/bin/../lib/gcc/arm-none-eabi/5.4.1/../../../../arm-none-eabi/lib/armv7-m\libg_nano.a(lib_a-impure.o)
 .data._impure_ptr
                0x1fff812c        0x4 c:/program files (x86)/cypress/psoc creator/4.2/psoc creator/import/gnu/arm/5.4.1/bin/../lib/gcc/arm-none-eabi/5.4.1/../../../../arm-none-eabi/lib/armv7-m\libg_nano.a(lib_a-impure.o)
                0x1fff812c                _impure_ptr
                0x1fff8130                . = ALIGN (0x8)
 *(.ram)
                0x1fff8130                _edata = .

.igot.plt       0x1fff8130        0x0 load address 0x00000b88
 .igot.plt      0x1fff8130        0x0 c:/program files (x86)/cypress/psoc creator/4.2/psoc creator/import/gnu/arm/5.4.1/bin/../lib/gcc/arm-none-eabi/5.4.1/armv7-m/crtbegin.o

.bss            0x1fff8130      0x1b8 load address 0x00000b88
                0x1fff8130                PROVIDE (__bss_start__, .)
 *(.shbss)
 *(.bss .bss.* .gnu.linkonce.b.*)
 .bss           0x1fff8130       0x1c c:/program files (x86)/cypress/psoc creator/4.2/psoc creator/import/gnu/arm/5.4.1/bin/../lib/gcc/arm-none-eabi/5.4.1/armv7-m/crtbegin.o
 .bss           0x1fff814c        0x4 .\CortexM3\ARM_GCC_541\Debug\main.o
                0x1fff814c                ByteCount
                0x1fff814d                firstbyte
                0x1fff814e                Count
                0x1fff814f                CommandReady
 .bss           0x1fff8150        0x2 .\CortexM3\ARM_GCC_541\Debug\CommandInterpreter.a(LabVIEW_UART.o)
                0x1fff8150                LabVIEW_UART_initVar
 .bss           0x1fff8152        0x1 .\CortexM3\ARM_GCC_541\Debug\CommandInterpreter.a(ByteCounter.o)
                0x1fff8152                ByteCounter_initVar
 .bss           0x1fff8153        0x1 .\CortexM3\ARM_GCC_541\Debug\CommandInterpreter.a(Timer_1.o)
                0x1fff8153                Timer_1_initVar
 *(COMMON)
 COMMON         0x1fff8154      0x194 .\CortexM3\ARM_GCC_541\Debug\main.o
                0x1fff8154                TransmitBuffer
                0x1fff8198                ReceivedBuffer
                0x1fff81dc                Transmit_Packet
                0x1fff8220                problem3b_array
                0x1fff8260                Status
                0x1fff8262                problem3c_var
                0x1fff8264                Command_Packet
                0x1fff82a8                problem3a_array
                0x1fff82e8                . = ALIGN (0x8)
 *(.ram.b)
                0x1fff82e8                _end = .
                0x1fff82e8                __end = .
                0x1fff82e8                PROVIDE (end, .)
                0x1fff82e8                PROVIDE (__bss_end__, .)
                0x00000b20                __cy_region_init_ram = LOADADDR (.data)
                0x00000068                __cy_region_init_size_ram = (_edata - ADDR (.data))
                0x000001b8                __cy_region_zero_size_ram = (_end - _edata)

.heap           0x1fff82e8       0x80 load address 0x00000b88
                0x1fff82e8                . = _end
                0x1fff8368                . = (. + 0x80)
 *fill*         0x1fff82e8       0x80 
                0x1fff8368                __cy_heap_limit = .

.stack          0x20007800      0x800
                0x20007800                __cy_stack_limit = .
                0x20008000                . = (. + 0x800)
 *fill*         0x20007800      0x800 
                0x00000001                ASSERT ((__cy_stack_limit >= __cy_heap_limit), region RAM overflowed with stack)
                0x00000000                cy_checksum_exclude_size = (CY_APPL_LOADABLE == 0x1)?SIZEOF (.cy_checksum_exclude):0x0
                0x00000001                ASSERT ((cy_checksum_exclude_size <= CY_CHECKSUM_EXCLUDE_SIZE), CY_BOOT: Section .cy_checksum_exclude size exceedes specified limit.)

.cyloadermeta
 *(.cyloadermeta)

.cyloadablemeta
 *(.cyloadablemeta)

.cyconfigecc    0x80000000      0x4e0
 *(.cyconfigecc)
 .cyconfigecc   0x80000000      0x4e0 .\CortexM3\ARM_GCC_541\Debug\cymetadata.o
                0x80000000                cy_meta_configecc

.cycustnvl      0x90000000        0x4
 *(.cycustnvl)
 .cycustnvl     0x90000000        0x4 .\CortexM3\ARM_GCC_541\Debug\cymetadata.o
                0x90000000                cy_meta_custnvl

.cywolatch      0x90100000        0x4
 *(.cywolatch)
 .cywolatch     0x90100000        0x4 .\CortexM3\ARM_GCC_541\Debug\cymetadata.o
                0x90100000                cy_meta_wonvl

.cyeeprom       0x90200000        0x0
 *(.cyeeprom)
                0x00000001                ASSERT ((. <= ((0x90200000 + ee_offset) + ee_size)), .cyeeprom data will not fit in EEPROM)

.cyflashprotect
                0x90400000      0x100
 *(.cyflashprotect)
 .cyflashprotect
                0x90400000      0x100 .\CortexM3\ARM_GCC_541\Debug\cymetadata.o
                0x90400000                cy_meta_flashprotect

.cymeta         0x90500000        0xc
 *(.cymeta)
 .cymeta        0x90500000        0xc .\CortexM3\ARM_GCC_541\Debug\cymetadata.o
                0x90500000                cy_metadata

.rel.dyn        0x00000b88        0x0 load address 0x9050000c
 .rel.iplt      0x00000b88        0x0 c:/program files (x86)/cypress/psoc creator/4.2/psoc creator/import/gnu/arm/5.4.1/bin/../lib/gcc/arm-none-eabi/5.4.1/armv7-m/crtbegin.o

.stab
 *(.stab)

.stabstr
 *(.stabstr)

.debug
 *(.debug)

.line
 *(.line)

.debug_srcinfo
 *(.debug_srcinfo)

.debug_sfnames
 *(.debug_sfnames)

.debug_aranges  0x00000000      0x9c8
 *(.debug_aranges)
 .debug_aranges
                0x00000000       0x38 .\CortexM3\ARM_GCC_541\Debug\main.o
 .debug_aranges
                0x00000038       0x58 .\CortexM3\ARM_GCC_541\Debug\cyfitter_cfg.o
 .debug_aranges
                0x00000090       0x18 .\CortexM3\ARM_GCC_541\Debug\cymetadata.o
 .debug_aranges
                0x000000a8       0x48 .\CortexM3\ARM_GCC_541\Debug\Cm3Start.o
 .debug_aranges
                0x000000f0       0xf0 .\CortexM3\ARM_GCC_541\Debug\CommandInterpreter.a(LabVIEW_UART.o)
 .debug_aranges
                0x000001e0       0x28 .\CortexM3\ARM_GCC_541\Debug\CommandInterpreter.a(UARTReset.o)
 .debug_aranges
                0x00000208       0x80 .\CortexM3\ARM_GCC_541\Debug\CommandInterpreter.a(ByteReceived.o)
 .debug_aranges
                0x00000288       0x28 .\CortexM3\ARM_GCC_541\Debug\CommandInterpreter.a(LEDDrive.o)
 .debug_aranges
                0x000002b0       0x98 .\CortexM3\ARM_GCC_541\Debug\CommandInterpreter.a(ByteCounter.o)
 .debug_aranges
                0x00000348       0x28 .\CortexM3\ARM_GCC_541\Debug\CommandInterpreter.a(ByteCountReset.o)
 .debug_aranges
                0x00000370       0x80 .\CortexM3\ARM_GCC_541\Debug\CommandInterpreter.a(CommandReceived.o)
 .debug_aranges
                0x000003f0       0x70 .\CortexM3\ARM_GCC_541\Debug\CommandInterpreter.a(LabVIEW_UART_IntClock.o)
 .debug_aranges
                0x00000460      0x2a0 .\CortexM3\ARM_GCC_541\Debug\CommandInterpreter.a(CyLib.o)
 .debug_aranges
                0x00000700       0x98 .\CortexM3\ARM_GCC_541\Debug\CommandInterpreter.a(cyPm.o)
 .debug_aranges
                0x00000798       0x88 .\CortexM3\ARM_GCC_541\Debug\CommandInterpreter.a(Timer_1.o)
 .debug_aranges
                0x00000820       0x80 .\CortexM3\ARM_GCC_541\Debug\CommandInterpreter.a(TimerInterrupt.o)
 .debug_aranges
                0x000008a0       0x20 .\CortexM3\ARM_GCC_541\Debug\CommandInterpreter.a(CyBootAsmGnu.o)
 .debug_aranges
                0x000008c0       0x88 .\CortexM3\ARM_GCC_541\Debug\CommandInterpreter.a(CyFlash.o)
 .debug_aranges
                0x00000948       0x80 .\CortexM3\ARM_GCC_541\Debug\CommandInterpreter.a(CySpc.o)

.debug_pubnames
 *(.debug_pubnames)

.debug_info     0x00000000     0x536e
 *(.debug_info .gnu.linkonce.wi.*)
 .debug_info    0x00000000      0x5a4 .\CortexM3\ARM_GCC_541\Debug\main.o
 .debug_info    0x000005a4      0x595 .\CortexM3\ARM_GCC_541\Debug\cyfitter_cfg.o
 .debug_info    0x00000b39      0x136 .\CortexM3\ARM_GCC_541\Debug\cymetadata.o
 .debug_info    0x00000c6f      0x3bb .\CortexM3\ARM_GCC_541\Debug\Cm3Start.o
 .debug_info    0x0000102a      0x60c .\CortexM3\ARM_GCC_541\Debug\CommandInterpreter.a(LabVIEW_UART.o)
 .debug_info    0x00001636       0xd6 .\CortexM3\ARM_GCC_541\Debug\CommandInterpreter.a(UARTReset.o)
 .debug_info    0x0000170c      0x2d2 .\CortexM3\ARM_GCC_541\Debug\CommandInterpreter.a(ByteReceived.o)
 .debug_info    0x000019de       0xd6 .\CortexM3\ARM_GCC_541\Debug\CommandInterpreter.a(LEDDrive.o)
 .debug_info    0x00001ab4      0x327 .\CortexM3\ARM_GCC_541\Debug\CommandInterpreter.a(ByteCounter.o)
 .debug_info    0x00001ddb       0xd6 .\CortexM3\ARM_GCC_541\Debug\CommandInterpreter.a(ByteCountReset.o)
 .debug_info    0x00001eb1      0x2d2 .\CortexM3\ARM_GCC_541\Debug\CommandInterpreter.a(CommandReceived.o)
 .debug_info    0x00002183      0x283 .\CortexM3\ARM_GCC_541\Debug\CommandInterpreter.a(LabVIEW_UART_IntClock.o)
 .debug_info    0x00002406     0x1374 .\CortexM3\ARM_GCC_541\Debug\CommandInterpreter.a(CyLib.o)
 .debug_info    0x0000377a      0xa2a .\CortexM3\ARM_GCC_541\Debug\CommandInterpreter.a(cyPm.o)
 .debug_info    0x000041a4      0x295 .\CortexM3\ARM_GCC_541\Debug\CommandInterpreter.a(Timer_1.o)
 .debug_info    0x00004439      0x2d2 .\CortexM3\ARM_GCC_541\Debug\CommandInterpreter.a(TimerInterrupt.o)
 .debug_info    0x0000470b       0xc6 .\CortexM3\ARM_GCC_541\Debug\CommandInterpreter.a(CyBootAsmGnu.o)
 .debug_info    0x000047d1      0x64d .\CortexM3\ARM_GCC_541\Debug\CommandInterpreter.a(CyFlash.o)
 .debug_info    0x00004e1e      0x550 .\CortexM3\ARM_GCC_541\Debug\CommandInterpreter.a(CySpc.o)

.debug_abbrev   0x00000000     0x17bd
 *(.debug_abbrev)
 .debug_abbrev  0x00000000      0x148 .\CortexM3\ARM_GCC_541\Debug\main.o
 .debug_abbrev  0x00000148      0x20d .\CortexM3\ARM_GCC_541\Debug\cyfitter_cfg.o
 .debug_abbrev  0x00000355       0x77 .\CortexM3\ARM_GCC_541\Debug\cymetadata.o
 .debug_abbrev  0x000003cc      0x1e8 .\CortexM3\ARM_GCC_541\Debug\Cm3Start.o
 .debug_abbrev  0x000005b4      0x175 .\CortexM3\ARM_GCC_541\Debug\CommandInterpreter.a(LabVIEW_UART.o)
 .debug_abbrev  0x00000729       0x81 .\CortexM3\ARM_GCC_541\Debug\CommandInterpreter.a(UARTReset.o)
 .debug_abbrev  0x000007aa      0x173 .\CortexM3\ARM_GCC_541\Debug\CommandInterpreter.a(ByteReceived.o)
 .debug_abbrev  0x0000091d       0x81 .\CortexM3\ARM_GCC_541\Debug\CommandInterpreter.a(LEDDrive.o)
 .debug_abbrev  0x0000099e      0x117 .\CortexM3\ARM_GCC_541\Debug\CommandInterpreter.a(ByteCounter.o)
 .debug_abbrev  0x00000ab5       0x81 .\CortexM3\ARM_GCC_541\Debug\CommandInterpreter.a(ByteCountReset.o)
 .debug_abbrev  0x00000b36      0x173 .\CortexM3\ARM_GCC_541\Debug\CommandInterpreter.a(CommandReceived.o)
 .debug_abbrev  0x00000ca9      0x139 .\CortexM3\ARM_GCC_541\Debug\CommandInterpreter.a(LabVIEW_UART_IntClock.o)
 .debug_abbrev  0x00000de2      0x254 .\CortexM3\ARM_GCC_541\Debug\CommandInterpreter.a(CyLib.o)
 .debug_abbrev  0x00001036      0x1ab .\CortexM3\ARM_GCC_541\Debug\CommandInterpreter.a(cyPm.o)
 .debug_abbrev  0x000011e1      0x11a .\CortexM3\ARM_GCC_541\Debug\CommandInterpreter.a(Timer_1.o)
 .debug_abbrev  0x000012fb      0x173 .\CortexM3\ARM_GCC_541\Debug\CommandInterpreter.a(TimerInterrupt.o)
 .debug_abbrev  0x0000146e       0x14 .\CortexM3\ARM_GCC_541\Debug\CommandInterpreter.a(CyBootAsmGnu.o)
 .debug_abbrev  0x00001482      0x1a7 .\CortexM3\ARM_GCC_541\Debug\CommandInterpreter.a(CyFlash.o)
 .debug_abbrev  0x00001629      0x194 .\CortexM3\ARM_GCC_541\Debug\CommandInterpreter.a(CySpc.o)

.debug_line     0x00000000     0x24e2
 *(.debug_line)
 .debug_line    0x00000000      0x2e2 .\CortexM3\ARM_GCC_541\Debug\main.o
 .debug_line    0x000002e2      0x1f7 .\CortexM3\ARM_GCC_541\Debug\cyfitter_cfg.o
 .debug_line    0x000004d9      0x141 .\CortexM3\ARM_GCC_541\Debug\cymetadata.o
 .debug_line    0x0000061a      0x234 .\CortexM3\ARM_GCC_541\Debug\Cm3Start.o
 .debug_line    0x0000084e      0x2cc .\CortexM3\ARM_GCC_541\Debug\CommandInterpreter.a(LabVIEW_UART.o)
 .debug_line    0x00000b1a       0x71 .\CortexM3\ARM_GCC_541\Debug\CommandInterpreter.a(UARTReset.o)
 .debug_line    0x00000b8b      0x139 .\CortexM3\ARM_GCC_541\Debug\CommandInterpreter.a(ByteReceived.o)
 .debug_line    0x00000cc4       0x70 .\CortexM3\ARM_GCC_541\Debug\CommandInterpreter.a(LEDDrive.o)
 .debug_line    0x00000d34      0x18b .\CortexM3\ARM_GCC_541\Debug\CommandInterpreter.a(ByteCounter.o)
 .debug_line    0x00000ebf       0x76 .\CortexM3\ARM_GCC_541\Debug\CommandInterpreter.a(ByteCountReset.o)
 .debug_line    0x00000f35      0x13c .\CortexM3\ARM_GCC_541\Debug\CommandInterpreter.a(CommandReceived.o)
 .debug_line    0x00001071      0x184 .\CortexM3\ARM_GCC_541\Debug\CommandInterpreter.a(LabVIEW_UART_IntClock.o)
 .debug_line    0x000011f5      0x816 .\CortexM3\ARM_GCC_541\Debug\CommandInterpreter.a(CyLib.o)
 .debug_line    0x00001a0b      0x367 .\CortexM3\ARM_GCC_541\Debug\CommandInterpreter.a(cyPm.o)
 .debug_line    0x00001d72      0x155 .\CortexM3\ARM_GCC_541\Debug\CommandInterpreter.a(Timer_1.o)
 .debug_line    0x00001ec7      0x13b .\CortexM3\ARM_GCC_541\Debug\CommandInterpreter.a(TimerInterrupt.o)
 .debug_line    0x00002002       0x66 .\CortexM3\ARM_GCC_541\Debug\CommandInterpreter.a(CyBootAsmGnu.o)
 .debug_line    0x00002068      0x21a .\CortexM3\ARM_GCC_541\Debug\CommandInterpreter.a(CyFlash.o)
 .debug_line    0x00002282      0x260 .\CortexM3\ARM_GCC_541\Debug\CommandInterpreter.a(CySpc.o)

.debug_frame    0x00000000     0x1828
 *(.debug_frame)
 .debug_frame   0x00000000       0x84 .\CortexM3\ARM_GCC_541\Debug\main.o
 .debug_frame   0x00000084       0xe4 .\CortexM3\ARM_GCC_541\Debug\cyfitter_cfg.o
 .debug_frame   0x00000168       0xb8 .\CortexM3\ARM_GCC_541\Debug\Cm3Start.o
 .debug_frame   0x00000220      0x250 .\CortexM3\ARM_GCC_541\Debug\CommandInterpreter.a(LabVIEW_UART.o)
 .debug_frame   0x00000470       0x30 .\CortexM3\ARM_GCC_541\Debug\CommandInterpreter.a(UARTReset.o)
 .debug_frame   0x000004a0      0x104 .\CortexM3\ARM_GCC_541\Debug\CommandInterpreter.a(ByteReceived.o)
 .debug_frame   0x000005a4       0x30 .\CortexM3\ARM_GCC_541\Debug\CommandInterpreter.a(LEDDrive.o)
 .debug_frame   0x000005d4      0x134 .\CortexM3\ARM_GCC_541\Debug\CommandInterpreter.a(ByteCounter.o)
 .debug_frame   0x00000708       0x30 .\CortexM3\ARM_GCC_541\Debug\CommandInterpreter.a(ByteCountReset.o)
 .debug_frame   0x00000738      0x104 .\CortexM3\ARM_GCC_541\Debug\CommandInterpreter.a(CommandReceived.o)
 .debug_frame   0x0000083c       0xe0 .\CortexM3\ARM_GCC_541\Debug\CommandInterpreter.a(LabVIEW_UART_IntClock.o)
 .debug_frame   0x0000091c      0x738 .\CortexM3\ARM_GCC_541\Debug\CommandInterpreter.a(CyLib.o)
 .debug_frame   0x00001054      0x1f8 .\CortexM3\ARM_GCC_541\Debug\CommandInterpreter.a(cyPm.o)
 .debug_frame   0x0000124c      0x108 .\CortexM3\ARM_GCC_541\Debug\CommandInterpreter.a(Timer_1.o)
 .debug_frame   0x00001354      0x104 .\CortexM3\ARM_GCC_541\Debug\CommandInterpreter.a(TimerInterrupt.o)
 .debug_frame   0x00001458      0x194 .\CortexM3\ARM_GCC_541\Debug\CommandInterpreter.a(CyFlash.o)
 .debug_frame   0x000015ec      0x180 .\CortexM3\ARM_GCC_541\Debug\CommandInterpreter.a(CySpc.o)
 .debug_frame   0x0000176c       0x20 c:/program files (x86)/cypress/psoc creator/4.2/psoc creator/import/gnu/arm/5.4.1/bin/../lib/gcc/arm-none-eabi/5.4.1/../../../../arm-none-eabi/lib/armv7-m\libg_nano.a(lib_a-errno.o)
 .debug_frame   0x0000178c       0x28 c:/program files (x86)/cypress/psoc creator/4.2/psoc creator/import/gnu/arm/5.4.1/bin/../lib/gcc/arm-none-eabi/5.4.1/../../../../arm-none-eabi/lib/armv7-m\libg_nano.a(lib_a-exit.o)
 .debug_frame   0x000017b4       0x2c c:/program files (x86)/cypress/psoc creator/4.2/psoc creator/import/gnu/arm/5.4.1/bin/../lib/gcc/arm-none-eabi/5.4.1/../../../../arm-none-eabi/lib/armv7-m\libg_nano.a(lib_a-init.o)
 .debug_frame   0x000017e0       0x28 c:/program files (x86)/cypress/psoc creator/4.2/psoc creator/import/gnu/arm/5.4.1/bin/../lib/gcc/arm-none-eabi/5.4.1/../../../../arm-none-eabi/lib/armv7-m\libg_nano.a(lib_a-memcpy-stub.o)
 .debug_frame   0x00001808       0x20 c:/program files (x86)/cypress/psoc creator/4.2/psoc creator/import/gnu/arm/5.4.1/bin/../lib/gcc/arm-none-eabi/5.4.1/../../../../arm-none-eabi/lib/armv7-m\libg_nano.a(lib_a-memset.o)

.debug_str      0x00000000     0x21d0
 *(.debug_str)
 .debug_str     0x00000000      0x49e .\CortexM3\ARM_GCC_541\Debug\main.o
                                0x4ff (size before relaxing)
 .debug_str     0x0000049e      0x1af .\CortexM3\ARM_GCC_541\Debug\cyfitter_cfg.o
                                0x37a (size before relaxing)
 .debug_str     0x0000064d       0x7f .\CortexM3\ARM_GCC_541\Debug\cymetadata.o
                                0x21a (size before relaxing)
 .debug_str     0x000006cc      0x144 .\CortexM3\ARM_GCC_541\Debug\Cm3Start.o
                                0x340 (size before relaxing)
 .debug_str     0x00000810      0x38e .\CortexM3\ARM_GCC_541\Debug\CommandInterpreter.a(LabVIEW_UART.o)
                                0x5a3 (size before relaxing)
 .debug_str     0x00000b9e       0x32 .\CortexM3\ARM_GCC_541\Debug\CommandInterpreter.a(UARTReset.o)
                                0x1f1 (size before relaxing)
 .debug_str     0x00000bd0      0x124 .\CortexM3\ARM_GCC_541\Debug\CommandInterpreter.a(ByteReceived.o)
                                0x33e (size before relaxing)
 .debug_str     0x00000cf4       0x22 .\CortexM3\ARM_GCC_541\Debug\CommandInterpreter.a(LEDDrive.o)
                                0x1ee (size before relaxing)
 .debug_str     0x00000d16      0x169 .\CortexM3\ARM_GCC_541\Debug\CommandInterpreter.a(ByteCounter.o)
                                0x3f3 (size before relaxing)
 .debug_str     0x00000e7f       0x3c .\CortexM3\ARM_GCC_541\Debug\CommandInterpreter.a(ByteCountReset.o)
                                0x200 (size before relaxing)
 .debug_str     0x00000ebb      0x12d .\CortexM3\ARM_GCC_541\Debug\CommandInterpreter.a(CommandReceived.o)
                                0x368 (size before relaxing)
 .debug_str     0x00000fe8      0x1d9 .\CortexM3\ARM_GCC_541\Debug\CommandInterpreter.a(LabVIEW_UART_IntClock.o)
                                0x3cc (size before relaxing)
 .debug_str     0x000011c1      0x7fa .\CortexM3\ARM_GCC_541\Debug\CommandInterpreter.a(CyLib.o)
                                0xa7d (size before relaxing)
 .debug_str     0x000019bb      0x365 .\CortexM3\ARM_GCC_541\Debug\CommandInterpreter.a(cyPm.o)
                                0x769 (size before relaxing)
 .debug_str     0x00001d20      0x12e .\CortexM3\ARM_GCC_541\Debug\CommandInterpreter.a(Timer_1.o)
                                0x34b (size before relaxing)
 .debug_str     0x00001e4e      0x122 .\CortexM3\ARM_GCC_541\Debug\CommandInterpreter.a(TimerInterrupt.o)
                                0x35a (size before relaxing)
 .debug_str     0x00001f70      0x1b4 .\CortexM3\ARM_GCC_541\Debug\CommandInterpreter.a(CyFlash.o)
                                0x3f6 (size before relaxing)
 .debug_str     0x00002124       0xac .\CortexM3\ARM_GCC_541\Debug\CommandInterpreter.a(CySpc.o)
                                0x36e (size before relaxing)

.debug_loc      0x00000000     0x207b
 *(.debug_loc)
 .debug_loc     0x00000000      0x172 .\CortexM3\ARM_GCC_541\Debug\main.o
 .debug_loc     0x00000172      0x25a .\CortexM3\ARM_GCC_541\Debug\cyfitter_cfg.o
 .debug_loc     0x000003cc      0x144 .\CortexM3\ARM_GCC_541\Debug\Cm3Start.o
 .debug_loc     0x00000510      0x258 .\CortexM3\ARM_GCC_541\Debug\CommandInterpreter.a(LabVIEW_UART.o)
 .debug_loc     0x00000768       0x56 .\CortexM3\ARM_GCC_541\Debug\CommandInterpreter.a(ByteReceived.o)
 .debug_loc     0x000007be       0x3d .\CortexM3\ARM_GCC_541\Debug\CommandInterpreter.a(ByteCounter.o)
 .debug_loc     0x000007fb       0x56 .\CortexM3\ARM_GCC_541\Debug\CommandInterpreter.a(CommandReceived.o)
 .debug_loc     0x00000851      0x128 .\CortexM3\ARM_GCC_541\Debug\CommandInterpreter.a(LabVIEW_UART_IntClock.o)
 .debug_loc     0x00000979      0xa11 .\CortexM3\ARM_GCC_541\Debug\CommandInterpreter.a(CyLib.o)
 .debug_loc     0x0000138a      0x1e4 .\CortexM3\ARM_GCC_541\Debug\CommandInterpreter.a(cyPm.o)
 .debug_loc     0x0000156e       0x56 .\CortexM3\ARM_GCC_541\Debug\CommandInterpreter.a(TimerInterrupt.o)
 .debug_loc     0x000015c4      0x3b2 .\CortexM3\ARM_GCC_541\Debug\CommandInterpreter.a(CyFlash.o)
 .debug_loc     0x00001976      0x705 .\CortexM3\ARM_GCC_541\Debug\CommandInterpreter.a(CySpc.o)

.debug_macinfo
 *(.debug_macinfo)

.debug_ranges   0x00000000      0x880
 *(.debug_ranges)
 .debug_ranges  0x00000000       0x28 .\CortexM3\ARM_GCC_541\Debug\main.o
 .debug_ranges  0x00000028       0x48 .\CortexM3\ARM_GCC_541\Debug\cyfitter_cfg.o
 .debug_ranges  0x00000070       0x38 .\CortexM3\ARM_GCC_541\Debug\Cm3Start.o
 .debug_ranges  0x000000a8       0xe0 .\CortexM3\ARM_GCC_541\Debug\CommandInterpreter.a(LabVIEW_UART.o)
 .debug_ranges  0x00000188       0x18 .\CortexM3\ARM_GCC_541\Debug\CommandInterpreter.a(UARTReset.o)
 .debug_ranges  0x000001a0       0x70 .\CortexM3\ARM_GCC_541\Debug\CommandInterpreter.a(ByteReceived.o)
 .debug_ranges  0x00000210       0x18 .\CortexM3\ARM_GCC_541\Debug\CommandInterpreter.a(LEDDrive.o)
 .debug_ranges  0x00000228       0x88 .\CortexM3\ARM_GCC_541\Debug\CommandInterpreter.a(ByteCounter.o)
 .debug_ranges  0x000002b0       0x18 .\CortexM3\ARM_GCC_541\Debug\CommandInterpreter.a(ByteCountReset.o)
 .debug_ranges  0x000002c8       0x70 .\CortexM3\ARM_GCC_541\Debug\CommandInterpreter.a(CommandReceived.o)
 .debug_ranges  0x00000338       0x60 .\CortexM3\ARM_GCC_541\Debug\CommandInterpreter.a(LabVIEW_UART_IntClock.o)
 .debug_ranges  0x00000398      0x290 .\CortexM3\ARM_GCC_541\Debug\CommandInterpreter.a(CyLib.o)
 .debug_ranges  0x00000628       0x88 .\CortexM3\ARM_GCC_541\Debug\CommandInterpreter.a(cyPm.o)
 .debug_ranges  0x000006b0       0x78 .\CortexM3\ARM_GCC_541\Debug\CommandInterpreter.a(Timer_1.o)
 .debug_ranges  0x00000728       0x70 .\CortexM3\ARM_GCC_541\Debug\CommandInterpreter.a(TimerInterrupt.o)
 .debug_ranges  0x00000798       0x78 .\CortexM3\ARM_GCC_541\Debug\CommandInterpreter.a(CyFlash.o)
 .debug_ranges  0x00000810       0x70 .\CortexM3\ARM_GCC_541\Debug\CommandInterpreter.a(CySpc.o)

.comment        0x00000000       0x6e
 .comment       0x00000000       0x6e .\CortexM3\ARM_GCC_541\Debug\main.o
                                 0x6f (size before relaxing)
 .comment       0x0000006e       0x6f .\CortexM3\ARM_GCC_541\Debug\cyfitter_cfg.o
 .comment       0x0000006e       0x6f .\CortexM3\ARM_GCC_541\Debug\cymetadata.o
 .comment       0x0000006e       0x6f .\CortexM3\ARM_GCC_541\Debug\Cm3Start.o
 .comment       0x0000006e       0x6f .\CortexM3\ARM_GCC_541\Debug\CommandInterpreter.a(LabVIEW_UART.o)
 .comment       0x0000006e       0x6f .\CortexM3\ARM_GCC_541\Debug\CommandInterpreter.a(UARTReset.o)
 .comment       0x0000006e       0x6f .\CortexM3\ARM_GCC_541\Debug\CommandInterpreter.a(ByteReceived.o)
 .comment       0x0000006e       0x6f .\CortexM3\ARM_GCC_541\Debug\CommandInterpreter.a(LEDDrive.o)
 .comment       0x0000006e       0x6f .\CortexM3\ARM_GCC_541\Debug\CommandInterpreter.a(ByteCounter.o)
 .comment       0x0000006e       0x6f .\CortexM3\ARM_GCC_541\Debug\CommandInterpreter.a(ByteCountReset.o)
 .comment       0x0000006e       0x6f .\CortexM3\ARM_GCC_541\Debug\CommandInterpreter.a(CommandReceived.o)
 .comment       0x0000006e       0x6f .\CortexM3\ARM_GCC_541\Debug\CommandInterpreter.a(LabVIEW_UART_IntClock.o)
 .comment       0x0000006e       0x6f .\CortexM3\ARM_GCC_541\Debug\CommandInterpreter.a(CyLib.o)
 .comment       0x0000006e       0x6f .\CortexM3\ARM_GCC_541\Debug\CommandInterpreter.a(cyPm.o)
 .comment       0x0000006e       0x6f .\CortexM3\ARM_GCC_541\Debug\CommandInterpreter.a(Timer_1.o)
 .comment       0x0000006e       0x6f .\CortexM3\ARM_GCC_541\Debug\CommandInterpreter.a(TimerInterrupt.o)
 .comment       0x0000006e       0x6f .\CortexM3\ARM_GCC_541\Debug\CommandInterpreter.a(CyFlash.o)
 .comment       0x0000006e       0x6f .\CortexM3\ARM_GCC_541\Debug\CommandInterpreter.a(CySpc.o)

.debug_weaknames
 *(.debug_weaknames)

.debug_funcnames
 *(.debug_funcnames)

.debug_typenames
 *(.debug_typenames)

.debug_varnames
 *(.debug_varnames)

.note.gnu.arm.ident
 *(.note.gnu.arm.ident)

.ARM.attributes
                0x00000000       0x29
 *(.ARM.attributes)
 .ARM.attributes
                0x00000000       0x1d c:/program files (x86)/cypress/psoc creator/4.2/psoc creator/import/gnu/arm/5.4.1/bin/../lib/gcc/arm-none-eabi/5.4.1/armv7-m/crti.o
 .ARM.attributes
                0x0000001d       0x2d c:/program files (x86)/cypress/psoc creator/4.2/psoc creator/import/gnu/arm/5.4.1/bin/../lib/gcc/arm-none-eabi/5.4.1/armv7-m/crtbegin.o
 .ARM.attributes
                0x0000004a       0x1b c:/program files (x86)/cypress/psoc creator/4.2/psoc creator/import/gnu/arm/5.4.1/bin/../lib/gcc/arm-none-eabi/5.4.1/../../../../arm-none-eabi/lib/armv7-m/crt0.o
 .ARM.attributes
                0x00000065       0x33 .\CortexM3\ARM_GCC_541\Debug\main.o
 .ARM.attributes
                0x00000098       0x33 .\CortexM3\ARM_GCC_541\Debug\cyfitter_cfg.o
 .ARM.attributes
                0x000000cb       0x33 .\CortexM3\ARM_GCC_541\Debug\cymetadata.o
 .ARM.attributes
                0x000000fe       0x33 .\CortexM3\ARM_GCC_541\Debug\Cm3Start.o
 .ARM.attributes
                0x00000131       0x33 .\CortexM3\ARM_GCC_541\Debug\CommandInterpreter.a(LabVIEW_UART.o)
 .ARM.attributes
                0x00000164       0x33 .\CortexM3\ARM_GCC_541\Debug\CommandInterpreter.a(UARTReset.o)
 .ARM.attributes
                0x00000197       0x33 .\CortexM3\ARM_GCC_541\Debug\CommandInterpreter.a(ByteReceived.o)
 .ARM.attributes
                0x000001ca       0x33 .\CortexM3\ARM_GCC_541\Debug\CommandInterpreter.a(LEDDrive.o)
 .ARM.attributes
                0x000001fd       0x33 .\CortexM3\ARM_GCC_541\Debug\CommandInterpreter.a(ByteCounter.o)
 .ARM.attributes
                0x00000230       0x33 .\CortexM3\ARM_GCC_541\Debug\CommandInterpreter.a(ByteCountReset.o)
 .ARM.attributes
                0x00000263       0x33 .\CortexM3\ARM_GCC_541\Debug\CommandInterpreter.a(CommandReceived.o)
 .ARM.attributes
                0x00000296       0x33 .\CortexM3\ARM_GCC_541\Debug\CommandInterpreter.a(LabVIEW_UART_IntClock.o)
 .ARM.attributes
                0x000002c9       0x33 .\CortexM3\ARM_GCC_541\Debug\CommandInterpreter.a(CyLib.o)
 .ARM.attributes
                0x000002fc       0x33 .\CortexM3\ARM_GCC_541\Debug\CommandInterpreter.a(cyPm.o)
 .ARM.attributes
                0x0000032f       0x33 .\CortexM3\ARM_GCC_541\Debug\CommandInterpreter.a(Timer_1.o)
 .ARM.attributes
                0x00000362       0x33 .\CortexM3\ARM_GCC_541\Debug\CommandInterpreter.a(TimerInterrupt.o)
 .ARM.attributes
                0x00000395       0x21 .\CortexM3\ARM_GCC_541\Debug\CommandInterpreter.a(CyBootAsmGnu.o)
 .ARM.attributes
                0x000003b6       0x33 .\CortexM3\ARM_GCC_541\Debug\CommandInterpreter.a(CyFlash.o)
 .ARM.attributes
                0x000003e9       0x33 .\CortexM3\ARM_GCC_541\Debug\CommandInterpreter.a(CySpc.o)
 .ARM.attributes
                0x0000041c       0x2d c:/program files (x86)/cypress/psoc creator/4.2/psoc creator/import/gnu/arm/5.4.1/bin/../lib/gcc/arm-none-eabi/5.4.1/../../../../arm-none-eabi/lib/armv7-m\libg_nano.a(lib_a-errno.o)
 .ARM.attributes
                0x00000449       0x2d c:/program files (x86)/cypress/psoc creator/4.2/psoc creator/import/gnu/arm/5.4.1/bin/../lib/gcc/arm-none-eabi/5.4.1/../../../../arm-none-eabi/lib/armv7-m\libg_nano.a(lib_a-exit.o)
 .ARM.attributes
                0x00000476       0x2d c:/program files (x86)/cypress/psoc creator/4.2/psoc creator/import/gnu/arm/5.4.1/bin/../lib/gcc/arm-none-eabi/5.4.1/../../../../arm-none-eabi/lib/armv7-m\libg_nano.a(lib_a-impure.o)
 .ARM.attributes
                0x000004a3       0x2d c:/program files (x86)/cypress/psoc creator/4.2/psoc creator/import/gnu/arm/5.4.1/bin/../lib/gcc/arm-none-eabi/5.4.1/../../../../arm-none-eabi/lib/armv7-m\libg_nano.a(lib_a-init.o)
 .ARM.attributes
                0x000004d0       0x2d c:/program files (x86)/cypress/psoc creator/4.2/psoc creator/import/gnu/arm/5.4.1/bin/../lib/gcc/arm-none-eabi/5.4.1/../../../../arm-none-eabi/lib/armv7-m\libg_nano.a(lib_a-memcpy-stub.o)
 .ARM.attributes
                0x000004fd       0x2d c:/program files (x86)/cypress/psoc creator/4.2/psoc creator/import/gnu/arm/5.4.1/bin/../lib/gcc/arm-none-eabi/5.4.1/../../../../arm-none-eabi/lib/armv7-m\libg_nano.a(lib_a-memset.o)
 .ARM.attributes
                0x0000052a       0x2d c:/program files (x86)/cypress/psoc creator/4.2/psoc creator/import/gnu/arm/5.4.1/bin/../lib/gcc/arm-none-eabi/5.4.1/armv7-m/crtend.o
 .ARM.attributes
                0x00000557       0x1d c:/program files (x86)/cypress/psoc creator/4.2/psoc creator/import/gnu/arm/5.4.1/bin/../lib/gcc/arm-none-eabi/5.4.1/armv7-m/crtn.o

/DISCARD/
 *(.note.GNU-stack)
OUTPUT(C:\Users\shawn\Desktop\Real-Time-Estimation-and-Control-For-Satellite-Orbit-Stabilization\Lab6\CommandInterpreter.cydsn\CortexM3\ARM_GCC_541\Debug\CommandInterpreter.elf elf32-littlearm)
