Archive member included to satisfy reference by file (symbol)

.\CortexM3\ARM_GCC_541\Debug\Interrupt_Priority.a(Timer.o)
                              .\CortexM3\ARM_GCC_541\Debug\main.o (Timer_ReadStatusRegister)
.\CortexM3\ARM_GCC_541\Debug\Interrupt_Priority.a(Timer_Interrupt.o)
                              .\CortexM3\ARM_GCC_541\Debug\main.o (Timer_Interrupt_Enable)
.\CortexM3\ARM_GCC_541\Debug\Interrupt_Priority.a(CyLib.o)
                              .\CortexM3\ARM_GCC_541\Debug\Cm3Start.o (CyHalt)
.\CortexM3\ARM_GCC_541\Debug\Interrupt_Priority.a(cyPm.o)
                              .\CortexM3\ARM_GCC_541\Debug\Interrupt_Priority.a(CyLib.o) (CyPmReadStatus)
.\CortexM3\ARM_GCC_541\Debug\Interrupt_Priority.a(cyutils.o)
                              .\CortexM3\ARM_GCC_541\Debug\Interrupt_Priority.a(Timer.o) (CySetReg24)
.\CortexM3\ARM_GCC_541\Debug\Interrupt_Priority.a(LED_Drive.o)
                              .\CortexM3\ARM_GCC_541\Debug\main.o (LED_Drive_Write)
.\CortexM3\ARM_GCC_541\Debug\Interrupt_Priority.a(Timer2.o)
                              .\CortexM3\ARM_GCC_541\Debug\main.o (Timer2_ReadStatusRegister)
.\CortexM3\ARM_GCC_541\Debug\Interrupt_Priority.a(Timer2_Interrupt.o)
                              .\CortexM3\ARM_GCC_541\Debug\main.o (Timer2_Interrupt_Enable)
.\CortexM3\ARM_GCC_541\Debug\Interrupt_Priority.a(Marker2.o)
                              .\CortexM3\ARM_GCC_541\Debug\main.o (Marker2_Write)
.\CortexM3\ARM_GCC_541\Debug\Interrupt_Priority.a(ADC_DelSig_1.o)
                              .\CortexM3\ARM_GCC_541\Debug\main.o (ADC_DelSig_1_Start)
.\CortexM3\ARM_GCC_541\Debug\Interrupt_Priority.a(ADC_DelSig_1_INT.o)
                              .\CortexM3\ARM_GCC_541\Debug\Interrupt_Priority.a(ADC_DelSig_1.o) (ADC_DelSig_1_ISR1)
.\CortexM3\ARM_GCC_541\Debug\Interrupt_Priority.a(ADC_Interrupt.o)
                              .\CortexM3\ARM_GCC_541\Debug\main.o (ADC_Interrupt_Enable)
.\CortexM3\ARM_GCC_541\Debug\Interrupt_Priority.a(ADC_DelSig_1_AMux.o)
                              .\CortexM3\ARM_GCC_541\Debug\Interrupt_Priority.a(ADC_DelSig_1.o) (ADC_DelSig_1_AMux_Select)
.\CortexM3\ARM_GCC_541\Debug\Interrupt_Priority.a(ADC_DelSig_1_Ext_CP_Clk.o)
                              .\CortexM3\ARM_GCC_541\Debug\Interrupt_Priority.a(ADC_DelSig_1.o) (ADC_DelSig_1_Ext_CP_Clk_SetModeRegister)
.\CortexM3\ARM_GCC_541\Debug\Interrupt_Priority.a(ADC_DelSig_1_theACLK.o)
                              .\CortexM3\ARM_GCC_541\Debug\Interrupt_Priority.a(ADC_DelSig_1.o) (ADC_DelSig_1_theACLK_SetModeRegister)
.\CortexM3\ARM_GCC_541\Debug\Interrupt_Priority.a(CyBootAsmGnu.o)
                              .\CortexM3\ARM_GCC_541\Debug\cyfitter_cfg.o (CyDelayCycles)
.\CortexM3\ARM_GCC_541\Debug\Interrupt_Priority.a(CyFlash.o)
                              .\CortexM3\ARM_GCC_541\Debug\Interrupt_Priority.a(cyPm.o) (CyFlash_SetWaitCycles)
.\CortexM3\ARM_GCC_541\Debug\Interrupt_Priority.a(CySpc.o)
                              .\CortexM3\ARM_GCC_541\Debug\Interrupt_Priority.a(CyFlash.o) (CySpcStart)
c:/program files (x86)/cypress/psoc creator/4.2/psoc creator/import/gnu/arm/5.4.1/bin/../lib/gcc/arm-none-eabi/5.4.1/armv7-m\libgcc.a(_arm_addsubdf3.o)
                              .\CortexM3\ARM_GCC_541\Debug\Interrupt_Priority.a(ADC_DelSig_1.o) (__aeabi_f2d)
c:/program files (x86)/cypress/psoc creator/4.2/psoc creator/import/gnu/arm/5.4.1/bin/../lib/gcc/arm-none-eabi/5.4.1/armv7-m\libgcc.a(_arm_cmpdf2.o)
                              .\CortexM3\ARM_GCC_541\Debug\Interrupt_Priority.a(ADC_DelSig_1.o) (__aeabi_dcmpgt)
c:/program files (x86)/cypress/psoc creator/4.2/psoc creator/import/gnu/arm/5.4.1/bin/../lib/gcc/arm-none-eabi/5.4.1/armv7-m\libgcc.a(_arm_addsubsf3.o)
                              .\CortexM3\ARM_GCC_541\Debug\Interrupt_Priority.a(ADC_DelSig_1.o) (__aeabi_ui2f)
c:/program files (x86)/cypress/psoc creator/4.2/psoc creator/import/gnu/arm/5.4.1/bin/../lib/gcc/arm-none-eabi/5.4.1/armv7-m\libgcc.a(_arm_muldivsf3.o)
                              .\CortexM3\ARM_GCC_541\Debug\Interrupt_Priority.a(ADC_DelSig_1.o) (__aeabi_fmul)
c:/program files (x86)/cypress/psoc creator/4.2/psoc creator/import/gnu/arm/5.4.1/bin/../lib/gcc/arm-none-eabi/5.4.1/armv7-m\libgcc.a(_arm_fixunssfsi.o)
                              .\CortexM3\ARM_GCC_541\Debug\Interrupt_Priority.a(ADC_DelSig_1.o) (__aeabi_f2uiz)
c:/program files (x86)/cypress/psoc creator/4.2/psoc creator/import/gnu/arm/5.4.1/bin/../lib/gcc/arm-none-eabi/5.4.1/../../../../arm-none-eabi/lib/armv7-m\libg_nano.a(lib_a-errno.o)
                              .\CortexM3\ARM_GCC_541\Debug\Cm3Start.o (__errno)
c:/program files (x86)/cypress/psoc creator/4.2/psoc creator/import/gnu/arm/5.4.1/bin/../lib/gcc/arm-none-eabi/5.4.1/../../../../arm-none-eabi/lib/armv7-m\libg_nano.a(lib_a-exit.o)
[...]
Memory Configuration

Name             Origin             Length             Attributes
rom              0x00000000         0x00040000         xr
ram              0x1fff8000         0x00010000         xrw
*default*        0x00000000         0xffffffff

Linker script and memory map

LOAD c:/program files (x86)/cypress/psoc creator/4.2/psoc creator/import/gnu/arm/5.4.1/bin/../lib/gcc/arm-none-eabi/5.4.1/armv7-m/crti.o
LOAD c:/program files (x86)/cypress/psoc creator/4.2/psoc creator/import/gnu/arm/5.4.1/bin/../lib/gcc/arm-none-eabi/5.4.1/armv7-m/crtbegin.o
LOAD c:/program files (x86)/cypress/psoc creator/4.2/psoc creator/import/gnu/arm/5.4.1/bin/../lib/gcc/arm-none-eabi/5.4.1/../../../../arm-none-eabi/lib/armv7-m/crt0.o
START GROUP
LOAD .\CortexM3\ARM_GCC_541\Debug\main.o
LOAD .\CortexM3\ARM_GCC_541\Debug\cyfitter_cfg.o
LOAD .\CortexM3\ARM_GCC_541\Debug\cymetadata.o
LOAD .\CortexM3\ARM_GCC_541\Debug\Cm3Start.o
LOAD .\CortexM3\ARM_GCC_541\Debug\Interrupt_Priority.a
LOAD C:\Program Files (x86)\Cypress\PSoC Creator\4.2\PSoC Creator\psoc\content\cycomponentlibrary\CyComponentLibrary.cylib\CortexM3\ARM_GCC_541\Debug\CyComponentLibrary.a
END GROUP
START GROUP
LOAD c:/program files (x86)/cypress/psoc creator/4.2/psoc creator/import/gnu/arm/5.4.1/bin/../lib/gcc/arm-none-eabi/5.4.1/armv7-m\libgcc.a
LOAD c:/program files (x86)/cypress/psoc creator/4.2/psoc creator/import/gnu/arm/5.4.1/bin/../lib/gcc/arm-none-eabi/5.4.1/../../../../arm-none-eabi/lib/armv7-m\libg_nano.a
LOAD c:/program files (x86)/cypress/psoc creator/4.2/psoc creator/import/gnu/arm/5.4.1/bin/../lib/gcc/arm-none-eabi/5.4.1/../../../../arm-none-eabi/lib/armv7-m\libc_nano.a
END GROUP
START GROUP
LOAD c:/program files (x86)/cypress/psoc creator/4.2/psoc creator/import/gnu/arm/5.4.1/bin/../lib/gcc/arm-none-eabi/5.4.1/armv7-m\libgcc.a
LOAD c:/program files (x86)/cypress/psoc creator/4.2/psoc creator/import/gnu/arm/5.4.1/bin/../lib/gcc/arm-none-eabi/5.4.1/../../../../arm-none-eabi/lib/armv7-m\libc_nano.a
END GROUP
LOAD c:/program files (x86)/cypress/psoc creator/4.2/psoc creator/import/gnu/arm/5.4.1/bin/../lib/gcc/arm-none-eabi/5.4.1/armv7-m/crtend.o
LOAD c:/program files (x86)/cypress/psoc creator/4.2/psoc creator/import/gnu/arm/5.4.1/bin/../lib/gcc/arm-none-eabi/5.4.1/armv7-m/crtn.o
START GROUP
LOAD c:/program files (x86)/cypress/psoc creator/4.2/psoc creator/import/gnu/arm/5.4.1/bin/../lib/gcc/arm-none-eabi/5.4.1/armv7-m\libgcc.a
LOAD c:/program files (x86)/cypress/psoc creator/4.2/psoc creator/import/gnu/arm/5.4.1/bin/../lib/gcc/arm-none-eabi/5.4.1/../../../../arm-none-eabi/lib/armv7-m\libc.a
LOAD c:/program files (x86)/cypress/psoc creator/4.2/psoc creator/import/gnu/arm/5.4.1/bin/../lib/gcc/arm-none-eabi/5.4.1/../../../../arm-none-eabi/lib/armv7-m\libnosys.a
END GROUP
                0x00000000                CY_APPL_ORIGIN = 0x0
                0x00000100                CY_FLASH_ROW_SIZE = 0x100
                0x00000020                CY_ECC_ROW_SIZE = 0x20
                0x00000000                CY_EE_IN_BTLDR = 0x0
                0x00000000                CY_APPL_LOADABLE = 0x0
                0x00000800                CY_EE_SIZE = 0x800
                0x00000001                CY_APPL_NUM = 0x1
                0x00000001                CY_APPL_MAX = 0x1
                0x00000040                CY_METADATA_SIZE = 0x40
                0x00000000                CY_APPL_LOADABLE = 0x0
                0x00000000                CY_CHECKSUM_EXCLUDE_SIZE = ALIGN (0x0, CY_FLASH_ROW_SIZE)
                [!provide]                PROVIDE (__cy_heap_start, _end)
                0x00000001                PROVIDE (__cy_region_num, ((__cy_regions_end - __cy_regions) / 0x10))
                0x20008000                PROVIDE (__cy_stack, (ORIGIN (ram) + LENGTH (ram)))
                [!provide]                PROVIDE (__cy_heap_end, (__cy_stack - 0x800))

.cybootloader   0x00000000        0x0
 *(.cybootloader)
                0x00000000                appl1_start = CY_APPL_ORIGIN?CY_APPL_ORIGIN:ALIGN (CY_FLASH_ROW_SIZE)
                0x0001ff00                appl2_start = (appl1_start + ALIGN ((((LENGTH (rom) - appl1_start) - (0x2 * CY_FLASH_ROW_SIZE)) / 0x2), CY_FLASH_ROW_SIZE))
                0x00000000                appl_start = (CY_APPL_NUM == 0x1)?appl1_start:appl2_start
                0x00000000                ecc_offset = ((appl_start / CY_FLASH_ROW_SIZE) * CY_ECC_ROW_SIZE)
                0x00000000                ee_offset = (CY_APPL_LOADABLE && ! (CY_EE_IN_BTLDR))?((CY_EE_SIZE / CY_APPL_MAX) * (CY_APPL_NUM - 0x1)):0x0
                0x00000800                ee_size = (CY_APPL_LOADABLE && ! (CY_EE_IN_BTLDR))?(CY_EE_SIZE / CY_APPL_MAX):CY_EE_SIZE
                [!provide]                PROVIDE (CY_ECC_OFFSET, ecc_offset)

.text           0x00000000     0x11de
 CREATE_OBJECT_SYMBOLS
                0x00000000                PROVIDE (__cy_interrupt_vector, RomVectors)
 *(.romvectors)
 .romvectors    0x00000000       0x10 .\CortexM3\ARM_GCC_541\Debug\Cm3Start.o
                0x00000000                RomVectors
                0x00000001                ASSERT ((. != __cy_interrupt_vector), No interrupt vector)
                0x00000001                ASSERT (CY_APPL_ORIGIN?(SIZEOF (.cybootloader) <= CY_APPL_ORIGIN):0x1, Wrong image location)
                0x00000010                PROVIDE (__cy_reset, Reset)
 *(.text.Reset)
 .text.Reset    0x00000010       0x18 .\CortexM3\ARM_GCC_541\Debug\Cm3Start.o
                0x00000010                Reset
                0x00000001                ASSERT ((. != __cy_reset), No reset code)
 *(.dma_init)
                0x00000001                ASSERT ((((appl_start + .) <= 0x10000) || 0x1), DMA Init must be within the first 64k of flash)
 *(.text .text.* .gnu.linkonce.t.*)
 .text          0x00000028       0x5c c:/program files (x86)/cypress/psoc creator/4.2/psoc creator/import/gnu/arm/5.4.1/bin/../lib/gcc/arm-none-eabi/5.4.1/armv7-m/crtbegin.o
 .text.ADC_Interrupt
                0x00000084       0x10 .\CortexM3\ARM_GCC_541\Debug\main.o
                0x00000084                ADC_Interrupt
 .text.Timer_Interrupt
                0x00000094       0x1c .\CortexM3\ARM_GCC_541\Debug\main.o
                0x00000094                Timer_Interrupt
 .text.Timer2_Interrupt
                0x000000b0       0x1c .\CortexM3\ARM_GCC_541\Debug\main.o
                0x000000b0                Timer2_Interrupt
 .text.main     0x000000cc       0x4c .\CortexM3\ARM_GCC_541\Debug\main.o
                0x000000cc                main
 .text.CyClockStartupError
                0x00000118        0x4 .\CortexM3\ARM_GCC_541\Debug\cyfitter_cfg.o
 .text.cfg_write_bytes32
                0x0000011c       0x34 .\CortexM3\ARM_GCC_541\Debug\cyfitter_cfg.o
 .text.AnalogSetDefault
                0x00000150       0x38 .\CortexM3\ARM_GCC_541\Debug\cyfitter_cfg.o
 .text.CYMEMZERO
                0x00000188        0xc .\CortexM3\ARM_GCC_541\Debug\cyfitter_cfg.o
 .text.CYCONFIGCPY
                0x00000194        0x8 .\CortexM3\ARM_GCC_541\Debug\cyfitter_cfg.o
 .text.ClockSetup
                0x0000019c       0xe4 .\CortexM3\ARM_GCC_541\Debug\cyfitter_cfg.o
 .text.ADC_DelSig_1_AMux_Set
                0x00000280       0x1c .\CortexM3\ARM_GCC_541\Debug\cyfitter_cfg.o
                0x00000280                ADC_DelSig_1_AMux_Set
 .text.ADC_DelSig_1_AMux_Unset
                0x0000029c       0x1c .\CortexM3\ARM_GCC_541\Debug\cyfitter_cfg.o
                0x0000029c                ADC_DelSig_1_AMux_Unset
 .text.cyfitter_cfg
                0x000002b8       0xf8 .\CortexM3\ARM_GCC_541\Debug\cyfitter_cfg.o
                0x000002b8                cyfitter_cfg
 .text.IntDefaultHandler
                0x000003b0       0x10 .\CortexM3\ARM_GCC_541\Debug\Cm3Start.o
                0x000003b0                IntDefaultHandler
 .text.Start_c  0x000003c0       0x4c .\CortexM3\ARM_GCC_541\Debug\Cm3Start.o
                0x000003c0                Start_c
 .text.initialize_psoc
                0x0000040c       0x68 .\CortexM3\ARM_GCC_541\Debug\Cm3Start.o
                0x0000040c                initialize_psoc
 .text.Timer_Enable
                0x00000474       0x10 .\CortexM3\ARM_GCC_541\Debug\Interrupt_Priority.a(Timer.o)
                0x00000474                Timer_Enable
 .text.Timer_SetInterruptMode
                0x00000484        0xc .\CortexM3\ARM_GCC_541\Debug\Interrupt_Priority.a(Timer.o)
                0x00000484                Timer_SetInterruptMode
 .text.Timer_ReadStatusRegister
                0x00000490        0xc .\CortexM3\ARM_GCC_541\Debug\Interrupt_Priority.a(Timer.o)
                0x00000490                Timer_ReadStatusRegister
 .text.Timer_WritePeriod
                0x0000049c       0x10 .\CortexM3\ARM_GCC_541\Debug\Interrupt_Priority.a(Timer.o)
                0x0000049c                Timer_WritePeriod
 .text.Timer_ReadCapture
                0x000004ac       0x10 .\CortexM3\ARM_GCC_541\Debug\Interrupt_Priority.a(Timer.o)
                0x000004ac                Timer_ReadCapture
 .text.Timer_WriteCounter
                0x000004bc       0x10 .\CortexM3\ARM_GCC_541\Debug\Interrupt_Priority.a(Timer.o)
                0x000004bc                Timer_WriteCounter
 .text.Timer_ClearFIFO
                0x000004cc       0x14 .\CortexM3\ARM_GCC_541\Debug\Interrupt_Priority.a(Timer.o)
                0x000004cc                Timer_ClearFIFO
 .text.Timer_Init
                0x000004e0       0x38 .\CortexM3\ARM_GCC_541\Debug\Interrupt_Priority.a(Timer.o)
                0x000004e0                Timer_Init
 .text.Timer_Start
                0x00000518       0x1c .\CortexM3\ARM_GCC_541\Debug\Interrupt_Priority.a(Timer.o)
                0x00000518                Timer_Start
 .text.Timer_Interrupt_Interrupt
                0x00000534        0x4 .\CortexM3\ARM_GCC_541\Debug\Interrupt_Priority.a(Timer_Interrupt.o)
                0x00000534                Timer_Interrupt_Interrupt
 .text.Timer_Interrupt_SetVector
                0x00000538        0xc .\CortexM3\ARM_GCC_541\Debug\Interrupt_Priority.a(Timer_Interrupt.o)
                0x00000538                Timer_Interrupt_SetVector
 .text.Timer_Interrupt_SetPriority
                0x00000544       0x10 .\CortexM3\ARM_GCC_541\Debug\Interrupt_Priority.a(Timer_Interrupt.o)
                0x00000544                Timer_Interrupt_SetPriority
 .text.Timer_Interrupt_Enable
                0x00000554        0xc .\CortexM3\ARM_GCC_541\Debug\Interrupt_Priority.a(Timer_Interrupt.o)
                0x00000554                Timer_Interrupt_Enable
 .text.Timer_Interrupt_Disable
                0x00000560        0xc .\CortexM3\ARM_GCC_541\Debug\Interrupt_Priority.a(Timer_Interrupt.o)
                0x00000560                Timer_Interrupt_Disable
 .text.Timer_Interrupt_Start
                0x0000056c       0x1c .\CortexM3\ARM_GCC_541\Debug\Interrupt_Priority.a(Timer_Interrupt.o)
                0x0000056c                Timer_Interrupt_Start
 .text.Timer_Interrupt_StartEx
                0x00000588       0x1c .\CortexM3\ARM_GCC_541\Debug\Interrupt_Priority.a(Timer_Interrupt.o)
                0x00000588                Timer_Interrupt_StartEx
 .text.CyHalt   0x000005a4        0x4 .\CortexM3\ARM_GCC_541\Debug\Interrupt_Priority.a(CyLib.o)
                0x000005a4                CyHalt
 .text.CyDelay  0x000005a8       0x2c .\CortexM3\ARM_GCC_541\Debug\Interrupt_Priority.a(CyLib.o)
                0x000005a8                CyDelay
 .text.CyDelayUs
                0x000005d4       0x14 .\CortexM3\ARM_GCC_541\Debug\Interrupt_Priority.a(CyLib.o)
                0x000005d4                CyDelayUs
 .text.CyIntSetVector
                0x000005e8       0x28 .\CortexM3\ARM_GCC_541\Debug\Interrupt_Priority.a(CyLib.o)
                0x000005e8                CyIntSetVector
 .text.CyIntSetPriority
                0x00000610       0x30 .\CortexM3\ARM_GCC_541\Debug\Interrupt_Priority.a(CyLib.o)
                0x00000610                CyIntSetPriority
 .text.CySetReg24
                0x00000640       0x14 .\CortexM3\ARM_GCC_541\Debug\Interrupt_Priority.a(cyutils.o)
                0x00000640                CySetReg24
 .text.LED_Drive_Write
                0x00000654        0xc .\CortexM3\ARM_GCC_541\Debug\Interrupt_Priority.a(LED_Drive.o)
                0x00000654                LED_Drive_Write
 .text.Timer2_Enable
                0x00000660       0x10 .\CortexM3\ARM_GCC_541\Debug\Interrupt_Priority.a(Timer2.o)
                0x00000660                Timer2_Enable
 .text.Timer2_SetInterruptMode
                0x00000670        0xc .\CortexM3\ARM_GCC_541\Debug\Interrupt_Priority.a(Timer2.o)
                0x00000670                Timer2_SetInterruptMode
 .text.Timer2_ReadStatusRegister
                0x0000067c        0xc .\CortexM3\ARM_GCC_541\Debug\Interrupt_Priority.a(Timer2.o)
                0x0000067c                Timer2_ReadStatusRegister
 .text.Timer2_WritePeriod
                0x00000688       0x10 .\CortexM3\ARM_GCC_541\Debug\Interrupt_Priority.a(Timer2.o)
                0x00000688                Timer2_WritePeriod
 .text.Timer2_ReadCapture
                0x00000698       0x10 .\CortexM3\ARM_GCC_541\Debug\Interrupt_Priority.a(Timer2.o)
                0x00000698                Timer2_ReadCapture
 .text.Timer2_WriteCounter
                0x000006a8       0x10 .\CortexM3\ARM_GCC_541\Debug\Interrupt_Priority.a(Timer2.o)
                0x000006a8                Timer2_WriteCounter
 .text.Timer2_ClearFIFO
                0x000006b8       0x14 .\CortexM3\ARM_GCC_541\Debug\Interrupt_Priority.a(Timer2.o)
                0x000006b8                Timer2_ClearFIFO
 .text.Timer2_Init
                0x000006cc       0x38 .\CortexM3\ARM_GCC_541\Debug\Interrupt_Priority.a(Timer2.o)
                0x000006cc                Timer2_Init
 .text.Timer2_Start
                0x00000704       0x1c .\CortexM3\ARM_GCC_541\Debug\Interrupt_Priority.a(Timer2.o)
                0x00000704                Timer2_Start
 .text.Timer2_Interrupt_Interrupt
                0x00000720        0x4 .\CortexM3\ARM_GCC_541\Debug\Interrupt_Priority.a(Timer2_Interrupt.o)
                0x00000720                Timer2_Interrupt_Interrupt
 .text.Timer2_Interrupt_SetVector
                0x00000724        0xc .\CortexM3\ARM_GCC_541\Debug\Interrupt_Priority.a(Timer2_Interrupt.o)
                0x00000724                Timer2_Interrupt_SetVector
 .text.Timer2_Interrupt_SetPriority
                0x00000730       0x10 .\CortexM3\ARM_GCC_541\Debug\Interrupt_Priority.a(Timer2_Interrupt.o)
                0x00000730                Timer2_Interrupt_SetPriority
 .text.Timer2_Interrupt_Enable
                0x00000740        0xc .\CortexM3\ARM_GCC_541\Debug\Interrupt_Priority.a(Timer2_Interrupt.o)
                0x00000740                Timer2_Interrupt_Enable
 .text.Timer2_Interrupt_Disable
                0x0000074c        0xc .\CortexM3\ARM_GCC_541\Debug\Interrupt_Priority.a(Timer2_Interrupt.o)
                0x0000074c                Timer2_Interrupt_Disable
 .text.Timer2_Interrupt_Start
                0x00000758       0x1c .\CortexM3\ARM_GCC_541\Debug\Interrupt_Priority.a(Timer2_Interrupt.o)
                0x00000758                Timer2_Interrupt_Start
 .text.Timer2_Interrupt_StartEx
                0x00000774       0x1c .\CortexM3\ARM_GCC_541\Debug\Interrupt_Priority.a(Timer2_Interrupt.o)
                0x00000774                Timer2_Interrupt_StartEx
 .text.Marker2_Write
                0x00000790        0xc .\CortexM3\ARM_GCC_541\Debug\Interrupt_Priority.a(Marker2.o)
                0x00000790                Marker2_Write
 .text.ADC_DelSig_1_GainCompensation
                0x0000079c       0xe0 .\CortexM3\ARM_GCC_541\Debug\Interrupt_Priority.a(ADC_DelSig_1.o)
 .text.ADC_DelSig_1_SetDSMRef0Reg
                0x0000087c       0x4c .\CortexM3\ARM_GCC_541\Debug\Interrupt_Priority.a(ADC_DelSig_1.o)
 .text.ADC_DelSig_1_InitConfig
                0x000008c8      0x33c .\CortexM3\ARM_GCC_541\Debug\Interrupt_Priority.a(ADC_DelSig_1.o)
 .text.ADC_DelSig_1_Init
                0x00000c04      0x108 .\CortexM3\ARM_GCC_541\Debug\Interrupt_Priority.a(ADC_DelSig_1.o)
                0x00000c04                ADC_DelSig_1_Init
 .text.ADC_DelSig_1_Enable
                0x00000d0c       0xd4 .\CortexM3\ARM_GCC_541\Debug\Interrupt_Priority.a(ADC_DelSig_1.o)
                0x00000d0c                ADC_DelSig_1_Enable
 .text.ADC_DelSig_1_Start
                0x00000de0       0x28 .\CortexM3\ARM_GCC_541\Debug\Interrupt_Priority.a(ADC_DelSig_1.o)
                0x00000de0                ADC_DelSig_1_Start
 .text.ADC_DelSig_1_StartConvert
                0x00000e08       0x10 .\CortexM3\ARM_GCC_541\Debug\Interrupt_Priority.a(ADC_DelSig_1.o)
                0x00000e08                ADC_DelSig_1_StartConvert
 .text.ADC_DelSig_1_GetResult16
                0x00000e18       0x50 .\CortexM3\ARM_GCC_541\Debug\Interrupt_Priority.a(ADC_DelSig_1.o)
                0x00000e18                ADC_DelSig_1_GetResult16
 .text.ADC_DelSig_1_ISR1
                0x00000e68        0x4 .\CortexM3\ARM_GCC_541\Debug\Interrupt_Priority.a(ADC_DelSig_1_INT.o)
                0x00000e68                ADC_DelSig_1_ISR1
 .text.ADC_DelSig_1_ISR2
                0x00000e6c        0x4 .\CortexM3\ARM_GCC_541\Debug\Interrupt_Priority.a(ADC_DelSig_1_INT.o)
                0x00000e6c                ADC_DelSig_1_ISR2
 .text.ADC_DelSig_1_ISR3
                0x00000e70        0x4 .\CortexM3\ARM_GCC_541\Debug\Interrupt_Priority.a(ADC_DelSig_1_INT.o)
                0x00000e70                ADC_DelSig_1_ISR3
 .text.ADC_DelSig_1_ISR4
                0x00000e74        0x4 .\CortexM3\ARM_GCC_541\Debug\Interrupt_Priority.a(ADC_DelSig_1_INT.o)
                0x00000e74                ADC_DelSig_1_ISR4
 .text.ADC_Interrupt_Interrupt
                0x00000e78        0x4 .\CortexM3\ARM_GCC_541\Debug\Interrupt_Priority.a(ADC_Interrupt.o)
                0x00000e78                ADC_Interrupt_Interrupt
 .text.ADC_Interrupt_SetVector
                0x00000e7c       0x10 .\CortexM3\ARM_GCC_541\Debug\Interrupt_Priority.a(ADC_Interrupt.o)
                0x00000e7c                ADC_Interrupt_SetVector
 .text.ADC_Interrupt_SetPriority
                0x00000e8c       0x10 .\CortexM3\ARM_GCC_541\Debug\Interrupt_Priority.a(ADC_Interrupt.o)
                0x00000e8c                ADC_Interrupt_SetPriority
 .text.ADC_Interrupt_Enable
                0x00000e9c       0x10 .\CortexM3\ARM_GCC_541\Debug\Interrupt_Priority.a(ADC_Interrupt.o)
                0x00000e9c                ADC_Interrupt_Enable
 .text.ADC_Interrupt_Disable
                0x00000eac       0x10 .\CortexM3\ARM_GCC_541\Debug\Interrupt_Priority.a(ADC_Interrupt.o)
                0x00000eac                ADC_Interrupt_Disable
 .text.ADC_Interrupt_Start
                0x00000ebc       0x1c .\CortexM3\ARM_GCC_541\Debug\Interrupt_Priority.a(ADC_Interrupt.o)
                0x00000ebc                ADC_Interrupt_Start
 .text.ADC_Interrupt_StartEx
                0x00000ed8       0x1c .\CortexM3\ARM_GCC_541\Debug\Interrupt_Priority.a(ADC_Interrupt.o)
                0x00000ed8                ADC_Interrupt_StartEx
 .text.ADC_DelSig_1_AMux_Start
                0x00000ef4       0x20 .\CortexM3\ARM_GCC_541\Debug\Interrupt_Priority.a(ADC_DelSig_1_AMux.o)
                0x00000ef4                ADC_DelSig_1_AMux_Start
 .text.ADC_DelSig_1_AMux_Select
                0x00000f14       0x18 .\CortexM3\ARM_GCC_541\Debug\Interrupt_Priority.a(ADC_DelSig_1_AMux.o)
                0x00000f14                ADC_DelSig_1_AMux_Select
 .text.ADC_DelSig_1_Ext_CP_Clk_GetDividerRegister
                0x00000f2c        0xc .\CortexM3\ARM_GCC_541\Debug\Interrupt_Priority.a(ADC_DelSig_1_Ext_CP_Clk.o)
                0x00000f2c                ADC_DelSig_1_Ext_CP_Clk_GetDividerRegister
 .text.ADC_DelSig_1_Ext_CP_Clk_SetModeRegister
                0x00000f38       0x14 .\CortexM3\ARM_GCC_541\Debug\Interrupt_Priority.a(ADC_DelSig_1_Ext_CP_Clk.o)
                0x00000f38                ADC_DelSig_1_Ext_CP_Clk_SetModeRegister
 .text.ADC_DelSig_1_Ext_CP_Clk_GetSourceRegister
                0x00000f4c       0x10 .\CortexM3\ARM_GCC_541\Debug\Interrupt_Priority.a(ADC_DelSig_1_Ext_CP_Clk.o)
                0x00000f4c                ADC_DelSig_1_Ext_CP_Clk_GetSourceRegister
 .text.ADC_DelSig_1_Ext_CP_Clk_SetDividerRegister
                0x00000f5c       0xd8 .\CortexM3\ARM_GCC_541\Debug\Interrupt_Priority.a(ADC_DelSig_1_Ext_CP_Clk.o)
                0x00000f5c                ADC_DelSig_1_Ext_CP_Clk_SetDividerRegister
 .text.ADC_DelSig_1_theACLK_GetDividerRegister
                0x00001034        0xc .\CortexM3\ARM_GCC_541\Debug\Interrupt_Priority.a(ADC_DelSig_1_theACLK.o)
                0x00001034                ADC_DelSig_1_theACLK_GetDividerRegister
 .text.ADC_DelSig_1_theACLK_SetModeRegister
                0x00001040       0x14 .\CortexM3\ARM_GCC_541\Debug\Interrupt_Priority.a(ADC_DelSig_1_theACLK.o)
                0x00001040                ADC_DelSig_1_theACLK_SetModeRegister
 .text.ADC_DelSig_1_theACLK_GetSourceRegister
                0x00001054       0x10 .\CortexM3\ARM_GCC_541\Debug\Interrupt_Priority.a(ADC_DelSig_1_theACLK.o)
                0x00001054                ADC_DelSig_1_theACLK_GetSourceRegister
 .text.ADC_DelSig_1_theACLK_SetDividerRegister
                0x00001064       0xd8 .\CortexM3\ARM_GCC_541\Debug\Interrupt_Priority.a(ADC_DelSig_1_theACLK.o)
                0x00001064                ADC_DelSig_1_theACLK_SetDividerRegister
 *fill*         0x0000113c        0x4 
 .text          0x00001140       0x20 .\CortexM3\ARM_GCC_541\Debug\Interrupt_Priority.a(CyBootAsmGnu.o)
                0x00001140                CyDelayCycles
                0x00001150                CyEnterCriticalSection
                0x00001158                CyExitCriticalSection
 .text.__errno  0x00001160        0xc c:/program files (x86)/cypress/psoc creator/4.2/psoc creator/import/gnu/arm/5.4.1/bin/../lib/gcc/arm-none-eabi/5.4.1/../../../../arm-none-eabi/lib/armv7-m\libg_nano.a(lib_a-errno.o)
                0x00001160                __errno
 .text.__libc_init_array
                0x0000116c       0x4c c:/program files (x86)/cypress/psoc creator/4.2/psoc creator/import/gnu/arm/5.4.1/bin/../lib/gcc/arm-none-eabi/5.4.1/../../../../arm-none-eabi/lib/armv7-m\libg_nano.a(lib_a-init.o)
                0x0000116c                __libc_init_array
 .text.memcpy   0x000011b8       0x16 c:/program files (x86)/cypress/psoc creator/4.2/psoc creator/import/gnu/arm/5.4.1/bin/../lib/gcc/arm-none-eabi/5.4.1/../../../../arm-none-eabi/lib/armv7-m\libg_nano.a(lib_a-memcpy-stub.o)
                0x000011b8                memcpy
 .text.memset   0x000011ce       0x10 c:/program files (x86)/cypress/psoc creator/4.2/psoc creator/import/gnu/arm/5.4.1/bin/../lib/gcc/arm-none-eabi/5.4.1/../../../../arm-none-eabi/lib/armv7-m\libg_nano.a(lib_a-memset.o)
                0x000011ce                memset
 *(.plt)
 *(.gnu.warning)
 *(.glue_7t)
 .glue_7t       0x000011de        0x0 linker stubs
 *(.glue_7)
 .glue_7        0x000011de        0x0 linker stubs
 *(.vfp11_veneer)
 .vfp11_veneer  0x000011de        0x0 linker stubs
 *(.bootloader)
 *(.ARM.extab* .gnu.linkonce.armextab.*)
 *(.gcc_except_table)

.v4_bx          0x000011e0        0x0
 .v4_bx         0x000011e0        0x0 linker stubs

.iplt           0x000011e0        0x0
 .iplt          0x000011e0        0x0 c:/program files (x86)/cypress/psoc creator/4.2/psoc creator/import/gnu/arm/5.4.1/bin/../lib/gcc/arm-none-eabi/5.4.1/armv7-m/crtbegin.o

.eh_frame_hdr
 *(.eh_frame_hdr)

.eh_frame       0x000011e0        0x4
 *(.eh_frame)
 .eh_frame      0x000011e0        0x0 c:/program files (x86)/cypress/psoc creator/4.2/psoc creator/import/gnu/arm/5.4.1/bin/../lib/gcc/arm-none-eabi/5.4.1/armv7-m/crtbegin.o
 .eh_frame      0x000011e0        0x4 c:/program files (x86)/cypress/psoc creator/4.2/psoc creator/import/gnu/arm/5.4.1/bin/../lib/gcc/arm-none-eabi/5.4.1/armv7-m/crtend.o
                [!provide]                PROVIDE (__exidx_start, .)

.ARM.exidx
 *(.ARM.exidx* .gnu.linkonce.armexidx.*)
                0x000011e4                __exidx_end = .

.rodata         0x000011e4       0x74
 *(.rodata .rodata.* .gnu.linkonce.r.*)
 .rodata        0x000011e4       0x3c .\CortexM3\ARM_GCC_541\Debug\cyfitter_cfg.o
                0x000011e4                ADC_DelSig_1_AMux__addrTable
                0x000011ec                ADC_DelSig_1_AMux__maskTable
 .rodata.str1.1
                0x00001220        0x2 c:/program files (x86)/cypress/psoc creator/4.2/psoc creator/import/gnu/arm/5.4.1/bin/../lib/gcc/arm-none-eabi/5.4.1/../../../../arm-none-eabi/lib/armv7-m\libg_nano.a(lib_a-impure.o)
                0x00001224                . = ALIGN (0x4)
 *fill*         0x00001222        0x2 
 *(.init)
 .init          0x00001224        0x4 c:/program files (x86)/cypress/psoc creator/4.2/psoc creator/import/gnu/arm/5.4.1/bin/../lib/gcc/arm-none-eabi/5.4.1/armv7-m/crti.o
                0x00001224                _init
 .init          0x00001228        0x8 c:/program files (x86)/cypress/psoc creator/4.2/psoc creator/import/gnu/arm/5.4.1/bin/../lib/gcc/arm-none-eabi/5.4.1/armv7-m/crtn.o
                0x00001230                . = ALIGN (0x4)
                0x00001230                __preinit_array_start = .
 *(.preinit_array)
                0x00001230                __preinit_array_end = .
                0x00001230                . = ALIGN (0x4)
                0x00001230                __init_array_start = .
 *(SORT(.init_array.*))
 *(.init_array)
 .init_array    0x00001230        0x4 c:/program files (x86)/cypress/psoc creator/4.2/psoc creator/import/gnu/arm/5.4.1/bin/../lib/gcc/arm-none-eabi/5.4.1/armv7-m/crtbegin.o
 .init_array    0x00001234        0x4 .\CortexM3\ARM_GCC_541\Debug\Cm3Start.o
                0x00001238                __init_array_end = .
                0x00001238                . = ALIGN (0x4)
 *(.fini)
 .fini          0x00001238        0x4 c:/program files (x86)/cypress/psoc creator/4.2/psoc creator/import/gnu/arm/5.4.1/bin/../lib/gcc/arm-none-eabi/5.4.1/armv7-m/crti.o
                0x00001238                _fini
 .fini          0x0000123c        0x8 c:/program files (x86)/cypress/psoc creator/4.2/psoc creator/import/gnu/arm/5.4.1/bin/../lib/gcc/arm-none-eabi/5.4.1/armv7-m/crtn.o
                0x00001244                . = ALIGN (0x4)
                0x00001244                __fini_array_start = .
 *(.fini_array)
 .fini_array    0x00001244        0x4 c:/program files (x86)/cypress/psoc creator/4.2/psoc creator/import/gnu/arm/5.4.1/bin/../lib/gcc/arm-none-eabi/5.4.1/armv7-m/crtbegin.o
 *(SORT(.fini_array.*))
                0x00001248                __fini_array_end = .
                0x00001248                . = ALIGN (0x4)
 *crtbegin.o(.ctors)
 *(EXCLUDE_FILE(*crtend.o) .ctors)
 *(SORT(.ctors.*))
 *crtend.o(.ctors)
                0x00001248                . = ALIGN (0x4)
 *crtbegin.o(.dtors)
 *(EXCLUDE_FILE(*crtend.o) .dtors)
 *(SORT(.dtors.*))
 *crtend.o(.dtors)
                0x00001248                . = ALIGN (0x4)
                0x00001248                __cy_regions = .
                0x00001248        0x4 LONG 0x1258 __cy_region_init_ram
                0x0000124c        0x4 LONG 0x1fff80c8 __cy_region_start_data
                0x00001250        0x4 LONG 0x80 __cy_region_init_size_ram
                0x00001254        0x4 LONG 0x40 __cy_region_zero_size_ram
                0x00001258                __cy_regions_end = .
                0x00001258                . = ALIGN (0x8)
                0x00001258                _etext = .

.cy_checksum_exclude
                0x00001258        0x0
 *(.cy_checksum_exclude)

.ramvectors     0x1fff8000       0xc0
                0x1fff8000                __cy_region_start_ram = .
 *(.ramvectors)
 .ramvectors    0x1fff8000       0xc0 .\CortexM3\ARM_GCC_541\Debug\Cm3Start.o
                0x1fff8000                CyRamVectors

.noinit         0x1fff80c0        0x1
 *(.noinit)
 .noinit        0x1fff80c0        0x1 .\CortexM3\ARM_GCC_541\Debug\Interrupt_Priority.a(CyLib.o)
                0x1fff80c0                CyResetStatus

.data           0x1fff80c8       0x80 load address 0x00001258
                0x1fff80c8                __cy_region_start_data = .
 *(.jcr)
 .jcr           0x1fff80c8        0x0 c:/program files (x86)/cypress/psoc creator/4.2/psoc creator/import/gnu/arm/5.4.1/bin/../lib/gcc/arm-none-eabi/5.4.1/armv7-m/crtbegin.o
 .jcr           0x1fff80c8        0x4 c:/program files (x86)/cypress/psoc creator/4.2/psoc creator/import/gnu/arm/5.4.1/bin/../lib/gcc/arm-none-eabi/5.4.1/armv7-m/crtend.o
 *(.got.plt)
 *(.got)
 *(.shdata)
 *(.data .data.* .gnu.linkonce.d.*)
 .data          0x1fff80cc       0x10 .\CortexM3\ARM_GCC_541\Debug\Interrupt_Priority.a(CyLib.o)
                0x1fff80cc                cydelay_32k_ms
                0x1fff80d0                cydelay_freq_khz
                0x1fff80d4                cydelay_freq_mhz
                0x1fff80d8                cydelay_freq_hz
 .data          0x1fff80dc        0x1 .\CortexM3\ARM_GCC_541\Debug\Interrupt_Priority.a(ADC_DelSig_1.o)
                0x1fff80dc                ADC_DelSig_1_Config
 .data          0x1fff80dd        0x1 .\CortexM3\ARM_GCC_541\Debug\Interrupt_Priority.a(ADC_DelSig_1_AMux.o)
 *fill*         0x1fff80de        0x2 
 .data.impure_data
                0x1fff80e0       0x60 c:/program files (x86)/cypress/psoc creator/4.2/psoc creator/import/gnu/arm/5.4.1/bin/../lib/gcc/arm-none-eabi/5.4.1/../../../../arm-none-eabi/lib/armv7-m\libg_nano.a(lib_a-impure.o)
 .data._impure_ptr
                0x1fff8140        0x4 c:/program files (x86)/cypress/psoc creator/4.2/psoc creator/import/gnu/arm/5.4.1/bin/../lib/gcc/arm-none-eabi/5.4.1/../../../../arm-none-eabi/lib/armv7-m\libg_nano.a(lib_a-impure.o)
                0x1fff8140                _impure_ptr
                0x1fff8148                . = ALIGN (0x8)
 *fill*         0x1fff8144        0x4 
 *(.ram)
                0x1fff8148                _edata = .

.igot.plt       0x1fff8148        0x0 load address 0x000012d8
 .igot.plt      0x1fff8148        0x0 c:/program files (x86)/cypress/psoc creator/4.2/psoc creator/import/gnu/arm/5.4.1/bin/../lib/gcc/arm-none-eabi/5.4.1/armv7-m/crtbegin.o

.bss            0x1fff8148       0x40 load address 0x000012d8
                0x1fff8148                PROVIDE (__bss_start__, .)
 *(.shbss)
 *(.bss .bss.* .gnu.linkonce.b.*)
 .bss           0x1fff8148       0x1c c:/program files (x86)/cypress/psoc creator/4.2/psoc creator/import/gnu/arm/5.4.1/bin/../lib/gcc/arm-none-eabi/5.4.1/armv7-m/crtbegin.o
 .bss           0x1fff8164        0x1 .\CortexM3\ARM_GCC_541\Debug\Interrupt_Priority.a(Timer.o)
                0x1fff8164                Timer_initVar
 .bss           0x1fff8165        0x1 .\CortexM3\ARM_GCC_541\Debug\Interrupt_Priority.a(Timer2.o)
                0x1fff8165                Timer2_initVar
 *fill*         0x1fff8166        0x2 
 .bss           0x1fff8168       0x18 .\CortexM3\ARM_GCC_541\Debug\Interrupt_Priority.a(ADC_DelSig_1.o)
                0x1fff8178                ADC_DelSig_1_stopConversion
                0x1fff8179                ADC_DelSig_1_convDone
                0x1fff817a                ADC_DelSig_1_initVar
                0x1fff817b                ADC_DelSig_1_started
                0x1fff817c                ADC_DelSig_1_Offset
 *(COMMON)
 COMMON         0x1fff8180        0x2 .\CortexM3\ARM_GCC_541\Debug\main.o
                0x1fff8180                data
 *fill*         0x1fff8182        0x2 
 COMMON         0x1fff8184        0x4 .\CortexM3\ARM_GCC_541\Debug\Interrupt_Priority.a(ADC_DelSig_1.o)
                0x1fff8184                ADC_DelSig_1_CountsPerVolt
                0x1fff8188                . = ALIGN (0x8)
 *(.ram.b)
                0x1fff8188                _end = .
                0x1fff8188                __end = .
                0x1fff8188                PROVIDE (end, .)
                0x1fff8188                PROVIDE (__bss_end__, .)
                0x00001258                __cy_region_init_ram = LOADADDR (.data)
                0x00000080                __cy_region_init_size_ram = (_edata - ADDR (.data))
                0x00000040                __cy_region_zero_size_ram = (_end - _edata)

.heap           0x1fff8188       0x80 load address 0x000012d8
                0x1fff8188                . = _end
                0x1fff8208                . = (. + 0x80)
 *fill*         0x1fff8188       0x80 
                0x1fff8208                __cy_heap_limit = .

.stack          0x20007800      0x800
                0x20007800                __cy_stack_limit = .
                0x20008000                . = (. + 0x800)
 *fill*         0x20007800      0x800 
                0x00000001                ASSERT ((__cy_stack_limit >= __cy_heap_limit), region RAM overflowed with stack)
                0x00000000                cy_checksum_exclude_size = (CY_APPL_LOADABLE == 0x1)?SIZEOF (.cy_checksum_exclude):0x0
                0x00000001                ASSERT ((cy_checksum_exclude_size <= CY_CHECKSUM_EXCLUDE_SIZE), CY_BOOT: Section .cy_checksum_exclude size exceedes specified limit.)

.cyloadermeta
 *(.cyloadermeta)

.cyloadablemeta
 *(.cyloadablemeta)

.cyconfigecc    0x80000000      0x2a8
 *(.cyconfigecc)
 .cyconfigecc   0x80000000      0x2a8 .\CortexM3\ARM_GCC_541\Debug\cymetadata.o
                0x80000000                cy_meta_configecc

.cycustnvl      0x90000000        0x4
 *(.cycustnvl)
 .cycustnvl     0x90000000        0x4 .\CortexM3\ARM_GCC_541\Debug\cymetadata.o
                0x90000000                cy_meta_custnvl

.cywolatch      0x90100000        0x4
 *(.cywolatch)
 .cywolatch     0x90100000        0x4 .\CortexM3\ARM_GCC_541\Debug\cymetadata.o
                0x90100000                cy_meta_wonvl

.cyeeprom       0x90200000        0x0
 *(.cyeeprom)
                0x00000001                ASSERT ((. <= ((0x90200000 + ee_offset) + ee_size)), .cyeeprom data will not fit in EEPROM)

.cyflashprotect
                0x90400000      0x100
 *(.cyflashprotect)
 .cyflashprotect
                0x90400000      0x100 .\CortexM3\ARM_GCC_541\Debug\cymetadata.o
                0x90400000                cy_meta_flashprotect

.cymeta         0x90500000        0xc
 *(.cymeta)
 .cymeta        0x90500000        0xc .\CortexM3\ARM_GCC_541\Debug\cymetadata.o
                0x90500000                cy_metadata

.rel.dyn        0x000012d8        0x0 load address 0x9050000c
 .rel.iplt      0x000012d8        0x0 c:/program files (x86)/cypress/psoc creator/4.2/psoc creator/import/gnu/arm/5.4.1/bin/../lib/gcc/arm-none-eabi/5.4.1/armv7-m/crtbegin.o

.stab
 *(.stab)

.stabstr
 *(.stabstr)

.debug
 *(.debug)

.line
 *(.line)

.debug_srcinfo
 *(.debug_srcinfo)

.debug_sfnames
 *(.debug_sfnames)

.debug_aranges  0x00000000      0xab0
 *(.debug_aranges)
 .debug_aranges
                0x00000000       0x38 .\CortexM3\ARM_GCC_541\Debug\main.o
 .debug_aranges
                0x00000038       0x68 .\CortexM3\ARM_GCC_541\Debug\cyfitter_cfg.o
 .debug_aranges
                0x000000a0       0x18 .\CortexM3\ARM_GCC_541\Debug\cymetadata.o
 .debug_aranges
                0x000000b8       0x48 .\CortexM3\ARM_GCC_541\Debug\Cm3Start.o
 .debug_aranges
                0x00000100       0x90 .\CortexM3\ARM_GCC_541\Debug\Interrupt_Priority.a(Timer.o)
 .debug_aranges
                0x00000190       0x80 .\CortexM3\ARM_GCC_541\Debug\Interrupt_Priority.a(Timer_Interrupt.o)
 .debug_aranges
                0x00000210      0x2a0 .\CortexM3\ARM_GCC_541\Debug\Interrupt_Priority.a(CyLib.o)
 .debug_aranges
                0x000004b0       0x98 .\CortexM3\ARM_GCC_541\Debug\Interrupt_Priority.a(cyPm.o)
 .debug_aranges
                0x00000548       0x20 .\CortexM3\ARM_GCC_541\Debug\Interrupt_Priority.a(cyutils.o)
 .debug_aranges
                0x00000568       0x28 .\CortexM3\ARM_GCC_541\Debug\Interrupt_Priority.a(LED_Drive.o)
 .debug_aranges
                0x00000590       0x90 .\CortexM3\ARM_GCC_541\Debug\Interrupt_Priority.a(Timer2.o)
 .debug_aranges
                0x00000620       0x80 .\CortexM3\ARM_GCC_541\Debug\Interrupt_Priority.a(Timer2_Interrupt.o)
 .debug_aranges
                0x000006a0       0x28 .\CortexM3\ARM_GCC_541\Debug\Interrupt_Priority.a(Marker2.o)
 .debug_aranges
                0x000006c8       0xe8 .\CortexM3\ARM_GCC_541\Debug\Interrupt_Priority.a(ADC_DelSig_1.o)
 .debug_aranges
                0x000007b0       0x38 .\CortexM3\ARM_GCC_541\Debug\Interrupt_Priority.a(ADC_DelSig_1_INT.o)
 .debug_aranges
                0x000007e8       0x80 .\CortexM3\ARM_GCC_541\Debug\Interrupt_Priority.a(ADC_Interrupt.o)
 .debug_aranges
                0x00000868       0x30 .\CortexM3\ARM_GCC_541\Debug\Interrupt_Priority.a(ADC_DelSig_1_AMux.o)
 .debug_aranges
                0x00000898       0x70 .\CortexM3\ARM_GCC_541\Debug\Interrupt_Priority.a(ADC_DelSig_1_Ext_CP_Clk.o)
 .debug_aranges
                0x00000908       0x80 .\CortexM3\ARM_GCC_541\Debug\Interrupt_Priority.a(ADC_DelSig_1_theACLK.o)
 .debug_aranges
                0x00000988       0x20 .\CortexM3\ARM_GCC_541\Debug\Interrupt_Priority.a(CyBootAsmGnu.o)
 .debug_aranges
                0x000009a8       0x88 .\CortexM3\ARM_GCC_541\Debug\Interrupt_Priority.a(CyFlash.o)
 .debug_aranges
                0x00000a30       0x80 .\CortexM3\ARM_GCC_541\Debug\Interrupt_Priority.a(CySpc.o)

.debug_pubnames
 *(.debug_pubnames)

.debug_info     0x00000000     0x5ca9
 *(.debug_info .gnu.linkonce.wi.*)
 .debug_info    0x00000000      0x341 .\CortexM3\ARM_GCC_541\Debug\main.o
 .debug_info    0x00000341      0x59b .\CortexM3\ARM_GCC_541\Debug\cyfitter_cfg.o
 .debug_info    0x000008dc      0x135 .\CortexM3\ARM_GCC_541\Debug\cymetadata.o
 .debug_info    0x00000a11      0x3bb .\CortexM3\ARM_GCC_541\Debug\Cm3Start.o
 .debug_info    0x00000dcc      0x332 .\CortexM3\ARM_GCC_541\Debug\Interrupt_Priority.a(Timer.o)
 .debug_info    0x000010fe      0x2d2 .\CortexM3\ARM_GCC_541\Debug\Interrupt_Priority.a(Timer_Interrupt.o)
 .debug_info    0x000013d0     0x1374 .\CortexM3\ARM_GCC_541\Debug\Interrupt_Priority.a(CyLib.o)
 .debug_info    0x00002744      0xa2a .\CortexM3\ARM_GCC_541\Debug\Interrupt_Priority.a(cyPm.o)
 .debug_info    0x0000316e       0xee .\CortexM3\ARM_GCC_541\Debug\Interrupt_Priority.a(cyutils.o)
 .debug_info    0x0000325c       0xd6 .\CortexM3\ARM_GCC_541\Debug\Interrupt_Priority.a(LED_Drive.o)
 .debug_info    0x00003332      0x332 .\CortexM3\ARM_GCC_541\Debug\Interrupt_Priority.a(Timer2.o)
 .debug_info    0x00003664      0x2d2 .\CortexM3\ARM_GCC_541\Debug\Interrupt_Priority.a(Timer2_Interrupt.o)
 .debug_info    0x00003936       0xd6 .\CortexM3\ARM_GCC_541\Debug\Interrupt_Priority.a(Marker2.o)
 .debug_info    0x00003a0c      0xbf3 .\CortexM3\ARM_GCC_541\Debug\Interrupt_Priority.a(ADC_DelSig_1.o)
 .debug_info    0x000045ff       0xd3 .\CortexM3\ARM_GCC_541\Debug\Interrupt_Priority.a(ADC_DelSig_1_INT.o)
 .debug_info    0x000046d2      0x2d2 .\CortexM3\ARM_GCC_541\Debug\Interrupt_Priority.a(ADC_Interrupt.o)
 .debug_info    0x000049a4      0x165 .\CortexM3\ARM_GCC_541\Debug\Interrupt_Priority.a(ADC_DelSig_1_AMux.o)
 .debug_info    0x00004b09      0x283 .\CortexM3\ARM_GCC_541\Debug\Interrupt_Priority.a(ADC_DelSig_1_Ext_CP_Clk.o)
 .debug_info    0x00004d8c      0x2c4 .\CortexM3\ARM_GCC_541\Debug\Interrupt_Priority.a(ADC_DelSig_1_theACLK.o)
 .debug_info    0x00005050       0xbc .\CortexM3\ARM_GCC_541\Debug\Interrupt_Priority.a(CyBootAsmGnu.o)
 .debug_info    0x0000510c      0x64d .\CortexM3\ARM_GCC_541\Debug\Interrupt_Priority.a(CyFlash.o)
 .debug_info    0x00005759      0x550 .\CortexM3\ARM_GCC_541\Debug\Interrupt_Priority.a(CySpc.o)

.debug_abbrev   0x00000000     0x1a57
 *(.debug_abbrev)
 .debug_abbrev  0x00000000       0xe6 .\CortexM3\ARM_GCC_541\Debug\main.o
 .debug_abbrev  0x000000e6      0x21e .\CortexM3\ARM_GCC_541\Debug\cyfitter_cfg.o
 .debug_abbrev  0x00000304       0x66 .\CortexM3\ARM_GCC_541\Debug\cymetadata.o
 .debug_abbrev  0x0000036a      0x1e8 .\CortexM3\ARM_GCC_541\Debug\Cm3Start.o
 .debug_abbrev  0x00000552      0x14b .\CortexM3\ARM_GCC_541\Debug\Interrupt_Priority.a(Timer.o)
 .debug_abbrev  0x0000069d      0x173 .\CortexM3\ARM_GCC_541\Debug\Interrupt_Priority.a(Timer_Interrupt.o)
 .debug_abbrev  0x00000810      0x254 .\CortexM3\ARM_GCC_541\Debug\Interrupt_Priority.a(CyLib.o)
 .debug_abbrev  0x00000a64      0x1ab .\CortexM3\ARM_GCC_541\Debug\Interrupt_Priority.a(cyPm.o)
 .debug_abbrev  0x00000c0f       0x8e .\CortexM3\ARM_GCC_541\Debug\Interrupt_Priority.a(cyutils.o)
 .debug_abbrev  0x00000c9d       0x81 .\CortexM3\ARM_GCC_541\Debug\Interrupt_Priority.a(LED_Drive.o)
 .debug_abbrev  0x00000d1e      0x14b .\CortexM3\ARM_GCC_541\Debug\Interrupt_Priority.a(Timer2.o)
 .debug_abbrev  0x00000e69      0x173 .\CortexM3\ARM_GCC_541\Debug\Interrupt_Priority.a(Timer2_Interrupt.o)
 .debug_abbrev  0x00000fdc       0x81 .\CortexM3\ARM_GCC_541\Debug\Interrupt_Priority.a(Marker2.o)
 .debug_abbrev  0x0000105d      0x1eb .\CortexM3\ARM_GCC_541\Debug\Interrupt_Priority.a(ADC_DelSig_1.o)
 .debug_abbrev  0x00001248       0x42 .\CortexM3\ARM_GCC_541\Debug\Interrupt_Priority.a(ADC_DelSig_1_INT.o)
 .debug_abbrev  0x0000128a      0x173 .\CortexM3\ARM_GCC_541\Debug\Interrupt_Priority.a(ADC_Interrupt.o)
 .debug_abbrev  0x000013fd       0xb1 .\CortexM3\ARM_GCC_541\Debug\Interrupt_Priority.a(ADC_DelSig_1_AMux.o)
 .debug_abbrev  0x000014ae      0x139 .\CortexM3\ARM_GCC_541\Debug\Interrupt_Priority.a(ADC_DelSig_1_Ext_CP_Clk.o)
 .debug_abbrev  0x000015e7      0x121 .\CortexM3\ARM_GCC_541\Debug\Interrupt_Priority.a(ADC_DelSig_1_theACLK.o)
 .debug_abbrev  0x00001708       0x14 .\CortexM3\ARM_GCC_541\Debug\Interrupt_Priority.a(CyBootAsmGnu.o)
 .debug_abbrev  0x0000171c      0x1a7 .\CortexM3\ARM_GCC_541\Debug\Interrupt_Priority.a(CyFlash.o)
 .debug_abbrev  0x000018c3      0x194 .\CortexM3\ARM_GCC_541\Debug\Interrupt_Priority.a(CySpc.o)

.debug_line     0x00000000     0x2837
 *(.debug_line)
 .debug_line    0x00000000      0x237 .\CortexM3\ARM_GCC_541\Debug\main.o
 .debug_line    0x00000237      0x202 .\CortexM3\ARM_GCC_541\Debug\cyfitter_cfg.o
 .debug_line    0x00000439      0x141 .\CortexM3\ARM_GCC_541\Debug\cymetadata.o
 .debug_line    0x0000057a      0x234 .\CortexM3\ARM_GCC_541\Debug\Cm3Start.o
 .debug_line    0x000007ae      0x170 .\CortexM3\ARM_GCC_541\Debug\Interrupt_Priority.a(Timer.o)
 .debug_line    0x0000091e      0x13c .\CortexM3\ARM_GCC_541\Debug\Interrupt_Priority.a(Timer_Interrupt.o)
 .debug_line    0x00000a5a      0x816 .\CortexM3\ARM_GCC_541\Debug\Interrupt_Priority.a(CyLib.o)
 .debug_line    0x00001270      0x367 .\CortexM3\ARM_GCC_541\Debug\Interrupt_Priority.a(cyPm.o)
 .debug_line    0x000015d7       0x60 .\CortexM3\ARM_GCC_541\Debug\Interrupt_Priority.a(cyutils.o)
 .debug_line    0x00001637       0x71 .\CortexM3\ARM_GCC_541\Debug\Interrupt_Priority.a(LED_Drive.o)
 .debug_line    0x000016a8      0x171 .\CortexM3\ARM_GCC_541\Debug\Interrupt_Priority.a(Timer2.o)
 .debug_line    0x00001819      0x13d .\CortexM3\ARM_GCC_541\Debug\Interrupt_Priority.a(Timer2_Interrupt.o)
 .debug_line    0x00001956       0x6f .\CortexM3\ARM_GCC_541\Debug\Interrupt_Priority.a(Marker2.o)
 .debug_line    0x000019c5      0x3ee .\CortexM3\ARM_GCC_541\Debug\Interrupt_Priority.a(ADC_DelSig_1.o)
 .debug_line    0x00001db3       0x89 .\CortexM3\ARM_GCC_541\Debug\Interrupt_Priority.a(ADC_DelSig_1_INT.o)
 .debug_line    0x00001e3c      0x13a .\CortexM3\ARM_GCC_541\Debug\Interrupt_Priority.a(ADC_Interrupt.o)
 .debug_line    0x00001f76       0xb5 .\CortexM3\ARM_GCC_541\Debug\Interrupt_Priority.a(ADC_DelSig_1_AMux.o)
 .debug_line    0x0000202b      0x186 .\CortexM3\ARM_GCC_541\Debug\Interrupt_Priority.a(ADC_DelSig_1_Ext_CP_Clk.o)
 .debug_line    0x000021b1      0x1a6 .\CortexM3\ARM_GCC_541\Debug\Interrupt_Priority.a(ADC_DelSig_1_theACLK.o)
 .debug_line    0x00002357       0x66 .\CortexM3\ARM_GCC_541\Debug\Interrupt_Priority.a(CyBootAsmGnu.o)
 .debug_line    0x000023bd      0x21a .\CortexM3\ARM_GCC_541\Debug\Interrupt_Priority.a(CyFlash.o)
 .debug_line    0x000025d7      0x260 .\CortexM3\ARM_GCC_541\Debug\Interrupt_Priority.a(CySpc.o)

.debug_frame    0x00000000     0x1a58
 *(.debug_frame)
 .debug_frame   0x00000000       0x80 .\CortexM3\ARM_GCC_541\Debug\main.o
 .debug_frame   0x00000080      0x104 .\CortexM3\ARM_GCC_541\Debug\cyfitter_cfg.o
 .debug_frame   0x00000184       0xb8 .\CortexM3\ARM_GCC_541\Debug\Cm3Start.o
 .debug_frame   0x0000023c      0x13c .\CortexM3\ARM_GCC_541\Debug\Interrupt_Priority.a(Timer.o)
 .debug_frame   0x00000378      0x104 .\CortexM3\ARM_GCC_541\Debug\Interrupt_Priority.a(Timer_Interrupt.o)
 .debug_frame   0x0000047c      0x738 .\CortexM3\ARM_GCC_541\Debug\Interrupt_Priority.a(CyLib.o)
 .debug_frame   0x00000bb4      0x1f8 .\CortexM3\ARM_GCC_541\Debug\Interrupt_Priority.a(cyPm.o)
 .debug_frame   0x00000dac       0x20 .\CortexM3\ARM_GCC_541\Debug\Interrupt_Priority.a(cyutils.o)
 .debug_frame   0x00000dcc       0x30 .\CortexM3\ARM_GCC_541\Debug\Interrupt_Priority.a(LED_Drive.o)
 .debug_frame   0x00000dfc      0x13c .\CortexM3\ARM_GCC_541\Debug\Interrupt_Priority.a(Timer2.o)
 .debug_frame   0x00000f38      0x104 .\CortexM3\ARM_GCC_541\Debug\Interrupt_Priority.a(Timer2_Interrupt.o)
 .debug_frame   0x0000103c       0x30 .\CortexM3\ARM_GCC_541\Debug\Interrupt_Priority.a(Marker2.o)
 .debug_frame   0x0000106c      0x284 .\CortexM3\ARM_GCC_541\Debug\Interrupt_Priority.a(ADC_DelSig_1.o)
 .debug_frame   0x000012f0       0x50 .\CortexM3\ARM_GCC_541\Debug\Interrupt_Priority.a(ADC_DelSig_1_INT.o)
 .debug_frame   0x00001340      0x104 .\CortexM3\ARM_GCC_541\Debug\Interrupt_Priority.a(ADC_Interrupt.o)
 .debug_frame   0x00001444       0x64 .\CortexM3\ARM_GCC_541\Debug\Interrupt_Priority.a(ADC_DelSig_1_AMux.o)
 .debug_frame   0x000014a8       0xe0 .\CortexM3\ARM_GCC_541\Debug\Interrupt_Priority.a(ADC_DelSig_1_Ext_CP_Clk.o)
 .debug_frame   0x00001588      0x100 .\CortexM3\ARM_GCC_541\Debug\Interrupt_Priority.a(ADC_DelSig_1_theACLK.o)
 .debug_frame   0x00001688      0x194 .\CortexM3\ARM_GCC_541\Debug\Interrupt_Priority.a(CyFlash.o)
 .debug_frame   0x0000181c      0x180 .\CortexM3\ARM_GCC_541\Debug\Interrupt_Priority.a(CySpc.o)
 .debug_frame   0x0000199c       0x20 c:/program files (x86)/cypress/psoc creator/4.2/psoc creator/import/gnu/arm/5.4.1/bin/../lib/gcc/arm-none-eabi/5.4.1/../../../../arm-none-eabi/lib/armv7-m\libg_nano.a(lib_a-errno.o)
 .debug_frame   0x000019bc       0x28 c:/program files (x86)/cypress/psoc creator/4.2/psoc creator/import/gnu/arm/5.4.1/bin/../lib/gcc/arm-none-eabi/5.4.1/../../../../arm-none-eabi/lib/armv7-m\libg_nano.a(lib_a-exit.o)
 .debug_frame   0x000019e4       0x2c c:/program files (x86)/cypress/psoc creator/4.2/psoc creator/import/gnu/arm/5.4.1/bin/../lib/gcc/arm-none-eabi/5.4.1/../../../../arm-none-eabi/lib/armv7-m\libg_nano.a(lib_a-init.o)
 .debug_frame   0x00001a10       0x28 c:/program files (x86)/cypress/psoc creator/4.2/psoc creator/import/gnu/arm/5.4.1/bin/../lib/gcc/arm-none-eabi/5.4.1/../../../../arm-none-eabi/lib/armv7-m\libg_nano.a(lib_a-memcpy-stub.o)
 .debug_frame   0x00001a38       0x20 c:/program files (x86)/cypress/psoc creator/4.2/psoc creator/import/gnu/arm/5.4.1/bin/../lib/gcc/arm-none-eabi/5.4.1/../../../../arm-none-eabi/lib/armv7-m\libg_nano.a(lib_a-memset.o)

.debug_str      0x00000000     0x24dd
 *(.debug_str)
 .debug_str     0x00000000      0x353 .\CortexM3\ARM_GCC_541\Debug\main.o
                                0x3a0 (size before relaxing)
 .debug_str     0x00000353      0x1ea .\CortexM3\ARM_GCC_541\Debug\cyfitter_cfg.o
                                0x3ab (size before relaxing)
 .debug_str     0x0000053d       0x7f .\CortexM3\ARM_GCC_541\Debug\cymetadata.o
                                0x210 (size before relaxing)
 .debug_str     0x000005bc      0x144 .\CortexM3\ARM_GCC_541\Debug\Cm3Start.o
                                0x336 (size before relaxing)
 .debug_str     0x00000700      0x18e .\CortexM3\ARM_GCC_541\Debug\Interrupt_Priority.a(Timer.o)
                                0x372 (size before relaxing)
 .debug_str     0x0000088e      0x145 .\CortexM3\ARM_GCC_541\Debug\Interrupt_Priority.a(Timer_Interrupt.o)
                                0x35e (size before relaxing)
 .debug_str     0x000009d3      0x7f8 .\CortexM3\ARM_GCC_541\Debug\Interrupt_Priority.a(CyLib.o)
                                0xa73 (size before relaxing)
 .debug_str     0x000011cb      0x365 .\CortexM3\ARM_GCC_541\Debug\Interrupt_Priority.a(cyPm.o)
                                0x75f (size before relaxing)
 .debug_str     0x00001530       0x2e .\CortexM3\ARM_GCC_541\Debug\Interrupt_Priority.a(cyutils.o)
                                0x1de (size before relaxing)
 .debug_str     0x0000155e       0x32 .\CortexM3\ARM_GCC_541\Debug\Interrupt_Priority.a(LED_Drive.o)
                                0x1e7 (size before relaxing)
 .debug_str     0x00001590      0x141 .\CortexM3\ARM_GCC_541\Debug\Interrupt_Priority.a(Timer2.o)
                                0x384 (size before relaxing)
 .debug_str     0x000016d1      0x138 .\CortexM3\ARM_GCC_541\Debug\Interrupt_Priority.a(Timer2_Interrupt.o)
                                0x36c (size before relaxing)
 .debug_str     0x00001809       0x2e .\CortexM3\ARM_GCC_541\Debug\Interrupt_Priority.a(Marker2.o)
                                0x1e1 (size before relaxing)
 .debug_str     0x00001837      0x4b1 .\CortexM3\ARM_GCC_541\Debug\Interrupt_Priority.a(ADC_DelSig_1.o)
                                0x766 (size before relaxing)
 .debug_str     0x00001ce8       0x72 .\CortexM3\ARM_GCC_541\Debug\Interrupt_Priority.a(ADC_DelSig_1_INT.o)
                                0x219 (size before relaxing)
 .debug_str     0x00001d5a      0x117 .\CortexM3\ARM_GCC_541\Debug\Interrupt_Priority.a(ADC_Interrupt.o)
                                0x342 (size before relaxing)
 .debug_str     0x00001e71       0x83 .\CortexM3\ARM_GCC_541\Debug\Interrupt_Priority.a(ADC_DelSig_1_AMux.o)
                                0x26a (size before relaxing)
 .debug_str     0x00001ef4      0x1c7 .\CortexM3\ARM_GCC_541\Debug\Interrupt_Priority.a(ADC_DelSig_1_Ext_CP_Clk.o)
                                0x3da (size before relaxing)
 .debug_str     0x000020bb      0x1bb .\CortexM3\ARM_GCC_541\Debug\Interrupt_Priority.a(ADC_DelSig_1_theACLK.o)
                                0x40b (size before relaxing)
 .debug_str     0x00002276      0x1bb .\CortexM3\ARM_GCC_541\Debug\Interrupt_Priority.a(CyFlash.o)
                                0x3ec (size before relaxing)
 .debug_str     0x00002431       0xac .\CortexM3\ARM_GCC_541\Debug\Interrupt_Priority.a(CySpc.o)
                                0x364 (size before relaxing)

.debug_loc      0x00000000     0x2568
 *(.debug_loc)
 .debug_loc     0x00000000      0x219 .\CortexM3\ARM_GCC_541\Debug\cyfitter_cfg.o
 .debug_loc     0x00000219      0x144 .\CortexM3\ARM_GCC_541\Debug\Cm3Start.o
 .debug_loc     0x0000035d       0x6b .\CortexM3\ARM_GCC_541\Debug\Interrupt_Priority.a(Timer.o)
 .debug_loc     0x000003c8       0x56 .\CortexM3\ARM_GCC_541\Debug\Interrupt_Priority.a(Timer_Interrupt.o)
 .debug_loc     0x0000041e      0xa11 .\CortexM3\ARM_GCC_541\Debug\Interrupt_Priority.a(CyLib.o)
 .debug_loc     0x00000e2f      0x1e4 .\CortexM3\ARM_GCC_541\Debug\Interrupt_Priority.a(cyPm.o)
 .debug_loc     0x00001013       0x21 .\CortexM3\ARM_GCC_541\Debug\Interrupt_Priority.a(cyutils.o)
 .debug_loc     0x00001034       0x6b .\CortexM3\ARM_GCC_541\Debug\Interrupt_Priority.a(Timer2.o)
 .debug_loc     0x0000109f       0x56 .\CortexM3\ARM_GCC_541\Debug\Interrupt_Priority.a(Timer2_Interrupt.o)
 .debug_loc     0x000010f5      0x681 .\CortexM3\ARM_GCC_541\Debug\Interrupt_Priority.a(ADC_DelSig_1.o)
 .debug_loc     0x00001776       0x56 .\CortexM3\ARM_GCC_541\Debug\Interrupt_Priority.a(ADC_Interrupt.o)
 .debug_loc     0x000017cc       0x6c .\CortexM3\ARM_GCC_541\Debug\Interrupt_Priority.a(ADC_DelSig_1_AMux.o)
 .debug_loc     0x00001838      0x12c .\CortexM3\ARM_GCC_541\Debug\Interrupt_Priority.a(ADC_DelSig_1_Ext_CP_Clk.o)
 .debug_loc     0x00001964      0x14d .\CortexM3\ARM_GCC_541\Debug\Interrupt_Priority.a(ADC_DelSig_1_theACLK.o)
 .debug_loc     0x00001ab1      0x3b2 .\CortexM3\ARM_GCC_541\Debug\Interrupt_Priority.a(CyFlash.o)
 .debug_loc     0x00001e63      0x705 .\CortexM3\ARM_GCC_541\Debug\Interrupt_Priority.a(CySpc.o)

.debug_macinfo
 *(.debug_macinfo)

.debug_ranges   0x00000000      0x938
 *(.debug_ranges)
 .debug_ranges  0x00000000       0x28 .\CortexM3\ARM_GCC_541\Debug\main.o
 .debug_ranges  0x00000028       0x58 .\CortexM3\ARM_GCC_541\Debug\cyfitter_cfg.o
 .debug_ranges  0x00000080       0x38 .\CortexM3\ARM_GCC_541\Debug\Cm3Start.o
 .debug_ranges  0x000000b8       0x80 .\CortexM3\ARM_GCC_541\Debug\Interrupt_Priority.a(Timer.o)
 .debug_ranges  0x00000138       0x70 .\CortexM3\ARM_GCC_541\Debug\Interrupt_Priority.a(Timer_Interrupt.o)
 .debug_ranges  0x000001a8      0x290 .\CortexM3\ARM_GCC_541\Debug\Interrupt_Priority.a(CyLib.o)
 .debug_ranges  0x00000438       0x88 .\CortexM3\ARM_GCC_541\Debug\Interrupt_Priority.a(cyPm.o)
 .debug_ranges  0x000004c0       0x10 .\CortexM3\ARM_GCC_541\Debug\Interrupt_Priority.a(cyutils.o)
 .debug_ranges  0x000004d0       0x18 .\CortexM3\ARM_GCC_541\Debug\Interrupt_Priority.a(LED_Drive.o)
 .debug_ranges  0x000004e8       0x80 .\CortexM3\ARM_GCC_541\Debug\Interrupt_Priority.a(Timer2.o)
 .debug_ranges  0x00000568       0x70 .\CortexM3\ARM_GCC_541\Debug\Interrupt_Priority.a(Timer2_Interrupt.o)
 .debug_ranges  0x000005d8       0x18 .\CortexM3\ARM_GCC_541\Debug\Interrupt_Priority.a(Marker2.o)
 .debug_ranges  0x000005f0       0xd8 .\CortexM3\ARM_GCC_541\Debug\Interrupt_Priority.a(ADC_DelSig_1.o)
 .debug_ranges  0x000006c8       0x28 .\CortexM3\ARM_GCC_541\Debug\Interrupt_Priority.a(ADC_DelSig_1_INT.o)
 .debug_ranges  0x000006f0       0x70 .\CortexM3\ARM_GCC_541\Debug\Interrupt_Priority.a(ADC_Interrupt.o)
 .debug_ranges  0x00000760       0x20 .\CortexM3\ARM_GCC_541\Debug\Interrupt_Priority.a(ADC_DelSig_1_AMux.o)
 .debug_ranges  0x00000780       0x60 .\CortexM3\ARM_GCC_541\Debug\Interrupt_Priority.a(ADC_DelSig_1_Ext_CP_Clk.o)
 .debug_ranges  0x000007e0       0x70 .\CortexM3\ARM_GCC_541\Debug\Interrupt_Priority.a(ADC_DelSig_1_theACLK.o)
 .debug_ranges  0x00000850       0x78 .\CortexM3\ARM_GCC_541\Debug\Interrupt_Priority.a(CyFlash.o)
 .debug_ranges  0x000008c8       0x70 .\CortexM3\ARM_GCC_541\Debug\Interrupt_Priority.a(CySpc.o)

.comment        0x00000000       0x6e
 .comment       0x00000000       0x6e .\CortexM3\ARM_GCC_541\Debug\main.o
                                 0x6f (size before relaxing)
 .comment       0x0000006e       0x6f .\CortexM3\ARM_GCC_541\Debug\cyfitter_cfg.o
 .comment       0x0000006e       0x6f .\CortexM3\ARM_GCC_541\Debug\cymetadata.o
 .comment       0x0000006e       0x6f .\CortexM3\ARM_GCC_541\Debug\Cm3Start.o
 .comment       0x0000006e       0x6f .\CortexM3\ARM_GCC_541\Debug\Interrupt_Priority.a(Timer.o)
 .comment       0x0000006e       0x6f .\CortexM3\ARM_GCC_541\Debug\Interrupt_Priority.a(Timer_Interrupt.o)
 .comment       0x0000006e       0x6f .\CortexM3\ARM_GCC_541\Debug\Interrupt_Priority.a(CyLib.o)
 .comment       0x0000006e       0x6f .\CortexM3\ARM_GCC_541\Debug\Interrupt_Priority.a(cyPm.o)
 .comment       0x0000006e       0x6f .\CortexM3\ARM_GCC_541\Debug\Interrupt_Priority.a(cyutils.o)
 .comment       0x0000006e       0x6f .\CortexM3\ARM_GCC_541\Debug\Interrupt_Priority.a(LED_Drive.o)
 .comment       0x0000006e       0x6f .\CortexM3\ARM_GCC_541\Debug\Interrupt_Priority.a(Timer2.o)
 .comment       0x0000006e       0x6f .\CortexM3\ARM_GCC_541\Debug\Interrupt_Priority.a(Timer2_Interrupt.o)
 .comment       0x0000006e       0x6f .\CortexM3\ARM_GCC_541\Debug\Interrupt_Priority.a(Marker2.o)
 .comment       0x0000006e       0x6f .\CortexM3\ARM_GCC_541\Debug\Interrupt_Priority.a(ADC_DelSig_1.o)
 .comment       0x0000006e       0x6f .\CortexM3\ARM_GCC_541\Debug\Interrupt_Priority.a(ADC_DelSig_1_INT.o)
 .comment       0x0000006e       0x6f .\CortexM3\ARM_GCC_541\Debug\Interrupt_Priority.a(ADC_Interrupt.o)
 .comment       0x0000006e       0x6f .\CortexM3\ARM_GCC_541\Debug\Interrupt_Priority.a(ADC_DelSig_1_AMux.o)
 .comment       0x0000006e       0x6f .\CortexM3\ARM_GCC_541\Debug\Interrupt_Priority.a(ADC_DelSig_1_Ext_CP_Clk.o)
 .comment       0x0000006e       0x6f .\CortexM3\ARM_GCC_541\Debug\Interrupt_Priority.a(ADC_DelSig_1_theACLK.o)
 .comment       0x0000006e       0x6f .\CortexM3\ARM_GCC_541\Debug\Interrupt_Priority.a(CyFlash.o)
 .comment       0x0000006e       0x6f .\CortexM3\ARM_GCC_541\Debug\Interrupt_Priority.a(CySpc.o)

.debug_weaknames
 *(.debug_weaknames)

.debug_funcnames
 *(.debug_funcnames)

.debug_typenames
 *(.debug_typenames)

.debug_varnames
 *(.debug_varnames)

.note.gnu.arm.ident
 *(.note.gnu.arm.ident)

.ARM.attributes
                0x00000000       0x29
 *(.ARM.attributes)
 .ARM.attributes
                0x00000000       0x1d c:/program files (x86)/cypress/psoc creator/4.2/psoc creator/import/gnu/arm/5.4.1/bin/../lib/gcc/arm-none-eabi/5.4.1/armv7-m/crti.o
 .ARM.attributes
                0x0000001d       0x2d c:/program files (x86)/cypress/psoc creator/4.2/psoc creator/import/gnu/arm/5.4.1/bin/../lib/gcc/arm-none-eabi/5.4.1/armv7-m/crtbegin.o
 .ARM.attributes
                0x0000004a       0x1b c:/program files (x86)/cypress/psoc creator/4.2/psoc creator/import/gnu/arm/5.4.1/bin/../lib/gcc/arm-none-eabi/5.4.1/../../../../arm-none-eabi/lib/armv7-m/crt0.o
 .ARM.attributes
                0x00000065       0x33 .\CortexM3\ARM_GCC_541\Debug\main.o
 .ARM.attributes
                0x00000098       0x33 .\CortexM3\ARM_GCC_541\Debug\cyfitter_cfg.o
 .ARM.attributes
                0x000000cb       0x33 .\CortexM3\ARM_GCC_541\Debug\cymetadata.o
 .ARM.attributes
                0x000000fe       0x33 .\CortexM3\ARM_GCC_541\Debug\Cm3Start.o
 .ARM.attributes
                0x00000131       0x33 .\CortexM3\ARM_GCC_541\Debug\Interrupt_Priority.a(Timer.o)
 .ARM.attributes
                0x00000164       0x33 .\CortexM3\ARM_GCC_541\Debug\Interrupt_Priority.a(Timer_Interrupt.o)
 .ARM.attributes
                0x00000197       0x33 .\CortexM3\ARM_GCC_541\Debug\Interrupt_Priority.a(CyLib.o)
 .ARM.attributes
                0x000001ca       0x33 .\CortexM3\ARM_GCC_541\Debug\Interrupt_Priority.a(cyPm.o)
 .ARM.attributes
                0x000001fd       0x33 .\CortexM3\ARM_GCC_541\Debug\Interrupt_Priority.a(cyutils.o)
 .ARM.attributes
                0x00000230       0x33 .\CortexM3\ARM_GCC_541\Debug\Interrupt_Priority.a(LED_Drive.o)
 .ARM.attributes
                0x00000263       0x33 .\CortexM3\ARM_GCC_541\Debug\Interrupt_Priority.a(Timer2.o)
 .ARM.attributes
                0x00000296       0x33 .\CortexM3\ARM_GCC_541\Debug\Interrupt_Priority.a(Timer2_Interrupt.o)
 .ARM.attributes
                0x000002c9       0x33 .\CortexM3\ARM_GCC_541\Debug\Interrupt_Priority.a(Marker2.o)
 .ARM.attributes
                0x000002fc       0x33 .\CortexM3\ARM_GCC_541\Debug\Interrupt_Priority.a(ADC_DelSig_1.o)
 .ARM.attributes
                0x0000032f       0x33 .\CortexM3\ARM_GCC_541\Debug\Interrupt_Priority.a(ADC_DelSig_1_INT.o)
 .ARM.attributes
                0x00000362       0x33 .\CortexM3\ARM_GCC_541\Debug\Interrupt_Priority.a(ADC_Interrupt.o)
 .ARM.attributes
                0x00000395       0x33 .\CortexM3\ARM_GCC_541\Debug\Interrupt_Priority.a(ADC_DelSig_1_AMux.o)
 .ARM.attributes
                0x000003c8       0x33 .\CortexM3\ARM_GCC_541\Debug\Interrupt_Priority.a(ADC_DelSig_1_Ext_CP_Clk.o)
 .ARM.attributes
                0x000003fb       0x33 .\CortexM3\ARM_GCC_541\Debug\Interrupt_Priority.a(ADC_DelSig_1_theACLK.o)
 .ARM.attributes
                0x0000042e       0x21 .\CortexM3\ARM_GCC_541\Debug\Interrupt_Priority.a(CyBootAsmGnu.o)
 .ARM.attributes
                0x0000044f       0x33 .\CortexM3\ARM_GCC_541\Debug\Interrupt_Priority.a(CyFlash.o)
 .ARM.attributes
                0x00000482       0x33 .\CortexM3\ARM_GCC_541\Debug\Interrupt_Priority.a(CySpc.o)
 .ARM.attributes
                0x000004b5       0x1d c:/program files (x86)/cypress/psoc creator/4.2/psoc creator/import/gnu/arm/5.4.1/bin/../lib/gcc/arm-none-eabi/5.4.1/armv7-m\libgcc.a(_arm_addsubdf3.o)
 .ARM.attributes
                0x000004d2       0x1d c:/program files (x86)/cypress/psoc creator/4.2/psoc creator/import/gnu/arm/5.4.1/bin/../lib/gcc/arm-none-eabi/5.4.1/armv7-m\libgcc.a(_arm_cmpdf2.o)
 .ARM.attributes
                0x000004ef       0x1d c:/program files (x86)/cypress/psoc creator/4.2/psoc creator/import/gnu/arm/5.4.1/bin/../lib/gcc/arm-none-eabi/5.4.1/armv7-m\libgcc.a(_arm_addsubsf3.o)
 .ARM.attributes
                0x0000050c       0x1d c:/program files (x86)/cypress/psoc creator/4.2/psoc creator/import/gnu/arm/5.4.1/bin/../lib/gcc/arm-none-eabi/5.4.1/armv7-m\libgcc.a(_arm_muldivsf3.o)
 .ARM.attributes
                0x00000529       0x1d c:/program files (x86)/cypress/psoc creator/4.2/psoc creator/import/gnu/arm/5.4.1/bin/../lib/gcc/arm-none-eabi/5.4.1/armv7-m\libgcc.a(_arm_fixunssfsi.o)
 .ARM.attributes
                0x00000546       0x2d c:/program files (x86)/cypress/psoc creator/4.2/psoc creator/import/gnu/arm/5.4.1/bin/../lib/gcc/arm-none-eabi/5.4.1/../../../../arm-none-eabi/lib/armv7-m\libg_nano.a(lib_a-errno.o)
 .ARM.attributes
                0x00000573       0x2d c:/program files (x86)/cypress/psoc creator/4.2/psoc creator/import/gnu/arm/5.4.1/bin/../lib/gcc/arm-none-eabi/5.4.1/../../../../arm-none-eabi/lib/armv7-m\libg_nano.a(lib_a-exit.o)
 .ARM.attributes
                0x000005a0       0x2d c:/program files (x86)/cypress/psoc creator/4.2/psoc creator/import/gnu/arm/5.4.1/bin/../lib/gcc/arm-none-eabi/5.4.1/../../../../arm-none-eabi/lib/armv7-m\libg_nano.a(lib_a-impure.o)
 .ARM.attributes
                0x000005cd       0x2d c:/program files (x86)/cypress/psoc creator/4.2/psoc creator/import/gnu/arm/5.4.1/bin/../lib/gcc/arm-none-eabi/5.4.1/../../../../arm-none-eabi/lib/armv7-m\libg_nano.a(lib_a-init.o)
 .ARM.attributes
                0x000005fa       0x2d c:/program files (x86)/cypress/psoc creator/4.2/psoc creator/import/gnu/arm/5.4.1/bin/../lib/gcc/arm-none-eabi/5.4.1/../../../../arm-none-eabi/lib/armv7-m\libg_nano.a(lib_a-memcpy-stub.o)
 .ARM.attributes
                0x00000627       0x2d c:/program files (x86)/cypress/psoc creator/4.2/psoc creator/import/gnu/arm/5.4.1/bin/../lib/gcc/arm-none-eabi/5.4.1/../../../../arm-none-eabi/lib/armv7-m\libg_nano.a(lib_a-memset.o)
 .ARM.attributes
                0x00000654       0x2d c:/program files (x86)/cypress/psoc creator/4.2/psoc creator/import/gnu/arm/5.4.1/bin/../lib/gcc/arm-none-eabi/5.4.1/armv7-m/crtend.o
 .ARM.attributes
                0x00000681       0x1d c:/program files (x86)/cypress/psoc creator/4.2/psoc creator/import/gnu/arm/5.4.1/bin/../lib/gcc/arm-none-eabi/5.4.1/armv7-m/crtn.o

/DISCARD/
 *(.note.GNU-stack)
OUTPUT(C:\Users\George Anwar\Documents\UC Berkeley\ME135 Spring 2020\PSOC Creator\ME135_235\Interrupt_Priority.cydsn\CortexM3\ARM_GCC_541\Debug\Interrupt_Priority.elf elf32-littlearm)
